Component: ARM Compiler 5.06 update 6 (build 750) Tool: armlink [4d35ed]

==============================================================================

Section Cross References

    startup_stm32f427xx.o(RESET) refers to startup_stm32f427xx.o(STACK) for __initial_sp
    startup_stm32f427xx.o(RESET) refers to startup_stm32f427xx.o(.text) for Reset_Handler
    startup_stm32f427xx.o(RESET) refers to stm32f4xx_it.o(i.NMI_Handler) for NMI_Handler
    startup_stm32f427xx.o(RESET) refers to stm32f4xx_it.o(i.HardFault_Handler) for HardFault_Handler
    startup_stm32f427xx.o(RESET) refers to stm32f4xx_it.o(i.MemManage_Handler) for MemManage_Handler
    startup_stm32f427xx.o(RESET) refers to stm32f4xx_it.o(i.BusFault_Handler) for BusFault_Handler
    startup_stm32f427xx.o(RESET) refers to stm32f4xx_it.o(i.UsageFault_Handler) for UsageFault_Handler
    startup_stm32f427xx.o(RESET) refers to port.o(.emb_text) for SVC_Handler
    startup_stm32f427xx.o(RESET) refers to stm32f4xx_it.o(i.DebugMon_Handler) for DebugMon_Handler
    startup_stm32f427xx.o(RESET) refers to stm32f4xx_it.o(i.SysTick_Handler) for SysTick_Handler
    startup_stm32f427xx.o(RESET) refers to stm32f4xx_it.o(i.DMA1_Stream1_IRQHandler) for DMA1_Stream1_IRQHandler
    startup_stm32f427xx.o(RESET) refers to stm32f4xx_it.o(i.DMA1_Stream5_IRQHandler) for DMA1_Stream5_IRQHandler
    startup_stm32f427xx.o(RESET) refers to stm32f4xx_it.o(i.DMA1_Stream6_IRQHandler) for DMA1_Stream6_IRQHandler
    startup_stm32f427xx.o(RESET) refers to stm32f4xx_it.o(i.CAN1_RX0_IRQHandler) for CAN1_RX0_IRQHandler
    startup_stm32f427xx.o(RESET) refers to stm32f4xx_it.o(i.TIM1_UP_TIM10_IRQHandler) for TIM1_UP_TIM10_IRQHandler
    startup_stm32f427xx.o(RESET) refers to stm32f4xx_it.o(i.USART1_IRQHandler) for USART1_IRQHandler
    startup_stm32f427xx.o(RESET) refers to stm32f4xx_it.o(i.DMA2_Stream1_IRQHandler) for DMA2_Stream1_IRQHandler
    startup_stm32f427xx.o(RESET) refers to stm32f4xx_it.o(i.DMA2_Stream2_IRQHandler) for DMA2_Stream2_IRQHandler
    startup_stm32f427xx.o(RESET) refers to stm32f4xx_it.o(i.CAN2_RX0_IRQHandler) for CAN2_RX0_IRQHandler
    startup_stm32f427xx.o(RESET) refers to stm32f4xx_it.o(i.USART6_IRQHandler) for USART6_IRQHandler
    startup_stm32f427xx.o(.text) refers to system_stm32f4xx.o(i.SystemInit) for SystemInit
    startup_stm32f427xx.o(.text) refers to entry.o(.ARM.Collect$$$$00000000) for __main
    system_stm32f4xx.o(i.SystemCoreClockUpdate) refers to system_stm32f4xx.o(.data) for .data
    system_stm32f4xx.o(i.SystemCoreClockUpdate) refers to system_stm32f4xx.o(.constdata) for .constdata
    cmsis_os.o(i.osDelay) refers to tasks.o(i.vTaskDelay) for vTaskDelay
    cmsis_os.o(i.osKernelRunning) refers to tasks.o(i.xTaskGetSchedulerState) for xTaskGetSchedulerState
    cmsis_os.o(i.osKernelStart) refers to tasks.o(i.vTaskStartScheduler) for vTaskStartScheduler
    cmsis_os.o(i.osKernelSysTick) refers to cmsis_os.o(i.inHandlerMode) for inHandlerMode
    cmsis_os.o(i.osKernelSysTick) refers to tasks.o(i.xTaskGetTickCountFromISR) for xTaskGetTickCountFromISR
    cmsis_os.o(i.osKernelSysTick) refers to tasks.o(i.xTaskGetTickCount) for xTaskGetTickCount
    cmsis_os.o(i.osMailAlloc) refers to cmsis_os.o(i.osPoolAlloc) for osPoolAlloc
    cmsis_os.o(i.osMailCAlloc) refers to cmsis_os.o(i.osMailAlloc) for osMailAlloc
    cmsis_os.o(i.osMailCreate) refers to heap_4.o(i.pvPortMalloc) for pvPortMalloc
    cmsis_os.o(i.osMailCreate) refers to queue.o(i.xQueueGenericCreate) for xQueueGenericCreate
    cmsis_os.o(i.osMailCreate) refers to cmsis_os.o(i.osPoolCreate) for osPoolCreate
    cmsis_os.o(i.osMailCreate) refers to heap_4.o(i.vPortFree) for vPortFree
    cmsis_os.o(i.osMailFree) refers to cmsis_os.o(i.osPoolFree) for osPoolFree
    cmsis_os.o(i.osMailGet) refers to cmsis_os.o(i.inHandlerMode) for inHandlerMode
    cmsis_os.o(i.osMailGet) refers to queue.o(i.xQueueReceiveFromISR) for xQueueReceiveFromISR
    cmsis_os.o(i.osMailGet) refers to queue.o(i.xQueueGenericReceive) for xQueueGenericReceive
    cmsis_os.o(i.osMailPut) refers to cmsis_os.o(i.inHandlerMode) for inHandlerMode
    cmsis_os.o(i.osMailPut) refers to queue.o(i.xQueueGenericSendFromISR) for xQueueGenericSendFromISR
    cmsis_os.o(i.osMailPut) refers to queue.o(i.xQueueGenericSend) for xQueueGenericSend
    cmsis_os.o(i.osMessageCreate) refers to queue.o(i.xQueueGenericCreate) for xQueueGenericCreate
    cmsis_os.o(i.osMessageGet) refers to cmsis_os.o(i.inHandlerMode) for inHandlerMode
    cmsis_os.o(i.osMessageGet) refers to queue.o(i.xQueueReceiveFromISR) for xQueueReceiveFromISR
    cmsis_os.o(i.osMessageGet) refers to queue.o(i.xQueueGenericReceive) for xQueueGenericReceive
    cmsis_os.o(i.osMessagePeek) refers to queue.o(i.xQueueGenericReceive) for xQueueGenericReceive
    cmsis_os.o(i.osMessagePut) refers to cmsis_os.o(i.inHandlerMode) for inHandlerMode
    cmsis_os.o(i.osMessagePut) refers to queue.o(i.xQueueGenericSendFromISR) for xQueueGenericSendFromISR
[...]
    i.HAL_Init                               0x08001a5c   Section        0  stm32f4xx_hal.o(i.HAL_Init)
    i.HAL_InitTick                           0x08001a90   Section        0  stm32f4xx_hal_timebase_tim.o(i.HAL_InitTick)
    i.HAL_MspInit                            0x08001b04   Section        0  stm32f4xx_hal_msp.o(i.HAL_MspInit)
    i.HAL_NVIC_EnableIRQ                     0x08001b5c   Section        0  stm32f4xx_hal_cortex.o(i.HAL_NVIC_EnableIRQ)
    i.HAL_NVIC_SetPriority                   0x08001b74   Section        0  stm32f4xx_hal_cortex.o(i.HAL_NVIC_SetPriority)
    i.HAL_NVIC_SetPriorityGrouping           0x08001bb4   Section        0  stm32f4xx_hal_cortex.o(i.HAL_NVIC_SetPriorityGrouping)
    i.HAL_RCC_ClockConfig                    0x08001bd8   Section        0  stm32f4xx_hal_rcc.o(i.HAL_RCC_ClockConfig)
    i.HAL_RCC_GetClockConfig                 0x08001d54   Section        0  stm32f4xx_hal_rcc.o(i.HAL_RCC_GetClockConfig)
    i.HAL_RCC_GetHCLKFreq                    0x08001d94   Section        0  stm32f4xx_hal_rcc.o(i.HAL_RCC_GetHCLKFreq)
    i.HAL_RCC_GetPCLK1Freq                   0x08001da0   Section        0  stm32f4xx_hal_rcc.o(i.HAL_RCC_GetPCLK1Freq)
    i.HAL_RCC_GetPCLK2Freq                   0x08001dd0   Section        0  stm32f4xx_hal_rcc.o(i.HAL_RCC_GetPCLK2Freq)
    i.HAL_RCC_GetSysClockFreq                0x08001e00   Section        0  stm32f4xx_hal_rcc.o(i.HAL_RCC_GetSysClockFreq)
    i.HAL_RCC_OscConfig                      0x08001e74   Section        0  stm32f4xx_hal_rcc.o(i.HAL_RCC_OscConfig)
    i.HAL_SYSTICK_CLKSourceConfig            0x08002158   Section        0  stm32f4xx_hal_cortex.o(i.HAL_SYSTICK_CLKSourceConfig)
    i.HAL_SYSTICK_Config                     0x08002170   Section        0  stm32f4xx_hal_cortex.o(i.HAL_SYSTICK_Config)
    i.HAL_TIMEx_BreakCallback                0x08002198   Section        0  stm32f4xx_hal_tim_ex.o(i.HAL_TIMEx_BreakCallback)
    i.HAL_TIMEx_CommutationCallback          0x0800219a   Section        0  stm32f4xx_hal_tim_ex.o(i.HAL_TIMEx_CommutationCallback)
    i.HAL_TIMEx_MasterConfigSynchronization  0x0800219c   Section        0  stm32f4xx_hal_tim_ex.o(i.HAL_TIMEx_MasterConfigSynchronization)
    i.HAL_TIM_Base_Init                      0x080021ec   Section        0  stm32f4xx_hal_tim.o(i.HAL_TIM_Base_Init)
    i.HAL_TIM_Base_MspInit                   0x08002222   Section        0  stm32f4xx_hal_tim.o(i.HAL_TIM_Base_MspInit)
    i.HAL_TIM_Base_Start_IT                  0x08002224   Section        0  stm32f4xx_hal_tim.o(i.HAL_TIM_Base_Start_IT)
    i.HAL_TIM_IC_CaptureCallback             0x0800223c   Section        0  stm32f4xx_hal_tim.o(i.HAL_TIM_IC_CaptureCallback)
    i.HAL_TIM_IRQHandler                     0x0800223e   Section        0  stm32f4xx_hal_tim.o(i.HAL_TIM_IRQHandler)
    i.HAL_TIM_MspPostInit                    0x080023a4   Section        0  tim.o(i.HAL_TIM_MspPostInit)
    i.HAL_TIM_OC_DelayElapsedCallback        0x080023d8   Section        0  stm32f4xx_hal_tim.o(i.HAL_TIM_OC_DelayElapsedCallback)
    i.HAL_TIM_PWM_ConfigChannel              0x080023da   Section        0  stm32f4xx_hal_tim.o(i.HAL_TIM_PWM_ConfigChannel)
    i.HAL_TIM_PWM_Init                       0x080024aa   Section        0  stm32f4xx_hal_tim.o(i.HAL_TIM_PWM_Init)
    i.HAL_TIM_PWM_MspInit                    0x080024e0   Section        0  tim.o(i.HAL_TIM_PWM_MspInit)
    i.HAL_TIM_PWM_PulseFinishedCallback      0x08002508   Section        0  stm32f4xx_hal_tim.o(i.HAL_TIM_PWM_PulseFinishedCallback)
    i.HAL_TIM_PWM_Start                      0x0800250c   Section        0  stm32f4xx_hal_tim.o(i.HAL_TIM_PWM_Start)
    i.HAL_TIM_PeriodElapsedCallback          0x08002544   Section        0  main.o(i.HAL_TIM_PeriodElapsedCallback)
    i.HAL_TIM_TriggerCallback                0x08002558   Section        0  stm32f4xx_hal_tim.o(i.HAL_TIM_TriggerCallback)
    i.HAL_UART_ErrorCallback                 0x0800255a   Section        0  stm32f4xx_hal_uart.o(i.HAL_UART_ErrorCallback)
    i.HAL_UART_IRQHandler                    0x0800255c   Section        0  stm32f4xx_hal_uart.o(i.HAL_UART_IRQHandler)
    i.HAL_UART_Init                          0x0800266c   Section        0  stm32f4xx_hal_uart.o(i.HAL_UART_Init)
    i.HAL_UART_MspInit                       0x080026d0   Section        0  usart.o(i.HAL_UART_MspInit)
    i.HAL_UART_Receive_DMA                   0x0800297c   Section        0  stm32f4xx_hal_uart.o(i.HAL_UART_Receive_DMA)
    i.HAL_UART_RxCpltCallback                0x08002a0c   Section        0  stm32f4xx_hal_uart.o(i.HAL_UART_RxCpltCallback)
    i.HAL_UART_RxHalfCpltCallback            0x08002a0e   Section        0  stm32f4xx_hal_uart.o(i.HAL_UART_RxHalfCpltCallback)
    i.HAL_UART_TxCpltCallback                0x08002a10   Section        0  stm32f4xx_hal_uart.o(i.HAL_UART_TxCpltCallback)
    i.HardFault_Handler                      0x08002a12   Section        0  stm32f4xx_it.o(i.HardFault_Handler)
    i.LPF_1st                                0x08002a14   Section        0  pid.o(i.LPF_1st)
    i.MX_CAN1_Init                           0x08002a28   Section        0  can.o(i.MX_CAN1_Init)
    i.MX_CAN2_Init                           0x08002a6c   Section        0  can.o(i.MX_CAN2_Init)
    i.MX_DMA_Init                            0x08002ab4   Section        0  dma.o(i.MX_DMA_Init)
    i.MX_FREERTOS_Init                       0x08002b20   Section        0  freertos.o(i.MX_FREERTOS_Init)
    i.MX_GPIO_Init                           0x08002b74   Section        0  gpio.o(i.MX_GPIO_Init)
    i.MX_TIM5_Init                           0x08002cd0   Section        0  tim.o(i.MX_TIM5_Init)
    i.MX_UART8_Init                          0x08002d44   Section        0  usart.o(i.MX_UART8_Init)
    i.MX_USART1_UART_Init                    0x08002d7c   Section        0  usart.o(i.MX_USART1_UART_Init)
    i.MX_USART2_UART_Init                    0x08002db8   Section        0  usart.o(i.MX_USART2_UART_Init)
    i.MX_USART3_UART_Init                    0x08002df0   Section        0  usart.o(i.MX_USART3_UART_Init)
    i.MX_USART6_UART_Init                    0x08002e28   Section        0  usart.o(i.MX_USART6_UART_Init)
    i.MemManage_Handler                      0x08002e60   Section        0  stm32f4xx_it.o(i.MemManage_Handler)
    i.MiniPC_Data_task                       0x08002e64   Section        0  date_pro_task.o(i.MiniPC_Data_task)
    i.NMI_Handler                            0x08002f28   Section        0  stm32f4xx_it.o(i.NMI_Handler)
    i.NVIC_SetPriority                       0x08002f2a   Section        0  stm32f4xx_hal_cortex.o(i.NVIC_SetPriority)
    NVIC_SetPriority                         0x08002f2b   Thumb Code    32  stm32f4xx_hal_cortex.o(i.NVIC_SetPriority)
    i.PID_struct_init                        0x08002f4c   Section        0  pid.o(i.PID_struct_init)
    i.RefreshDeviceOutLineTime               0x08002f64   Section        0  systemstate.o(i.RefreshDeviceOutLineTime)
    i.RefreshTaskOutLineTime                 0x08002f84   Section        0  systemstate.o(i.RefreshTaskOutLineTime)
    i.Remote_Ctrl                            0x08002fa4   Section        0  communication.o(i.Remote_Ctrl)
    i.StartDefaultTask                       0x0800300c   Section        0  freertos.o(i.StartDefaultTask)
    i.SysTick_Handler                        0x08003014   Section        0  stm32f4xx_it.o(i.SysTick_Handler)
    i.SystemClock_Config                     0x08003018   Section        0  main.o(i.SystemClock_Config)
    i.SystemInit                             0x080030b8   Section        0  system_stm32f4xx.o(i.SystemInit)
    i.TIM1_UP_TIM10_IRQHandler               0x0800310c   Section        0  stm32f4xx_it.o(i.TIM1_UP_TIM10_IRQHandler)
    i.TIM5_PWM_Init                          0x08003118   Section        0  tim.o(i.TIM5_PWM_Init)
    i.TIM_Base_SetConfig                     0x08003128   Section        0  stm32f4xx_hal_tim.o(i.TIM_Base_SetConfig)
    i.TIM_CCxChannelCmd                      0x080031e8   Section        0  stm32f4xx_hal_tim.o(i.TIM_CCxChannelCmd)
    i.TIM_OC1_SetConfig                      0x08003200   Section        0  stm32f4xx_hal_tim.o(i.TIM_OC1_SetConfig)
    TIM_OC1_SetConfig                        0x08003201   Thumb Code    80  stm32f4xx_hal_tim.o(i.TIM_OC1_SetConfig)
    i.TIM_OC2_SetConfig                      0x08003258   Section        0  stm32f4xx_hal_tim.o(i.TIM_OC2_SetConfig)
    i.TIM_OC3_SetConfig                      0x080032bc   Section        0  stm32f4xx_hal_tim.o(i.TIM_OC3_SetConfig)
    TIM_OC3_SetConfig                        0x080032bd   Thumb Code    88  stm32f4xx_hal_tim.o(i.TIM_OC3_SetConfig)
    i.TIM_OC4_SetConfig                      0x0800331c   Section        0  stm32f4xx_hal_tim.o(i.TIM_OC4_SetConfig)
    TIM_OC4_SetConfig                        0x0800331d   Thumb Code    70  stm32f4xx_hal_tim.o(i.TIM_OC4_SetConfig)
    i.UART_DMAAbortOnError                   0x0800336c   Section        0  stm32f4xx_hal_uart.o(i.UART_DMAAbortOnError)
    UART_DMAAbortOnError                     0x0800336d   Thumb Code    16  stm32f4xx_hal_uart.o(i.UART_DMAAbortOnError)
    i.UART_DMAError                          0x0800337c   Section        0  stm32f4xx_hal_uart.o(i.UART_DMAError)
    UART_DMAError                            0x0800337d   Thumb Code    74  stm32f4xx_hal_uart.o(i.UART_DMAError)
    i.UART_DMAReceiveCplt                    0x080033c6   Section        0  stm32f4xx_hal_uart.o(i.UART_DMAReceiveCplt)
    UART_DMAReceiveCplt                      0x080033c7   Thumb Code    60  stm32f4xx_hal_uart.o(i.UART_DMAReceiveCplt)
    i.UART_DMARxHalfCplt                     0x08003402   Section        0  stm32f4xx_hal_uart.o(i.UART_DMARxHalfCplt)
    UART_DMARxHalfCplt                       0x08003403   Thumb Code    10  stm32f4xx_hal_uart.o(i.UART_DMARxHalfCplt)
    i.UART_EndRxTransfer                     0x0800340c   Section        0  stm32f4xx_hal_uart.o(i.UART_EndRxTransfer)
    UART_EndRxTransfer                       0x0800340d   Thumb Code    28  stm32f4xx_hal_uart.o(i.UART_EndRxTransfer)
    i.UART_EndTxTransfer                     0x08003428   Section        0  stm32f4xx_hal_uart.o(i.UART_EndTxTransfer)
    UART_EndTxTransfer                       0x08003429   Thumb Code    18  stm32f4xx_hal_uart.o(i.UART_EndTxTransfer)
    i.UART_Receive_IT                        0x0800343a   Section        0  stm32f4xx_hal_uart.o(i.UART_Receive_IT)
    UART_Receive_IT                          0x0800343b   Thumb Code   140  stm32f4xx_hal_uart.o(i.UART_Receive_IT)
    i.UART_SetConfig                         0x080034c8   Section        0  stm32f4xx_hal_uart.o(i.UART_SetConfig)
    UART_SetConfig                           0x080034c9   Thumb Code   676  stm32f4xx_hal_uart.o(i.UART_SetConfig)
    i.UART_Transmit_IT                       0x08003774   Section        0  stm32f4xx_hal_uart.o(i.UART_Transmit_IT)
    UART_Transmit_IT                         0x08003775   Thumb Code    98  stm32f4xx_hal_uart.o(i.UART_Transmit_IT)
    i.USART1_IRQHandler                      0x080037d8   Section        0  stm32f4xx_it.o(i.USART1_IRQHandler)
    i.USART6_IRQHandler                      0x08003834   Section        0  stm32f4xx_it.o(i.USART6_IRQHandler)
    i.UsageFault_Handler                     0x0800389c   Section        0  stm32f4xx_it.o(i.UsageFault_Handler)
    i.__hardfp_fmod                          0x080038a0   Section        0  fmod.o(i.__hardfp_fmod)
    i.__mathlib_dbl_invalid                  0x080039a8   Section        0  dunder.o(i.__mathlib_dbl_invalid)
    i.__scatterload_copy                     0x080039c8   Section       14  handlers.o(i.__scatterload_copy)
    i.__scatterload_null                     0x080039d6   Section        2  handlers.o(i.__scatterload_null)
    i.__scatterload_zeroinit                 0x080039d8   Section       14  handlers.o(i.__scatterload_zeroinit)
    i.__set_errno                            0x080039e8   Section        0  errno.o(i.__set_errno)
    i.first_order_filter_cali                0x080039f4   Section        0  user_lib.o(i.first_order_filter_cali)
    i.first_order_filter_init                0x08003a42   Section        0  user_lib.o(i.first_order_filter_init)
    i.get_moto_measure_3508                  0x08003a54   Section        0  motor_use_can.o(i.get_moto_measure_3508)
    i.get_moto_offset                        0x08003a9c   Section        0  motor_use_can.o(i.get_moto_offset)
    i.gimbal_pid_init                        0x08003aa8   Section        0  gimbal_task.o(i.gimbal_pid_init)
    i.gong_ji                                0x08003b7c   Section        0  gimbal_task.o(i.gong_ji)
    i.main                                   0x08003cac   Section        0  main.o(i.main)
    i.makeFreeRtosPriority                   0x08003cca   Section        0  cmsis_os.o(i.makeFreeRtosPriority)
    makeFreeRtosPriority                     0x08003ccb   Thumb Code    12  cmsis_os.o(i.makeFreeRtosPriority)
    i.osDelay                                0x08003cd6   Section        0  cmsis_os.o(i.osDelay)
    i.osKernelStart                          0x08003ce4   Section        0  cmsis_os.o(i.osKernelStart)
    i.osSystickHandler                       0x08003cee   Section        0  cmsis_os.o(i.osSystickHandler)
    i.osThreadCreate                         0x08003d02   Section        0  cmsis_os.o(i.osThreadCreate)
    i.pid_calc                               0x08003d3c   Section        0  pid.o(i.pid_calc)
    i.pid_param_init                         0x08003f18   Section        0  pid.o(i.pid_param_init)
    pid_param_init                           0x08003f19   Thumb Code    14  pid.o(i.pid_param_init)
    i.pid_reset                              0x08003f26   Section        0  pid.o(i.pid_reset)
    pid_reset                                0x08003f27   Thumb Code     6  pid.o(i.pid_reset)
    i.prvAddCurrentTaskToDelayedList         0x08003f2c   Section        0  tasks.o(i.prvAddCurrentTaskToDelayedList)
    prvAddCurrentTaskToDelayedList           0x08003f2d   Thumb Code    48  tasks.o(i.prvAddCurrentTaskToDelayedList)
    i.prvCheckTasksWaitingTermination        0x08003f60   Section        0  tasks.o(i.prvCheckTasksWaitingTermination)
    prvCheckTasksWaitingTermination          0x08003f61   Thumb Code    76  tasks.o(i.prvCheckTasksWaitingTermination)
    i.prvHeapInit                            0x08003fb4   Section        0  heap_4.o(i.prvHeapInit)
    prvHeapInit                              0x08003fb5   Thumb Code    66  heap_4.o(i.prvHeapInit)
    i.prvIdleTask                            0x08004000   Section        0  tasks.o(i.prvIdleTask)
    prvIdleTask                              0x08004001   Thumb Code    30  tasks.o(i.prvIdleTask)
    i.prvInsertBlockIntoFreeList             0x08004028   Section        0  heap_4.o(i.prvInsertBlockIntoFreeList)
    prvInsertBlockIntoFreeList               0x08004029   Thumb Code    72  heap_4.o(i.prvInsertBlockIntoFreeList)
    i.prvResetNextTaskUnblockTime            0x08004074   Section        0  tasks.o(i.prvResetNextTaskUnblockTime)
    prvResetNextTaskUnblockTime              0x08004075   Thumb Code    26  tasks.o(i.prvResetNextTaskUnblockTime)
    i.prvTaskExitError                       0x08004094   Section        0  port.o(i.prvTaskExitError)
    prvTaskExitError                         0x08004095   Thumb Code    36  port.o(i.prvTaskExitError)
    i.pvPortMalloc                           0x080040bc   Section        0  heap_4.o(i.pvPortMalloc)
    i.pxPortInitialiseStack                  0x08004194   Section        0  port.o(i.pxPortInitialiseStack)
    i.ramp_calc                              0x080041bc   Section        0  user_lib.o(i.ramp_calc)
    i.ramp_init                              0x0800420c   Section        0  user_lib.o(i.ramp_init)
    i.uxListRemove                           0x08004226   Section        0  list.o(i.uxListRemove)
    i.vListInitialise                        0x0800424a   Section        0  list.o(i.vListInitialise)
    i.vListInitialiseItem                    0x08004260   Section        0  list.o(i.vListInitialiseItem)
    i.vListInsert                            0x08004266   Section        0  list.o(i.vListInsert)
    i.vListInsertEnd                         0x08004296   Section        0  list.o(i.vListInsertEnd)
    i.vPortEnterCritical                     0x080042b0   Section        0  port.o(i.vPortEnterCritical)
    i.vPortExitCritical                      0x080042f0   Section        0  port.o(i.vPortExitCritical)
    i.vPortFree                              0x08004318   Section        0  heap_4.o(i.vPortFree)
    i.vPortSetupTimerInterrupt               0x08004374   Section        0  port.o(i.vPortSetupTimerInterrupt)
    i.vTaskDelay                             0x08004394   Section        0  tasks.o(i.vTaskDelay)
    i.vTaskStartScheduler                    0x080043fc   Section        0  tasks.o(i.vTaskStartScheduler)
    i.vTaskSuspendAll                        0x08004464   Section        0  tasks.o(i.vTaskSuspendAll)
    i.vTaskSwitchContext                     0x08004474   Section        0  tasks.o(i.vTaskSwitchContext)
    i.xPortStartScheduler                    0x080044d0   Section        0  port.o(i.xPortStartScheduler)
    i.xPortSysTickHandler                    0x080045b0   Section        0  port.o(i.xPortSysTickHandler)
    i.xTaskGenericCreate                     0x080045dc   Section        0  tasks.o(i.xTaskGenericCreate)
    i.xTaskGetSchedulerState                 0x08004798   Section        0  tasks.o(i.xTaskGetSchedulerState)
    i.xTaskGetTickCount                      0x080047b4   Section        0  tasks.o(i.xTaskGetTickCount)
    i.xTaskIncrementTick                     0x080047c0   Section        0  tasks.o(i.xTaskIncrementTick)
    i.xTaskResumeAll                         0x0800488c   Section        0  tasks.o(i.xTaskResumeAll)
    i.xun_han                                0x08004950   Section        0  gimbal_task.o(i.xun_han)
    .constdata                               0x08004a34   Section       16  stm32f4xx_hal_rcc.o(.constdata)
    .constdata                               0x08004a44   Section        8  stm32f4xx_hal_dma.o(.constdata)
    flagBitshiftOffset                       0x08004a44   Data           8  stm32f4xx_hal_dma.o(.constdata)
    .constdata                               0x08004a4c   Section       60  freertos.o(.constdata)
    .constdata                               0x08004a88   Section        4  gimbal_task.o(.constdata)
    pitch_order_filter                       0x08004a88   Data           4  gimbal_task.o(.constdata)
    .conststring                             0x08004a8c   Section       40  freertos.o(.conststring)
    .data                                    0x20000000   Section        4  system_stm32f4xx.o(.data)
    .data                                    0x20000004   Section       56  tasks.o(.data)
    uxTasksDeleted                           0x20000008   Data           4  tasks.o(.data)
    uxCurrentNumberOfTasks                   0x2000000c   Data           4  tasks.o(.data)
    xTickCount                               0x20000010   Data           4  tasks.o(.data)
    uxTopReadyPriority                       0x20000014   Data           4  tasks.o(.data)
    xSchedulerRunning                        0x20000018   Data           4  tasks.o(.data)
    uxPendedTicks                            0x2000001c   Data           4  tasks.o(.data)
    xYieldPending                            0x20000020   Data           4  tasks.o(.data)
    xNumOfOverflows                          0x20000024   Data           4  tasks.o(.data)
    uxTaskNumber                             0x20000028   Data           4  tasks.o(.data)
    xNextTaskUnblockTime                     0x2000002c   Data           4  tasks.o(.data)
    uxSchedulerSuspended                     0x20000030   Data           4  tasks.o(.data)
    pxDelayedTaskList                        0x20000034   Data           4  tasks.o(.data)
    pxOverflowDelayedTaskList                0x20000038   Data           4  tasks.o(.data)
    .data                                    0x2000003c   Section       24  heap_4.o(.data)
    pxEnd                                    0x2000003c   Data           4  heap_4.o(.data)
    xFreeBytesRemaining                      0x20000040   Data           4  heap_4.o(.data)
    xMinimumEverFreeBytesRemaining           0x20000044   Data           4  heap_4.o(.data)
    xBlockAllocatedBit                       0x20000048   Data           4  heap_4.o(.data)
    xStart                                   0x2000004c   Data           8  heap_4.o(.data)
    .data                                    0x20000054   Section       12  port.o(.data)
    ucMaxSysCallPriority                     0x20000054   Data           1  port.o(.data)
    uxCriticalNesting                        0x20000058   Data           4  port.o(.data)
    ulMaxPRIGROUPValue                       0x2000005c   Data           4  port.o(.data)
    .data                                    0x20000060   Section        4  stm32f4xx_hal.o(.data)
    .data                                    0x20000064   Section        1  stm32f4xx_it.o(.data)
    .data                                    0x20000068   Section       12  freertos.o(.data)
    .data                                    0x20000074   Section        4  can.o(.data)
    HAL_RCC_CAN1_CLK_ENABLED                 0x20000074   Data           4  can.o(.data)
    .data                                    0x20000078   Section        3  date_pro_task.o(.data)
    shut_flag                                0x20000079   Data           1  date_pro_task.o(.data)
    .data                                    0x2000007c   Section       52  gimbal_task.o(.data)
    Yaw_Current_Value                        0x2000007c   Data           2  gimbal_task.o(.data)
    Pitch_Current_Value                      0x2000007e   Data           2  gimbal_task.o(.data)
    llast_angle                              0x20000094   Data           4  gimbal_task.o(.data)
    .data                                    0x200000b0   Section        4  errno.o(.data)
    _errno                                   0x200000b0   Data           4  errno.o(.data)
    .bss                                     0x200000b4   Section      240  tasks.o(.bss)
    pxReadyTasksLists                        0x200000b4   Data         140  tasks.o(.bss)
    xDelayedTaskList1                        0x20000140   Data          20  tasks.o(.bss)
    xDelayedTaskList2                        0x20000154   Data          20  tasks.o(.bss)
    xPendingReadyList                        0x20000168   Data          20  tasks.o(.bss)
    xTasksWaitingTermination                 0x2000017c   Data          20  tasks.o(.bss)
    xSuspendedTaskList                       0x20000190   Data          20  tasks.o(.bss)
    .bss                                     0x200001a4   Section    15360  heap_4.o(.bss)
    ucHeap                                   0x200001a4   Data       15360  heap_4.o(.bss)
    .bss                                     0x20003da4   Section       60  stm32f4xx_hal_timebase_tim.o(.bss)
    .bss                                     0x20003de0   Section      256  can.o(.bss)
    Tx1Message                               0x20003de0   Data          28  can.o(.bss)
    Rx1Message                               0x20003dfc   Data          36  can.o(.bss)
    Tx2Message                               0x20003e20   Data          28  can.o(.bss)
    Rx2Message                               0x20003e3c   Data          36  can.o(.bss)
    .bss                                     0x20003ee0   Section      864  usart.o(.bss)
    .bss                                     0x20004240   Section       60  tim.o(.bss)
    .bss                                     0x2000427c   Section       38  communication.o(.bss)
    .bss                                     0x200042a2   Section       25  minipc.o(.bss)
    .bss                                     0x200042bc   Section      824  gimbal_task.o(.bss)
    .bss                                     0x200045f4   Section       52  systemstate.o(.bss)
    .bss                                     0x20004628   Section       44  motor_use_can.o(.bss)
    .bss                                     0x20004654   Section       44  motor_use_can.o(.bss)
    .bss                                     0x20004680   Section      168  motor_use_can.o(.bss)
    Cloud_Platform_Data                      0x20004680   Data          28  motor_use_can.o(.bss)
    Chassis_Motor_Data                       0x2000469c   Data          28  motor_use_can.o(.bss)
    Allocate_Motor_Data                      0x200046b8   Data          28  motor_use_can.o(.bss)
    CAN_Data_YK                              0x200046d4   Data          28  motor_use_can.o(.bss)
    CANSend_YT                               0x200046f0   Data          28  motor_use_can.o(.bss)
    CANSend_Error                            0x2000470c   Data          28  motor_use_can.o(.bss)
    STACK                                    0x20004728   Section     1024  startup_stm32f427xx.o(STACK)

    Global Symbols

    Symbol Name                              Value     Ov Type        Size  Object(Section)

    BuildAttributes$$THM_ISAv4$E$P$D$K$B$S$7EM$VFPi3$EXTD16$VFPS$VFMA$PE$A:L22UL41UL21$X:L11$S22US41US21$IEEE1$IW$USESV6$~STKCKD$USESV7$~SHL$OTIME$ROPI$IEEEX$EBA8$MICROLIB$REQ8$PRES8$EABIv2 0x00000000   Number         0  anon$$obj.o ABSOLUTE
    __ARM_use_no_argv                        0x00000000   Number         0  main.o ABSOLUTE
    __cpp_initialize__aeabi_                  - Undefined Weak Reference
    __cxa_finalize                            - Undefined Weak Reference
    __decompress                              - Undefined Weak Reference
    _clock_init                               - Undefined Weak Reference
    _microlib_exit                            - Undefined Weak Reference
    __Vectors_Size                           0x000001ac   Number         0  startup_stm32f427xx.o ABSOLUTE
    __Vectors                                0x08000000   Data           4  startup_stm32f427xx.o(RESET)
    __Vectors_End                            0x080001ac   Data           0  startup_stm32f427xx.o(RESET)
    __main                                   0x080001ad   Thumb Code     0  entry.o(.ARM.Collect$$$$00000000)
    _main_stk                                0x080001ad   Thumb Code     0  entry2.o(.ARM.Collect$$$$00000001)
    _main_scatterload                        0x080001b1   Thumb Code     0  entry5.o(.ARM.Collect$$$$00000004)
    __main_after_scatterload                 0x080001b5   Thumb Code     0  entry5.o(.ARM.Collect$$$$00000004)
    _main_clock                              0x080001b5   Thumb Code     0  entry7b.o(.ARM.Collect$$$$00000008)
    _main_cpp_init                           0x080001b5   Thumb Code     0  entry8b.o(.ARM.Collect$$$$0000000A)
    _main_init                               0x080001b5   Thumb Code     0  entry9a.o(.ARM.Collect$$$$0000000B)
    __rt_final_cpp                           0x080001bd   Thumb Code     0  entry10a.o(.ARM.Collect$$$$0000000D)
    __rt_final_exit                          0x080001bd   Thumb Code     0  entry11a.o(.ARM.Collect$$$$0000000F)
    SVC_Handler                              0x080001c1   Thumb Code    28  port.o(.emb_text)
    __asm___6_port_c_39a90d8d__prvStartFirstTask 0x080001e1   Thumb Code    28  port.o(.emb_text)
    __asm___6_port_c_39a90d8d__prvEnableVFP  0x08000201   Thumb Code    16  port.o(.emb_text)
    PendSV_Handler                           0x08000215   Thumb Code    92  port.o(.emb_text)
    vPortGetIPSR                             0x08000275   Thumb Code     6  port.o(.emb_text)
    Reset_Handler                            0x0800027d   Thumb Code     8  startup_stm32f427xx.o(.text)
    ADC_IRQHandler                           0x08000297   Thumb Code     0  startup_stm32f427xx.o(.text)
    CAN1_RX1_IRQHandler                      0x08000297   Thumb Code     0  startup_stm32f427xx.o(.text)
    CAN1_SCE_IRQHandler                      0x08000297   Thumb Code     0  startup_stm32f427xx.o(.text)
    CAN1_TX_IRQHandler                       0x08000297   Thumb Code     0  startup_stm32f427xx.o(.text)
    CAN2_RX1_IRQHandler                      0x08000297   Thumb Code     0  startup_stm32f427xx.o(.text)
    CAN2_SCE_IRQHandler                      0x08000297   Thumb Code     0  startup_stm32f427xx.o(.text)
    CAN2_TX_IRQHandler                       0x08000297   Thumb Code     0  startup_stm32f427xx.o(.text)
    DCMI_IRQHandler                          0x08000297   Thumb Code     0  startup_stm32f427xx.o(.text)
    DMA1_Stream0_IRQHandler                  0x08000297   Thumb Code     0  startup_stm32f427xx.o(.text)
    DMA1_Stream2_IRQHandler                  0x08000297   Thumb Code     0  startup_stm32f427xx.o(.text)
    DMA1_Stream3_IRQHandler                  0x08000297   Thumb Code     0  startup_stm32f427xx.o(.text)
    DMA1_Stream4_IRQHandler                  0x08000297   Thumb Code     0  startup_stm32f427xx.o(.text)
    DMA1_Stream7_IRQHandler                  0x08000297   Thumb Code     0  startup_stm32f427xx.o(.text)
    DMA2D_IRQHandler                         0x08000297   Thumb Code     0  startup_stm32f427xx.o(.text)
    DMA2_Stream0_IRQHandler                  0x08000297   Thumb Code     0  startup_stm32f427xx.o(.text)
    DMA2_Stream3_IRQHandler                  0x08000297   Thumb Code     0  startup_stm32f427xx.o(.text)
    DMA2_Stream4_IRQHandler                  0x08000297   Thumb Code     0  startup_stm32f427xx.o(.text)
    DMA2_Stream5_IRQHandler                  0x08000297   Thumb Code     0  startup_stm32f427xx.o(.text)
    DMA2_Stream6_IRQHandler                  0x08000297   Thumb Code     0  startup_stm32f427xx.o(.text)
    DMA2_Stream7_IRQHandler                  0x08000297   Thumb Code     0  startup_stm32f427xx.o(.text)
    ETH_IRQHandler                           0x08000297   Thumb Code     0  startup_stm32f427xx.o(.text)
    ETH_WKUP_IRQHandler                      0x08000297   Thumb Code     0  startup_stm32f427xx.o(.text)
    EXTI0_IRQHandler                         0x08000297   Thumb Code     0  startup_stm32f427xx.o(.text)
    EXTI15_10_IRQHandler                     0x08000297   Thumb Code     0  startup_stm32f427xx.o(.text)
    EXTI1_IRQHandler                         0x08000297   Thumb Code     0  startup_stm32f427xx.o(.text)
    EXTI2_IRQHandler                         0x08000297   Thumb Code     0  startup_stm32f427xx.o(.text)
    EXTI3_IRQHandler                         0x08000297   Thumb Code     0  startup_stm32f427xx.o(.text)
    EXTI4_IRQHandler                         0x08000297   Thumb Code     0  startup_stm32f427xx.o(.text)
    EXTI9_5_IRQHandler                       0x08000297   Thumb Code     0  startup_stm32f427xx.o(.text)
    FLASH_IRQHandler                         0x08000297   Thumb Code     0  startup_stm32f427xx.o(.text)
    FMC_IRQHandler                           0x08000297   Thumb Code     0  startup_stm32f427xx.o(.text)
    FPU_IRQHandler                           0x08000297   Thumb Code     0  startup_stm32f427xx.o(.text)
    HASH_RNG_IRQHandler                      0x08000297   Thumb Code     0  startup_stm32f427xx.o(.text)
    I2C1_ER_IRQHandler                       0x08000297   Thumb Code     0  startup_stm32f427xx.o(.text)
    I2C1_EV_IRQHandler                       0x08000297   Thumb Code     0  startup_stm32f427xx.o(.text)
    I2C2_ER_IRQHandler                       0x08000297   Thumb Code     0  startup_stm32f427xx.o(.text)
    I2C2_EV_IRQHandler                       0x08000297   Thumb Code     0  startup_stm32f427xx.o(.text)
    I2C3_ER_IRQHandler                       0x08000297   Thumb Code     0  startup_stm32f427xx.o(.text)
    I2C3_EV_IRQHandler                       0x08000297   Thumb Code     0  startup_stm32f427xx.o(.text)
    OTG_FS_IRQHandler                        0x08000297   Thumb Code     0  startup_stm32f427xx.o(.text)
    OTG_FS_WKUP_IRQHandler                   0x08000297   Thumb Code     0  startup_stm32f427xx.o(.text)
    OTG_HS_EP1_IN_IRQHandler                 0x08000297   Thumb Code     0  startup_stm32f427xx.o(.text)
    OTG_HS_EP1_OUT_IRQHandler                0x08000297   Thumb Code     0  startup_stm32f427xx.o(.text)
    OTG_HS_IRQHandler                        0x08000297   Thumb Code     0  startup_stm32f427xx.o(.text)
    OTG_HS_WKUP_IRQHandler                   0x08000297   Thumb Code     0  startup_stm32f427xx.o(.text)
    PVD_IRQHandler                           0x08000297   Thumb Code     0  startup_stm32f427xx.o(.text)
    RCC_IRQHandler                           0x08000297   Thumb Code     0  startup_stm32f427xx.o(.text)
    RTC_Alarm_IRQHandler                     0x08000297   Thumb Code     0  startup_stm32f427xx.o(.text)
    RTC_WKUP_IRQHandler                      0x08000297   Thumb Code     0  startup_stm32f427xx.o(.text)
    SAI1_IRQHandler                          0x08000297   Thumb Code     0  startup_stm32f427xx.o(.text)
    SDIO_IRQHandler                          0x08000297   Thumb Code     0  startup_stm32f427xx.o(.text)
    SPI1_IRQHandler                          0x08000297   Thumb Code     0  startup_stm32f427xx.o(.text)
    SPI2_IRQHandler                          0x08000297   Thumb Code     0  startup_stm32f427xx.o(.text)
    SPI3_IRQHandler                          0x08000297   Thumb Code     0  startup_stm32f427xx.o(.text)
    SPI4_IRQHandler                          0x08000297   Thumb Code     0  startup_stm32f427xx.o(.text)
    SPI5_IRQHandler                          0x08000297   Thumb Code     0  startup_stm32f427xx.o(.text)
    SPI6_IRQHandler                          0x08000297   Thumb Code     0  startup_stm32f427xx.o(.text)
    TAMP_STAMP_IRQHandler                    0x08000297   Thumb Code     0  startup_stm32f427xx.o(.text)
    TIM1_BRK_TIM9_IRQHandler                 0x08000297   Thumb Code     0  startup_stm32f427xx.o(.text)
    TIM1_CC_IRQHandler                       0x08000297   Thumb Code     0  startup_stm32f427xx.o(.text)
    TIM1_TRG_COM_TIM11_IRQHandler            0x08000297   Thumb Code     0  startup_stm32f427xx.o(.text)
    TIM2_IRQHandler                          0x08000297   Thumb Code     0  startup_stm32f427xx.o(.text)
    TIM3_IRQHandler                          0x08000297   Thumb Code     0  startup_stm32f427xx.o(.text)
    TIM4_IRQHandler                          0x08000297   Thumb Code     0  startup_stm32f427xx.o(.text)
    TIM5_IRQHandler                          0x08000297   Thumb Code     0  startup_stm32f427xx.o(.text)
    TIM6_DAC_IRQHandler                      0x08000297   Thumb Code     0  startup_stm32f427xx.o(.text)
    TIM7_IRQHandler                          0x08000297   Thumb Code     0  startup_stm32f427xx.o(.text)
    TIM8_BRK_TIM12_IRQHandler                0x08000297   Thumb Code     0  startup_stm32f427xx.o(.text)
    TIM8_CC_IRQHandler                       0x08000297   Thumb Code     0  startup_stm32f427xx.o(.text)
    TIM8_TRG_COM_TIM14_IRQHandler            0x08000297   Thumb Code     0  startup_stm32f427xx.o(.text)
    TIM8_UP_TIM13_IRQHandler                 0x08000297   Thumb Code     0  startup_stm32f427xx.o(.text)
    UART4_IRQHandler                         0x08000297   Thumb Code     0  startup_stm32f427xx.o(.text)
    UART5_IRQHandler                         0x08000297   Thumb Code     0  startup_stm32f427xx.o(.text)
    UART7_IRQHandler                         0x08000297   Thumb Code     0  startup_stm32f427xx.o(.text)
    UART8_IRQHandler                         0x08000297   Thumb Code     0  startup_stm32f427xx.o(.text)
    USART2_IRQHandler                        0x08000297   Thumb Code     0  startup_stm32f427xx.o(.text)
    USART3_IRQHandler                        0x08000297   Thumb Code     0  startup_stm32f427xx.o(.text)
    WWDG_IRQHandler                          0x08000297   Thumb Code     0  startup_stm32f427xx.o(.text)
    __aeabi_memcpy                           0x080002a1   Thumb Code    36  memcpya.o(.text)
    __aeabi_memcpy4                          0x080002a1   Thumb Code     0  memcpya.o(.text)
    __aeabi_memcpy8                          0x080002a1   Thumb Code     0  memcpya.o(.text)
    __aeabi_memset                           0x080002c5   Thumb Code    14  memseta.o(.text)
    __aeabi_memset4                          0x080002c5   Thumb Code     0  memseta.o(.text)
    __aeabi_memset8                          0x080002c5   Thumb Code     0  memseta.o(.text)
    __aeabi_memclr                           0x080002d3   Thumb Code     4  memseta.o(.text)
    __aeabi_memclr4                          0x080002d3   Thumb Code     0  memseta.o(.text)
    __aeabi_memclr8                          0x080002d3   Thumb Code     0  memseta.o(.text)
    _memset$wrapper                          0x080002d7   Thumb Code    18  memseta.o(.text)
    __aeabi_dmul                             0x080002e9   Thumb Code   228  dmul.o(.text)
    __aeabi_i2d                              0x080003cd   Thumb Code    34  dflti.o(.text)
    __aeabi_d2iz                             0x080003ef   Thumb Code    62  dfixi.o(.text)
    __aeabi_llsr                             0x0800042d   Thumb Code    32  llushr.o(.text)
    _ll_ushift_r                             0x0800042d   Thumb Code     0  llushr.o(.text)
    __I$use$fp                               0x0800044d   Thumb Code     0  iusefp.o(.text)
    _double_round                            0x0800044d   Thumb Code    30  depilogue.o(.text)
    _double_epilogue                         0x0800046b   Thumb Code   156  depilogue.o(.text)
    __aeabi_dadd                             0x08000507   Thumb Code   322  dadd.o(.text)
    __aeabi_dsub                             0x08000649   Thumb Code     6  dadd.o(.text)
    __aeabi_drsub                            0x0800064f   Thumb Code     6  dadd.o(.text)
    _drem                                    0x08000655   Thumb Code   134  drem.o(.text)
    __scatterload                            0x080006dd   Thumb Code    28  init.o(.text)
    __scatterload_rt2                        0x080006dd   Thumb Code     0  init.o(.text)
    __aeabi_llsl                             0x08000701   Thumb Code    30  llshl.o(.text)
    _ll_shift_l                              0x08000701   Thumb Code     0  llshl.o(.text)
    __aeabi_lasr                             0x0800071f   Thumb Code    36  llsshr.o(.text)
    _ll_sshift_r                             0x0800071f   Thumb Code     0  llsshr.o(.text)
    __aeabi_ddiv                             0x08000743   Thumb Code   222  ddiv.o(.text)
    ABS_limit                                0x08000821   Thumb Code    42  pid.o(i.ABS_limit)
    BSP_Init                                 0x0800084d   Thumb Code   150  bsp.o(i.BSP_Init)
    BusFault_Handler                         0x08000901   Thumb Code     2  stm32f4xx_it.o(i.BusFault_Handler)
    CAN1_RX0_IRQHandler                      0x08000905   Thumb Code     6  stm32f4xx_it.o(i.CAN1_RX0_IRQHandler)
    CAN2_RX0_IRQHandler                      0x08000911   Thumb Code     6  stm32f4xx_it.o(i.CAN2_RX0_IRQHandler)
    CAN_Send_YT                              0x08000a49   Thumb Code    64  motor_use_can.o(i.CAN_Send_YT)
    CanFilter_Init                           0x08000aed   Thumb Code    78  can.o(i.CanFilter_Init)
    Cloud_Platform_Motor                     0x08000b41   Thumb Code    50  motor_use_can.o(i.Cloud_Platform_Motor)
    DMA1_Stream1_IRQHandler                  0x08000b79   Thumb Code     6  stm32f4xx_it.o(i.DMA1_Stream1_IRQHandler)
    DMA1_Stream5_IRQHandler                  0x08000b85   Thumb Code     6  stm32f4xx_it.o(i.DMA1_Stream5_IRQHandler)
    DMA1_Stream6_IRQHandler                  0x08000b91   Thumb Code     6  stm32f4xx_it.o(i.DMA1_Stream6_IRQHandler)
    DMA2_Stream1_IRQHandler                  0x08000b9d   Thumb Code     6  stm32f4xx_it.o(i.DMA2_Stream1_IRQHandler)
    DMA2_Stream2_IRQHandler                  0x08000ba9   Thumb Code     6  stm32f4xx_it.o(i.DMA2_Stream2_IRQHandler)
    DebugMon_Handler                         0x08000c59   Thumb Code     2  stm32f4xx_it.o(i.DebugMon_Handler)
    Error_Handler                            0x08000c5b   Thumb Code     2  main.o(i.Error_Handler)
    GUN_Init                                 0x08000c5d   Thumb Code   106  tim.o(i.GUN_Init)
    Get_MiniPC_Data                          0x08000ce1   Thumb Code    50  minipc.o(i.Get_MiniPC_Data)
    Gimbal_Contrl_Task                       0x08000d19   Thumb Code   226  gimbal_task.o(i.Gimbal_Contrl_Task)
    HAL_CAN_ConfigFilter                     0x08000e19   Thumb Code   218  stm32f4xx_hal_can.o(i.HAL_CAN_ConfigFilter)
    HAL_CAN_ErrorCallback                    0x08000efd   Thumb Code     2  stm32f4xx_hal_can.o(i.HAL_CAN_ErrorCallback)
    HAL_CAN_IRQHandler                       0x08000f01   Thumb Code   370  stm32f4xx_hal_can.o(i.HAL_CAN_IRQHandler)
    HAL_CAN_Init                             0x08001081   Thumb Code   328  stm32f4xx_hal_can.o(i.HAL_CAN_Init)
    HAL_CAN_MspInit                          0x080011c9   Thumb Code   168  can.o(i.HAL_CAN_MspInit)
    HAL_CAN_Receive_IT                       0x08001289   Thumb Code   134  stm32f4xx_hal_can.o(i.HAL_CAN_Receive_IT)
    HAL_CAN_RxCpltCallback                   0x08001311   Thumb Code   130  stm32f4xx_it.o(i.HAL_CAN_RxCpltCallback)
    HAL_CAN_Transmit                         0x080013a5   Thumb Code   390  stm32f4xx_hal_can.o(i.HAL_CAN_Transmit)
    HAL_CAN_TxCpltCallback                   0x08001539   Thumb Code     2  stm32f4xx_hal_can.o(i.HAL_CAN_TxCpltCallback)
    HAL_DMA_Abort_IT                         0x0800153b   Thumb Code    36  stm32f4xx_hal_dma.o(i.HAL_DMA_Abort_IT)
    HAL_DMA_IRQHandler                       0x08001561   Thumb Code   414  stm32f4xx_hal_dma.o(i.HAL_DMA_IRQHandler)
    HAL_DMA_Init                             0x08001709   Thumb Code   202  stm32f4xx_hal_dma.o(i.HAL_DMA_Init)
    HAL_DMA_Start_IT                         0x080017d9   Thumb Code   120  stm32f4xx_hal_dma.o(i.HAL_DMA_Start_IT)
    HAL_Delay                                0x08001851   Thumb Code    22  stm32f4xx_hal.o(i.HAL_Delay)
    HAL_GPIO_Init                            0x08001869   Thumb Code   408  stm32f4xx_hal_gpio.o(i.HAL_GPIO_Init)
    HAL_GPIO_WritePin                        0x08001a35   Thumb Code    10  stm32f4xx_hal_gpio.o(i.HAL_GPIO_WritePin)
    HAL_GetTick                              0x08001a41   Thumb Code     6  stm32f4xx_hal.o(i.HAL_GetTick)
    HAL_IncTick                              0x08001a4d   Thumb Code    10  stm32f4xx_hal.o(i.HAL_IncTick)
    HAL_Init                                 0x08001a5d   Thumb Code    48  stm32f4xx_hal.o(i.HAL_Init)
    HAL_InitTick                             0x08001a91   Thumb Code   100  stm32f4xx_hal_timebase_tim.o(i.HAL_InitTick)
    HAL_MspInit                              0x08001b05   Thumb Code    88  stm32f4xx_hal_msp.o(i.HAL_MspInit)
    HAL_NVIC_EnableIRQ                       0x08001b5d   Thumb Code    22  stm32f4xx_hal_cortex.o(i.HAL_NVIC_EnableIRQ)
    HAL_NVIC_SetPriority                     0x08001b75   Thumb Code    60  stm32f4xx_hal_cortex.o(i.HAL_NVIC_SetPriority)
    HAL_NVIC_SetPriorityGrouping             0x08001bb5   Thumb Code    26  stm32f4xx_hal_cortex.o(i.HAL_NVIC_SetPriorityGrouping)
    HAL_RCC_ClockConfig                      0x08001bd9   Thumb Code   364  stm32f4xx_hal_rcc.o(i.HAL_RCC_ClockConfig)
    HAL_RCC_GetClockConfig                   0x08001d55   Thumb Code    54  stm32f4xx_hal_rcc.o(i.HAL_RCC_GetClockConfig)
    HAL_RCC_GetHCLKFreq                      0x08001d95   Thumb Code     6  stm32f4xx_hal_rcc.o(i.HAL_RCC_GetHCLKFreq)
    HAL_RCC_GetPCLK1Freq                     0x08001da1   Thumb Code    34  stm32f4xx_hal_rcc.o(i.HAL_RCC_GetPCLK1Freq)
    HAL_RCC_GetPCLK2Freq                     0x08001dd1   Thumb Code    34  stm32f4xx_hal_rcc.o(i.HAL_RCC_GetPCLK2Freq)
    HAL_RCC_GetSysClockFreq                  0x08001e01   Thumb Code   104  stm32f4xx_hal_rcc.o(i.HAL_RCC_GetSysClockFreq)
    HAL_RCC_OscConfig                        0x08001e75   Thumb Code   722  stm32f4xx_hal_rcc.o(i.HAL_RCC_OscConfig)
    HAL_SYSTICK_CLKSourceConfig              0x08002159   Thumb Code    24  stm32f4xx_hal_cortex.o(i.HAL_SYSTICK_CLKSourceConfig)
    HAL_SYSTICK_Config                       0x08002171   Thumb Code    40  stm32f4xx_hal_cortex.o(i.HAL_SYSTICK_Config)
    HAL_TIMEx_BreakCallback                  0x08002199   Thumb Code     2  stm32f4xx_hal_tim_ex.o(i.HAL_TIMEx_BreakCallback)
    HAL_TIMEx_CommutationCallback            0x0800219b   Thumb Code     2  stm32f4xx_hal_tim_ex.o(i.HAL_TIMEx_CommutationCallback)
    HAL_TIMEx_MasterConfigSynchronization    0x0800219d   Thumb Code    80  stm32f4xx_hal_tim_ex.o(i.HAL_TIMEx_MasterConfigSynchronization)
    HAL_TIM_Base_Init                        0x080021ed   Thumb Code    54  stm32f4xx_hal_tim.o(i.HAL_TIM_Base_Init)
    HAL_TIM_Base_MspInit                     0x08002223   Thumb Code     2  stm32f4xx_hal_tim.o(i.HAL_TIM_Base_MspInit)
    HAL_TIM_Base_Start_IT                    0x08002225   Thumb Code    24  stm32f4xx_hal_tim.o(i.HAL_TIM_Base_Start_IT)
    HAL_TIM_IC_CaptureCallback               0x0800223d   Thumb Code     2  stm32f4xx_hal_tim.o(i.HAL_TIM_IC_CaptureCallback)
    HAL_TIM_IRQHandler                       0x0800223f   Thumb Code   358  stm32f4xx_hal_tim.o(i.HAL_TIM_IRQHandler)
    HAL_TIM_MspPostInit                      0x080023a5   Thumb Code    42  tim.o(i.HAL_TIM_MspPostInit)
    HAL_TIM_OC_DelayElapsedCallback          0x080023d9   Thumb Code     2  stm32f4xx_hal_tim.o(i.HAL_TIM_OC_DelayElapsedCallback)
    HAL_TIM_PWM_ConfigChannel                0x080023db   Thumb Code   208  stm32f4xx_hal_tim.o(i.HAL_TIM_PWM_ConfigChannel)
    HAL_TIM_PWM_Init                         0x080024ab   Thumb Code    54  stm32f4xx_hal_tim.o(i.HAL_TIM_PWM_Init)
    HAL_TIM_PWM_MspInit                      0x080024e1   Thumb Code    30  tim.o(i.HAL_TIM_PWM_MspInit)
    HAL_TIM_PWM_PulseFinishedCallback        0x08002509   Thumb Code     2  stm32f4xx_hal_tim.o(i.HAL_TIM_PWM_PulseFinishedCallback)
    HAL_TIM_PWM_Start                        0x0800250d   Thumb Code    48  stm32f4xx_hal_tim.o(i.HAL_TIM_PWM_Start)
    HAL_TIM_PeriodElapsedCallback            0x08002545   Thumb Code    14  main.o(i.HAL_TIM_PeriodElapsedCallback)
    HAL_TIM_TriggerCallback                  0x08002559   Thumb Code     2  stm32f4xx_hal_tim.o(i.HAL_TIM_TriggerCallback)
    HAL_UART_ErrorCallback                   0x0800255b   Thumb Code     2  stm32f4xx_hal_uart.o(i.HAL_UART_ErrorCallback)
    HAL_UART_IRQHandler                      0x0800255d   Thumb Code   266  stm32f4xx_hal_uart.o(i.HAL_UART_IRQHandler)
    HAL_UART_Init                            0x0800266d   Thumb Code    98  stm32f4xx_hal_uart.o(i.HAL_UART_Init)
    HAL_UART_MspInit                         0x080026d1   Thumb Code   614  usart.o(i.HAL_UART_MspInit)
    HAL_UART_Receive_DMA                     0x0800297d   Thumb Code   132  stm32f4xx_hal_uart.o(i.HAL_UART_Receive_DMA)
    HAL_UART_RxCpltCallback                  0x08002a0d   Thumb Code     2  stm32f4xx_hal_uart.o(i.HAL_UART_RxCpltCallback)
    HAL_UART_RxHalfCpltCallback              0x08002a0f   Thumb Code     2  stm32f4xx_hal_uart.o(i.HAL_UART_RxHalfCpltCallback)
    HAL_UART_TxCpltCallback                  0x08002a11   Thumb Code     2  stm32f4xx_hal_uart.o(i.HAL_UART_TxCpltCallback)
    HardFault_Handler                        0x08002a13   Thumb Code     2  stm32f4xx_it.o(i.HardFault_Handler)
    LPF_1st                                  0x08002a15   Thumb Code    18  pid.o(i.LPF_1st)
    MX_CAN1_Init                             0x08002a29   Thumb Code    60  can.o(i.MX_CAN1_Init)
    MX_CAN2_Init                             0x08002a6d   Thumb Code    62  can.o(i.MX_CAN2_Init)
    MX_DMA_Init                              0x08002ab5   Thumb Code   104  dma.o(i.MX_DMA_Init)
    MX_FREERTOS_Init                         0x08002b21   Thumb Code    74  freertos.o(i.MX_FREERTOS_Init)
    MX_GPIO_Init                             0x08002b75   Thumb Code   326  gpio.o(i.MX_GPIO_Init)
    MX_TIM5_Init                             0x08002cd1   Thumb Code   108  tim.o(i.MX_TIM5_Init)
    MX_UART8_Init                            0x08002d45   Thumb Code    48  usart.o(i.MX_UART8_Init)
    MX_USART1_UART_Init                      0x08002d7d   Thumb Code    46  usart.o(i.MX_USART1_UART_Init)
    MX_USART2_UART_Init                      0x08002db9   Thumb Code    48  usart.o(i.MX_USART2_UART_Init)
    MX_USART3_UART_Init                      0x08002df1   Thumb Code    48  usart.o(i.MX_USART3_UART_Init)
    MX_USART6_UART_Init                      0x08002e29   Thumb Code    48  usart.o(i.MX_USART6_UART_Init)
    MemManage_Handler                        0x08002e61   Thumb Code     2  stm32f4xx_it.o(i.MemManage_Handler)
    MiniPC_Data_task                         0x08002e65   Thumb Code   164  date_pro_task.o(i.MiniPC_Data_task)
    NMI_Handler                              0x08002f29   Thumb Code     2  stm32f4xx_it.o(i.NMI_Handler)
    PID_struct_init                          0x08002f4d   Thumb Code    16  pid.o(i.PID_struct_init)
    RefreshDeviceOutLineTime                 0x08002f65   Thumb Code    28  systemstate.o(i.RefreshDeviceOutLineTime)
    RefreshTaskOutLineTime                   0x08002f85   Thumb Code    28  systemstate.o(i.RefreshTaskOutLineTime)
    Remote_Ctrl                              0x08002fa5   Thumb Code   100  communication.o(i.Remote_Ctrl)
    StartDefaultTask                         0x0800300d   Thumb Code     8  freertos.o(i.StartDefaultTask)
    SysTick_Handler                          0x08003015   Thumb Code     4  stm32f4xx_it.o(i.SysTick_Handler)
    SystemClock_Config                       0x08003019   Thumb Code   150  main.o(i.SystemClock_Config)
    SystemInit                               0x080030b9   Thumb Code    66  system_stm32f4xx.o(i.SystemInit)
    TIM1_UP_TIM10_IRQHandler                 0x0800310d   Thumb Code     6  stm32f4xx_it.o(i.TIM1_UP_TIM10_IRQHandler)
    TIM5_PWM_Init                            0x08003119   Thumb Code    10  tim.o(i.TIM5_PWM_Init)
    TIM_Base_SetConfig                       0x08003129   Thumb Code   148  stm32f4xx_hal_tim.o(i.TIM_Base_SetConfig)
    TIM_CCxChannelCmd                        0x080031e9   Thumb Code    22  stm32f4xx_hal_tim.o(i.TIM_CCxChannelCmd)
    TIM_OC2_SetConfig                        0x08003259   Thumb Code    90  stm32f4xx_hal_tim.o(i.TIM_OC2_SetConfig)
    USART1_IRQHandler                        0x080037d9   Thumb Code    84  stm32f4xx_it.o(i.USART1_IRQHandler)
    USART6_IRQHandler                        0x08003835   Thumb Code    90  stm32f4xx_it.o(i.USART6_IRQHandler)
    UsageFault_Handler                       0x0800389d   Thumb Code     2  stm32f4xx_it.o(i.UsageFault_Handler)
    __hardfp_fmod                            0x080038a1   Thumb Code   254  fmod.o(i.__hardfp_fmod)
    __mathlib_dbl_invalid                    0x080039a9   Thumb Code    24  dunder.o(i.__mathlib_dbl_invalid)
    __scatterload_copy                       0x080039c9   Thumb Code    14  handlers.o(i.__scatterload_copy)
    __scatterload_null                       0x080039d7   Thumb Code     2  handlers.o(i.__scatterload_null)
    __scatterload_zeroinit                   0x080039d9   Thumb Code    14  handlers.o(i.__scatterload_zeroinit)
    __set_errno                              0x080039e9   Thumb Code     6  errno.o(i.__set_errno)
    first_order_filter_cali                  0x080039f5   Thumb Code    78  user_lib.o(i.first_order_filter_cali)
    first_order_filter_init                  0x08003a43   Thumb Code    18  user_lib.o(i.first_order_filter_init)
    get_moto_measure_3508                    0x08003a55   Thumb Code    72  motor_use_can.o(i.get_moto_measure_3508)
    get_moto_offset                          0x08003a9d   Thumb Code    12  motor_use_can.o(i.get_moto_offset)
    gimbal_pid_init                          0x08003aa9   Thumb Code   184  gimbal_task.o(i.gimbal_pid_init)
    gong_ji                                  0x08003b7d   Thumb Code   254  gimbal_task.o(i.gong_ji)
    main                                     0x08003cad   Thumb Code    30  main.o(i.main)
    osDelay                                  0x08003cd7   Thumb Code    14  cmsis_os.o(i.osDelay)
    osKernelStart                            0x08003ce5   Thumb Code    10  cmsis_os.o(i.osKernelStart)
    osSystickHandler                         0x08003cef   Thumb Code    20  cmsis_os.o(i.osSystickHandler)
    osThreadCreate                           0x08003d03   Thumb Code    56  cmsis_os.o(i.osThreadCreate)
    pid_calc                                 0x08003d3d   Thumb Code   468  pid.o(i.pid_calc)
    pvPortMalloc                             0x080040bd   Thumb Code   210  heap_4.o(i.pvPortMalloc)
    pxPortInitialiseStack                    0x08004195   Thumb Code    36  port.o(i.pxPortInitialiseStack)
    ramp_calc                                0x080041bd   Thumb Code    80  user_lib.o(i.ramp_calc)
    ramp_init                                0x0800420d   Thumb Code    26  user_lib.o(i.ramp_init)
    uxListRemove                             0x08004227   Thumb Code    36  list.o(i.uxListRemove)
    vListInitialise                          0x0800424b   Thumb Code    22  list.o(i.vListInitialise)
    vListInitialiseItem                      0x08004261   Thumb Code     6  list.o(i.vListInitialiseItem)
    vListInsert                              0x08004267   Thumb Code    48  list.o(i.vListInsert)
    vListInsertEnd                           0x08004297   Thumb Code    24  list.o(i.vListInsertEnd)
    vPortEnterCritical                       0x080042b1   Thumb Code    54  port.o(i.vPortEnterCritical)
    vPortExitCritical                        0x080042f1   Thumb Code    34  port.o(i.vPortExitCritical)
    vPortFree                                0x08004319   Thumb Code    88  heap_4.o(i.vPortFree)
    vPortSetupTimerInterrupt                 0x08004375   Thumb Code    26  port.o(i.vPortSetupTimerInterrupt)
    vTaskDelay                               0x08004395   Thumb Code    94  tasks.o(i.vTaskDelay)
    vTaskStartScheduler                      0x080043fd   Thumb Code    86  tasks.o(i.vTaskStartScheduler)
    vTaskSuspendAll                          0x08004465   Thumb Code    10  tasks.o(i.vTaskSuspendAll)
    vTaskSwitchContext                       0x08004475   Thumb Code    82  tasks.o(i.vTaskSwitchContext)
    xPortStartScheduler                      0x080044d1   Thumb Code   202  port.o(i.xPortStartScheduler)
    xPortSysTickHandler                      0x080045b1   Thumb Code    38  port.o(i.xPortSysTickHandler)
    xTaskGenericCreate                       0x080045dd   Thumb Code   430  tasks.o(i.xTaskGenericCreate)
    xTaskGetSchedulerState                   0x08004799   Thumb Code    22  tasks.o(i.xTaskGetSchedulerState)
    xTaskGetTickCount                        0x080047b5   Thumb Code     6  tasks.o(i.xTaskGetTickCount)
    xTaskIncrementTick                       0x080047c1   Thumb Code   194  tasks.o(i.xTaskIncrementTick)
    xTaskResumeAll                           0x0800488d   Thumb Code   182  tasks.o(i.xTaskResumeAll)
    xun_han                                  0x08004951   Thumb Code   192  gimbal_task.o(i.xun_han)
    APBAHBPrescTable                         0x08004a34   Data          16  stm32f4xx_hal_rcc.o(.constdata)
    Region$$Table$$Base                      0x08004ab4   Number         0  anon$$obj.o(Region$$Table)
    Region$$Table$$Limit                     0x08004ad4   Number         0  anon$$obj.o(Region$$Table)
    SystemCoreClock                          0x20000000   Data           4  system_stm32f4xx.o(.data)
    pxCurrentTCB                             0x20000004   Data           4  tasks.o(.data)
    uwTick                                   0x20000060   Data           4  stm32f4xx_hal.o(.data)
    flag                                     0x20000064   Data           1  stm32f4xx_it.o(.data)
    defaultTaskHandle                        0x20000068   Data           4  freertos.o(.data)
    GimbalTaskHandle                         0x2000006c   Data           4  freertos.o(.data)
    MiniPCDataTaskHandle                     0x20000070   Data           4  freertos.o(.data)
    set_flag                                 0x20000078   Data           1  date_pro_task.o(.data)
    press_counter                            0x2000007a   Data           1  date_pro_task.o(.data)
    Gimbal                                   0x20000080   Data           3  gimbal_task.o(.data)
    Chassis                                  0x20000083   Data           3  gimbal_task.o(.data)
    pit                                      0x20000086   Data           3  gimbal_task.o(.data)
    SpeedSet                                 0x2000008c   Data           4  gimbal_task.o(.data)
    current_total_angle                      0x20000090   Data           4  gimbal_task.o(.data)
    llastpit_angle                           0x20000098   Data           4  gimbal_task.o(.data)
    a                                        0x2000009c   Data           4  gimbal_task.o(.data)
    yaw_set                                  0x200000a0   Data           8  gimbal_task.o(.data)
    pit_set                                  0x200000a8   Data           8  gimbal_task.o(.data)
    htim1                                    0x20003da4   Data          60  stm32f4xx_hal_timebase_tim.o(.bss)
    hcan1                                    0x20003e60   Data          64  can.o(.bss)
    hcan2                                    0x20003ea0   Data          64  can.o(.bss)
    huart4                                   0x20003ee0   Data          64  usart.o(.bss)
    huart8                                   0x20003f20   Data          64  usart.o(.bss)
    huart1                                   0x20003f60   Data          64  usart.o(.bss)
    huart2                                   0x20003fa0   Data          64  usart.o(.bss)
    huart3                                   0x20003fe0   Data          64  usart.o(.bss)
    huart6                                   0x20004020   Data          64  usart.o(.bss)
    hdma_uart8_rx                            0x20004060   Data          96  usart.o(.bss)
    hdma_usart1_rx                           0x200040c0   Data          96  usart.o(.bss)
    hdma_usart3_rx                           0x20004120   Data          96  usart.o(.bss)
    hdma_usart6_rx                           0x20004180   Data          96  usart.o(.bss)
    hdma_usart2_rx                           0x200041e0   Data          96  usart.o(.bss)
    htim5                                    0x20004240   Data          60  tim.o(.bss)
    USART1_RX_DATA                           0x2000427c   Data          18  communication.o(.bss)
    RC_Ctl                                   0x2000428e   Data          20  communication.o(.bss)
    minipc_rx                                0x200042a2   Data          16  minipc.o(.bss)
    USART6_RX_DATA                           0x200042b2   Data           9  minipc.o(.bss)
    pid_yaw                                  0x200042bc   Data         128  gimbal_task.o(.bss)
    pid_pit                                  0x2000433c   Data         128  gimbal_task.o(.bss)
    pid_yaw_spd                              0x200043bc   Data         128  gimbal_task.o(.bss)
    pid_pit_spd                              0x2000443c   Data         128  gimbal_task.o(.bss)
    pid_yaw_spd1                             0x200044bc   Data         128  gimbal_task.o(.bss)
    pid_pit_spd1                             0x2000453c   Data         128  gimbal_task.o(.bss)
    fric1_ramp                               0x200045bc   Data          20  gimbal_task.o(.bss)
    fric2_ramp                               0x200045d0   Data          20  gimbal_task.o(.bss)
    pitch_cmd_slow_set_v                     0x200045e4   Data          16  gimbal_task.o(.bss)
    SystemState                              0x200045f4   Data          20  systemstate.o(.bss)
    g_Time_DeviceOutLine                     0x20004608   Data          16  systemstate.o(.bss)
    g_Time_TASKOutLine                       0x20004618   Data          16  systemstate.o(.bss)
    pit_get                                  0x20004628   Data          44  motor_use_can.o(.bss)
    yaw_get                                  0x20004654   Data          44  motor_use_can.o(.bss)
    __initial_sp                             0x20004b28   Data           0  startup_stm32f427xx.o(STACK)



==============================================================================

Memory Map of the image

  Image Entry point : 0x080001ad

  Load Region LR_IROM1 (Base: 0x08000000, Size: 0x00004b88, Max: 0x00200000, ABSOLUTE)

    Execution Region ER_IROM1 (Exec base: 0x08000000, Load base: 0x08000000, Size: 0x00004ad4, Max: 0x00200000, ABSOLUTE)

    Exec Addr    Load Addr    Size         Type   Attr      Idx    E Section Name        Object

    0x08000000   0x08000000   0x000001ac   Data   RO            3    RESET               startup_stm32f427xx.o
    0x080001ac   0x080001ac   0x00000000   Code   RO         5023  * .ARM.Collect$$$$00000000  mc_w.l(entry.o)
    0x080001ac   0x080001ac   0x00000004   Code   RO         5072    .ARM.Collect$$$$00000001  mc_w.l(entry2.o)
    0x080001b0   0x080001b0   0x00000004   Code   RO         5075    .ARM.Collect$$$$00000004  mc_w.l(entry5.o)
    0x080001b4   0x080001b4   0x00000000   Code   RO         5077    .ARM.Collect$$$$00000008  mc_w.l(entry7b.o)
    0x080001b4   0x080001b4   0x00000000   Code   RO         5079    .ARM.Collect$$$$0000000A  mc_w.l(entry8b.o)
    0x080001b4   0x080001b4   0x00000008   Code   RO         5080    .ARM.Collect$$$$0000000B  mc_w.l(entry9a.o)
    0x080001bc   0x080001bc   0x00000000   Code   RO         5082    .ARM.Collect$$$$0000000D  mc_w.l(entry10a.o)
    0x080001bc   0x080001bc   0x00000000   Code   RO         5084    .ARM.Collect$$$$0000000F  mc_w.l(entry11a.o)
    0x080001bc   0x080001bc   0x00000004   Code   RO         5073    .ARM.Collect$$$$00002712  mc_w.l(entry2.o)
    0x080001c0   0x080001c0   0x000000ba   Code   RO         1154    .emb_text           port.o
    0x0800027a   0x0800027a   0x00000002   PAD
    0x0800027c   0x0800027c   0x00000024   Code   RO            4    .text               startup_stm32f427xx.o
    0x080002a0   0x080002a0   0x00000024   Code   RO         5026    .text               mc_w.l(memcpya.o)
    0x080002c4   0x080002c4   0x00000024   Code   RO         5028    .text               mc_w.l(memseta.o)
    0x080002e8   0x080002e8   0x000000e4   Code   RO         5034    .text               mf_w.l(dmul.o)
    0x080003cc   0x080003cc   0x00000022   Code   RO         5036    .text               mf_w.l(dflti.o)
    0x080003ee   0x080003ee   0x0000003e   Code   RO         5038    .text               mf_w.l(dfixi.o)
    0x0800042c   0x0800042c   0x00000020   Code   RO         5086    .text               mc_w.l(llushr.o)
    0x0800044c   0x0800044c   0x00000000   Code   RO         5095    .text               mc_w.l(iusefp.o)
    0x0800044c   0x0800044c   0x000000ba   Code   RO         5096    .text               mf_w.l(depilogue.o)
    0x08000506   0x08000506   0x0000014e   Code   RO         5098    .text               mf_w.l(dadd.o)
    0x08000654   0x08000654   0x00000086   Code   RO         5100    .text               mf_w.l(drem.o)
    0x080006da   0x080006da   0x00000002   PAD
    0x080006dc   0x080006dc   0x00000024   Code   RO         5104    .text               mc_w.l(init.o)
    0x08000700   0x08000700   0x0000001e   Code   RO         5106    .text               mc_w.l(llshl.o)
    0x0800071e   0x0800071e   0x00000024   Code   RO         5108    .text               mc_w.l(llsshr.o)
    0x08000742   0x08000742   0x000000de   Code   RO         5110    .text               mf_w.l(ddiv.o)
    0x08000820   0x08000820   0x0000002a   Code   RO         4614    i.ABS_limit         pid.o
    0x0800084a   0x0800084a   0x00000002   PAD
    0x0800084c   0x0800084c   0x000000b4   Code   RO         4056    i.BSP_Init          bsp.o
    0x08000900   0x08000900   0x00000002   Code   RO         3566    i.BusFault_Handler  stm32f4xx_it.o
    0x08000902   0x08000902   0x00000002   PAD
    0x08000904   0x08000904   0x0000000c   Code   RO         3567    i.CAN1_RX0_IRQHandler  stm32f4xx_it.o
    0x08000910   0x08000910   0x0000000c   Code   RO         3568    i.CAN2_RX0_IRQHandler  stm32f4xx_it.o
    0x0800091c   0x0800091c   0x0000012c   Code   RO         1977    i.CAN_Receive_IT    stm32f4xx_hal_can.o
    0x08000a48   0x08000a48   0x00000044   Code   RO         4885    i.CAN_Send_YT       motor_use_can.o
    0x08000a8c   0x08000a8c   0x00000060   Code   RO         1978    i.CAN_Transmit_IT   stm32f4xx_hal_can.o
    0x08000aec   0x08000aec   0x00000054   Code   RO         4096    i.CanFilter_Init    can.o
    0x08000b40   0x08000b40   0x00000038   Code   RO         4888    i.Cloud_Platform_Motor  motor_use_can.o
    0x08000b78   0x08000b78   0x0000000c   Code   RO         3569    i.DMA1_Stream1_IRQHandler  stm32f4xx_it.o
    0x08000b84   0x08000b84   0x0000000c   Code   RO         3570    i.DMA1_Stream5_IRQHandler  stm32f4xx_it.o
    0x08000b90   0x08000b90   0x0000000c   Code   RO         3571    i.DMA1_Stream6_IRQHandler  stm32f4xx_it.o
    0x08000b9c   0x08000b9c   0x0000000c   Code   RO         3572    i.DMA2_Stream1_IRQHandler  stm32f4xx_it.o
    0x08000ba8   0x08000ba8   0x0000000c   Code   RO         3573    i.DMA2_Stream2_IRQHandler  stm32f4xx_it.o
    0x08000bb4   0x08000bb4   0x00000028   Code   RO         3436    i.DMA_CalcBaseAndBitshift  stm32f4xx_hal_dma.o
    0x08000bdc   0x08000bdc   0x00000054   Code   RO         3437    i.DMA_CheckFifoParam  stm32f4xx_hal_dma.o
    0x08000c30   0x08000c30   0x00000028   Code   RO         3438    i.DMA_SetConfig     stm32f4xx_hal_dma.o
    0x08000c58   0x08000c58   0x00000002   Code   RO         3574    i.DebugMon_Handler  stm32f4xx_it.o
    0x08000c5a   0x08000c5a   0x00000002   Code   RO         3981    i.Error_Handler     main.o
    0x08000c5c   0x08000c5c   0x00000084   Code   RO         4271    i.GUN_Init          tim.o
    0x08000ce0   0x08000ce0   0x00000038   Code   RO         4386    i.Get_MiniPC_Data   minipc.o
    0x08000d18   0x08000d18   0x00000100   Code   RO         4486    i.Gimbal_Contrl_Task  gimbal_task.o
    0x08000e18   0x08000e18   0x000000e4   Code   RO         1979    i.HAL_CAN_ConfigFilter  stm32f4xx_hal_can.o
    0x08000efc   0x08000efc   0x00000002   Code   RO         1981    i.HAL_CAN_ErrorCallback  stm32f4xx_hal_can.o
    0x08000efe   0x08000efe   0x00000002   PAD
    0x08000f00   0x08000f00   0x00000180   Code   RO         1984    i.HAL_CAN_IRQHandler  stm32f4xx_hal_can.o
    0x08001080   0x08001080   0x00000148   Code   RO         1985    i.HAL_CAN_Init      stm32f4xx_hal_can.o
    0x080011c8   0x080011c8   0x000000c0   Code   RO         4098    i.HAL_CAN_MspInit   can.o
    0x08001288   0x08001288   0x00000086   Code   RO         1989    i.HAL_CAN_Receive_IT  stm32f4xx_hal_can.o
    0x0800130e   0x0800130e   0x00000002   PAD
    0x08001310   0x08001310   0x00000094   Code   RO         3575    i.HAL_CAN_RxCpltCallback  stm32f4xx_it.o
    0x080013a4   0x080013a4   0x00000194   Code   RO         1992    i.HAL_CAN_Transmit  stm32f4xx_hal_can.o
    0x08001538   0x08001538   0x00000002   Code   RO         1994    i.HAL_CAN_TxCpltCallback  stm32f4xx_hal_can.o
    0x0800153a   0x0800153a   0x00000024   Code   RO         3440    i.HAL_DMA_Abort_IT  stm32f4xx_hal_dma.o
    0x0800155e   0x0800155e   0x00000002   PAD
    0x08001560   0x08001560   0x000001a8   Code   RO         3444    i.HAL_DMA_IRQHandler  stm32f4xx_hal_dma.o
    0x08001708   0x08001708   0x000000d0   Code   RO         3445    i.HAL_DMA_Init      stm32f4xx_hal_dma.o
    0x080017d8   0x080017d8   0x00000078   Code   RO         3449    i.HAL_DMA_Start_IT  stm32f4xx_hal_dma.o
    0x08001850   0x08001850   0x00000016   Code   RO         2702    i.HAL_Delay         stm32f4xx_hal.o
    0x08001866   0x08001866   0x00000002   PAD
    0x08001868   0x08001868   0x000001cc   Code   RO         1914    i.HAL_GPIO_Init     stm32f4xx_hal_gpio.o
    0x08001a34   0x08001a34   0x0000000a   Code   RO         1918    i.HAL_GPIO_WritePin  stm32f4xx_hal_gpio.o
    0x08001a3e   0x08001a3e   0x00000002   PAD
    0x08001a40   0x08001a40   0x0000000c   Code   RO         2710    i.HAL_GetTick       stm32f4xx_hal.o
    0x08001a4c   0x08001a4c   0x00000010   Code   RO         2711    i.HAL_IncTick       stm32f4xx_hal.o
    0x08001a5c   0x08001a5c   0x00000034   Code   RO         2712    i.HAL_Init          stm32f4xx_hal.o
    0x08001a90   0x08001a90   0x00000074   Code   RO         3857    i.HAL_InitTick      stm32f4xx_hal_timebase_tim.o
    0x08001b04   0x08001b04   0x00000058   Code   RO         3542    i.HAL_MspInit       stm32f4xx_hal_msp.o
    0x08001b5c   0x08001b5c   0x00000016   Code   RO         2475    i.HAL_NVIC_EnableIRQ  stm32f4xx_hal_cortex.o
    0x08001b72   0x08001b72   0x00000002   PAD
    0x08001b74   0x08001b74   0x00000040   Code   RO         2481    i.HAL_NVIC_SetPriority  stm32f4xx_hal_cortex.o
    0x08001bb4   0x08001bb4   0x00000024   Code   RO         2482    i.HAL_NVIC_SetPriorityGrouping  stm32f4xx_hal_cortex.o
    0x08001bd8   0x08001bd8   0x0000017c   Code   RO         3093    i.HAL_RCC_ClockConfig  stm32f4xx_hal_rcc.o
    0x08001d54   0x08001d54   0x00000040   Code   RO         3097    i.HAL_RCC_GetClockConfig  stm32f4xx_hal_rcc.o
    0x08001d94   0x08001d94   0x0000000c   Code   RO         3098    i.HAL_RCC_GetHCLKFreq  stm32f4xx_hal_rcc.o
    0x08001da0   0x08001da0   0x00000030   Code   RO         3100    i.HAL_RCC_GetPCLK1Freq  stm32f4xx_hal_rcc.o
    0x08001dd0   0x08001dd0   0x00000030   Code   RO         3101    i.HAL_RCC_GetPCLK2Freq  stm32f4xx_hal_rcc.o
    0x08001e00   0x08001e00   0x00000074   Code   RO         3102    i.HAL_RCC_GetSysClockFreq  stm32f4xx_hal_rcc.o
    0x08001e74   0x08001e74   0x000002e4   Code   RO         3105    i.HAL_RCC_OscConfig  stm32f4xx_hal_rcc.o
    0x08002158   0x08002158   0x00000018   Code   RO         2484    i.HAL_SYSTICK_CLKSourceConfig  stm32f4xx_hal_cortex.o
    0x08002170   0x08002170   0x00000028   Code   RO         2486    i.HAL_SYSTICK_Config  stm32f4xx_hal_cortex.o
    0x08002198   0x08002198   0x00000002   Code   RO         3197    i.HAL_TIMEx_BreakCallback  stm32f4xx_hal_tim_ex.o
    0x0800219a   0x0800219a   0x00000002   Code   RO         3198    i.HAL_TIMEx_CommutationCallback  stm32f4xx_hal_tim_ex.o
    0x0800219c   0x0800219c   0x00000050   Code   RO         3214    i.HAL_TIMEx_MasterConfigSynchronization  stm32f4xx_hal_tim_ex.o
    0x080021ec   0x080021ec   0x00000036   Code   RO         1264    i.HAL_TIM_Base_Init  stm32f4xx_hal_tim.o
    0x08002222   0x08002222   0x00000002   Code   RO         1266    i.HAL_TIM_Base_MspInit  stm32f4xx_hal_tim.o
    0x08002224   0x08002224   0x00000018   Code   RO         1269    i.HAL_TIM_Base_Start_IT  stm32f4xx_hal_tim.o
    0x0800223c   0x0800223c   0x00000002   Code   RO         1293    i.HAL_TIM_IC_CaptureCallback  stm32f4xx_hal_tim.o
    0x0800223e   0x0800223e   0x00000166   Code   RO         1306    i.HAL_TIM_IRQHandler  stm32f4xx_hal_tim.o
    0x080023a4   0x080023a4   0x00000034   Code   RO         4272    i.HAL_TIM_MspPostInit  tim.o
    0x080023d8   0x080023d8   0x00000002   Code   RO         1309    i.HAL_TIM_OC_DelayElapsedCallback  stm32f4xx_hal_tim.o
    0x080023da   0x080023da   0x000000d0   Code   RO         1330    i.HAL_TIM_PWM_ConfigChannel  stm32f4xx_hal_tim.o
    0x080024aa   0x080024aa   0x00000036   Code   RO         1333    i.HAL_TIM_PWM_Init  stm32f4xx_hal_tim.o
    0x080024e0   0x080024e0   0x00000028   Code   RO         4274    i.HAL_TIM_PWM_MspInit  tim.o
    0x08002508   0x08002508   0x00000002   Code   RO         1336    i.HAL_TIM_PWM_PulseFinishedCallback  stm32f4xx_hal_tim.o
    0x0800250a   0x0800250a   0x00000002   PAD
    0x0800250c   0x0800250c   0x00000038   Code   RO         1337    i.HAL_TIM_PWM_Start  stm32f4xx_hal_tim.o
    0x08002544   0x08002544   0x00000014   Code   RO         3982    i.HAL_TIM_PeriodElapsedCallback  main.o
    0x08002558   0x08002558   0x00000002   Code   RO         1347    i.HAL_TIM_TriggerCallback  stm32f4xx_hal_tim.o
    0x0800255a   0x0800255a   0x00000002   Code   RO         2232    i.HAL_UART_ErrorCallback  stm32f4xx_hal_uart.o
    0x0800255c   0x0800255c   0x00000110   Code   RO         2235    i.HAL_UART_IRQHandler  stm32f4xx_hal_uart.o
    0x0800266c   0x0800266c   0x00000062   Code   RO         2236    i.HAL_UART_Init     stm32f4xx_hal_uart.o
    0x080026ce   0x080026ce   0x00000002   PAD
    0x080026d0   0x080026d0   0x000002ac   Code   RO         4200    i.HAL_UART_MspInit  usart.o
    0x0800297c   0x0800297c   0x00000090   Code   RO         2240    i.HAL_UART_Receive_DMA  stm32f4xx_hal_uart.o
    0x08002a0c   0x08002a0c   0x00000002   Code   RO         2242    i.HAL_UART_RxCpltCallback  stm32f4xx_hal_uart.o
    0x08002a0e   0x08002a0e   0x00000002   Code   RO         2243    i.HAL_UART_RxHalfCpltCallback  stm32f4xx_hal_uart.o
    0x08002a10   0x08002a10   0x00000002   Code   RO         2247    i.HAL_UART_TxCpltCallback  stm32f4xx_hal_uart.o
    0x08002a12   0x08002a12   0x00000002   Code   RO         3576    i.HardFault_Handler  stm32f4xx_it.o
    0x08002a14   0x08002a14   0x00000012   Code   RO         4615    i.LPF_1st           pid.o
    0x08002a26   0x08002a26   0x00000002   PAD
    0x08002a28   0x08002a28   0x00000044   Code   RO         4099    i.MX_CAN1_Init      can.o
    0x08002a6c   0x08002a6c   0x00000048   Code   RO         4100    i.MX_CAN2_Init      can.o
    0x08002ab4   0x08002ab4   0x0000006c   Code   RO         4175    i.MX_DMA_Init       dma.o
    0x08002b20   0x08002b20   0x00000054   Code   RO         3896    i.MX_FREERTOS_Init  freertos.o
    0x08002b74   0x08002b74   0x0000015c   Code   RO         4151    i.MX_GPIO_Init      gpio.o
    0x08002cd0   0x08002cd0   0x00000074   Code   RO         4275    i.MX_TIM5_Init      tim.o
    0x08002d44   0x08002d44   0x00000038   Code   RO         4202    i.MX_UART8_Init     usart.o
    0x08002d7c   0x08002d7c   0x0000003c   Code   RO         4203    i.MX_USART1_UART_Init  usart.o
    0x08002db8   0x08002db8   0x00000038   Code   RO         4204    i.MX_USART2_UART_Init  usart.o
    0x08002df0   0x08002df0   0x00000038   Code   RO         4205    i.MX_USART3_UART_Init  usart.o
    0x08002e28   0x08002e28   0x00000038   Code   RO         4206    i.MX_USART6_UART_Init  usart.o
    0x08002e60   0x08002e60   0x00000002   Code   RO         3577    i.MemManage_Handler  stm32f4xx_it.o
    0x08002e62   0x08002e62   0x00000002   PAD
    0x08002e64   0x08002e64   0x000000c4   Code   RO         4415    i.MiniPC_Data_task  date_pro_task.o
    0x08002f28   0x08002f28   0x00000002   Code   RO         3578    i.NMI_Handler       stm32f4xx_it.o
    0x08002f2a   0x08002f2a   0x00000020   Code   RO         2488    i.NVIC_SetPriority  stm32f4xx_hal_cortex.o
    0x08002f4a   0x08002f4a   0x00000002   PAD
    0x08002f4c   0x08002f4c   0x00000018   Code   RO         4616    i.PID_struct_init   pid.o
    0x08002f64   0x08002f64   0x00000020   Code   RO         4676    i.RefreshDeviceOutLineTime  systemstate.o
    0x08002f84   0x08002f84   0x00000020   Code   RO         4678    i.RefreshTaskOutLineTime  systemstate.o
    0x08002fa4   0x08002fa4   0x00000068   Code   RO         4347    i.Remote_Ctrl       communication.o
    0x0800300c   0x0800300c   0x00000008   Code   RO         3897    i.StartDefaultTask  freertos.o
    0x08003014   0x08003014   0x00000004   Code   RO         3579    i.SysTick_Handler   stm32f4xx_it.o
    0x08003018   0x08003018   0x000000a0   Code   RO         3983    i.SystemClock_Config  main.o
    0x080030b8   0x080030b8   0x00000054   Code   RO           14    i.SystemInit        system_stm32f4xx.o
    0x0800310c   0x0800310c   0x0000000c   Code   RO         3580    i.TIM1_UP_TIM10_IRQHandler  stm32f4xx_it.o
    0x08003118   0x08003118   0x00000010   Code   RO         4276    i.TIM5_PWM_Init     tim.o
    0x08003128   0x08003128   0x000000c0   Code   RO         1348    i.TIM_Base_SetConfig  stm32f4xx_hal_tim.o
    0x080031e8   0x080031e8   0x00000016   Code   RO         1349    i.TIM_CCxChannelCmd  stm32f4xx_hal_tim.o
    0x080031fe   0x080031fe   0x00000002   PAD
    0x08003200   0x08003200   0x00000058   Code   RO         1357    i.TIM_OC1_SetConfig  stm32f4xx_hal_tim.o
    0x08003258   0x08003258   0x00000064   Code   RO         1358    i.TIM_OC2_SetConfig  stm32f4xx_hal_tim.o
    0x080032bc   0x080032bc   0x00000060   Code   RO         1359    i.TIM_OC3_SetConfig  stm32f4xx_hal_tim.o
    0x0800331c   0x0800331c   0x00000050   Code   RO         1360    i.TIM_OC4_SetConfig  stm32f4xx_hal_tim.o
    0x0800336c   0x0800336c   0x00000010   Code   RO         2249    i.UART_DMAAbortOnError  stm32f4xx_hal_uart.o
    0x0800337c   0x0800337c   0x0000004a   Code   RO         2250    i.UART_DMAError     stm32f4xx_hal_uart.o
    0x080033c6   0x080033c6   0x0000003c   Code   RO         2251    i.UART_DMAReceiveCplt  stm32f4xx_hal_uart.o
    0x08003402   0x08003402   0x0000000a   Code   RO         2252    i.UART_DMARxHalfCplt  stm32f4xx_hal_uart.o
    0x0800340c   0x0800340c   0x0000001c   Code   RO         2255    i.UART_EndRxTransfer  stm32f4xx_hal_uart.o
    0x08003428   0x08003428   0x00000012   Code   RO         2256    i.UART_EndTxTransfer  stm32f4xx_hal_uart.o
    0x0800343a   0x0800343a   0x0000008c   Code   RO         2257    i.UART_Receive_IT   stm32f4xx_hal_uart.o
    0x080034c6   0x080034c6   0x00000002   PAD
    0x080034c8   0x080034c8   0x000002ac   Code   RO         2258    i.UART_SetConfig    stm32f4xx_hal_uart.o
    0x08003774   0x08003774   0x00000062   Code   RO         2259    i.UART_Transmit_IT  stm32f4xx_hal_uart.o
    0x080037d6   0x080037d6   0x00000002   PAD
    0x080037d8   0x080037d8   0x0000005c   Code   RO         3581    i.USART1_IRQHandler  stm32f4xx_it.o
    0x08003834   0x08003834   0x00000068   Code   RO         3582    i.USART6_IRQHandler  stm32f4xx_it.o
    0x0800389c   0x0800389c   0x00000002   Code   RO         3583    i.UsageFault_Handler  stm32f4xx_it.o
    0x0800389e   0x0800389e   0x00000002   PAD
    0x080038a0   0x080038a0   0x00000104   Code   RO         4997    i.__hardfp_fmod     m_wm.l(fmod.o)
    0x080039a4   0x080039a4   0x00000004   PAD
    0x080039a8   0x080039a8   0x00000020   Code   RO         5045    i.__mathlib_dbl_invalid  m_wm.l(dunder.o)
    0x080039c8   0x080039c8   0x0000000e   Code   RO         5114    i.__scatterload_copy  mc_w.l(handlers.o)
    0x080039d6   0x080039d6   0x00000002   Code   RO         5115    i.__scatterload_null  mc_w.l(handlers.o)
    0x080039d8   0x080039d8   0x0000000e   Code   RO         5116    i.__scatterload_zeroinit  mc_w.l(handlers.o)
    0x080039e6   0x080039e6   0x00000002   PAD
    0x080039e8   0x080039e8   0x0000000c   Code   RO         5090    i.__set_errno       mc_w.l(errno.o)
    0x080039f4   0x080039f4   0x0000004e   Code   RO         4750    i.first_order_filter_cali  user_lib.o
    0x08003a42   0x08003a42   0x00000012   Code   RO         4751    i.first_order_filter_init  user_lib.o
    0x08003a54   0x08003a54   0x00000048   Code   RO         4891    i.get_moto_measure_3508  motor_use_can.o
    0x08003a9c   0x08003a9c   0x0000000c   Code   RO         4893    i.get_moto_offset   motor_use_can.o
    0x08003aa8   0x08003aa8   0x000000d4   Code   RO         4487    i.gimbal_pid_init   gimbal_task.o
    0x08003b7c   0x08003b7c   0x00000130   Code   RO         4488    i.gong_ji           gimbal_task.o
    0x08003cac   0x08003cac   0x0000001e   Code   RO         3984    i.main              main.o
    0x08003cca   0x08003cca   0x0000000c   Code   RO          144    i.makeFreeRtosPriority  cmsis_os.o
    0x08003cd6   0x08003cd6   0x0000000e   Code   RO          145    i.osDelay           cmsis_os.o
    0x08003ce4   0x08003ce4   0x0000000a   Code   RO          148    i.osKernelStart     cmsis_os.o
    0x08003cee   0x08003cee   0x00000014   Code   RO          177    i.osSystickHandler  cmsis_os.o
    0x08003d02   0x08003d02   0x00000038   Code   RO          178    i.osThreadCreate    cmsis_os.o
    0x08003d3a   0x08003d3a   0x00000002   PAD
    0x08003d3c   0x08003d3c   0x000001dc   Code   RO         4617    i.pid_calc          pid.o
    0x08003f18   0x08003f18   0x0000000e   Code   RO         4618    i.pid_param_init    pid.o
    0x08003f26   0x08003f26   0x00000006   Code   RO         4619    i.pid_reset         pid.o
    0x08003f2c   0x08003f2c   0x00000034   Code   RO          509    i.prvAddCurrentTaskToDelayedList  tasks.o
    0x08003f60   0x08003f60   0x00000054   Code   RO          510    i.prvCheckTasksWaitingTermination  tasks.o
    0x08003fb4   0x08003fb4   0x0000004c   Code   RO          971    i.prvHeapInit       heap_4.o
    0x08004000   0x08004000   0x00000028   Code   RO          511    i.prvIdleTask       tasks.o
    0x08004028   0x08004028   0x0000004c   Code   RO          972    i.prvInsertBlockIntoFreeList  heap_4.o
    0x08004074   0x08004074   0x00000020   Code   RO          513    i.prvResetNextTaskUnblockTime  tasks.o
    0x08004094   0x08004094   0x00000028   Code   RO         1155    i.prvTaskExitError  port.o
    0x080040bc   0x080040bc   0x000000d8   Code   RO          973    i.pvPortMalloc      heap_4.o
    0x08004194   0x08004194   0x00000028   Code   RO         1156    i.pxPortInitialiseStack  port.o
    0x080041bc   0x080041bc   0x00000050   Code   RO         4758    i.ramp_calc         user_lib.o
    0x0800420c   0x0800420c   0x0000001a   Code   RO         4759    i.ramp_init         user_lib.o
    0x08004226   0x08004226   0x00000024   Code   RO         1118    i.uxListRemove      list.o
    0x0800424a   0x0800424a   0x00000016   Code   RO         1119    i.vListInitialise   list.o
    0x08004260   0x08004260   0x00000006   Code   RO         1120    i.vListInitialiseItem  list.o
    0x08004266   0x08004266   0x00000030   Code   RO         1121    i.vListInsert       list.o
    0x08004296   0x08004296   0x00000018   Code   RO         1122    i.vListInsertEnd    list.o
    0x080042ae   0x080042ae   0x00000002   PAD
    0x080042b0   0x080042b0   0x00000040   Code   RO         1158    i.vPortEnterCritical  port.o
    0x080042f0   0x080042f0   0x00000028   Code   RO         1159    i.vPortExitCritical  port.o
    0x08004318   0x08004318   0x0000005c   Code   RO          974    i.vPortFree         heap_4.o
    0x08004374   0x08004374   0x00000020   Code   RO         1160    i.vPortSetupTimerInterrupt  port.o
    0x08004394   0x08004394   0x00000068   Code   RO          523    i.vTaskDelay        tasks.o
    0x080043fc   0x080043fc   0x00000068   Code   RO          535    i.vTaskStartScheduler  tasks.o
    0x08004464   0x08004464   0x00000010   Code   RO          537    i.vTaskSuspendAll   tasks.o
    0x08004474   0x08004474   0x0000005c   Code   RO          538    i.vTaskSwitchContext  tasks.o
    0x080044d0   0x080044d0   0x000000e0   Code   RO         1162    i.xPortStartScheduler  port.o
    0x080045b0   0x080045b0   0x0000002c   Code   RO         1163    i.xPortSysTickHandler  port.o
    0x080045dc   0x080045dc   0x000001bc   Code   RO          540    i.xTaskGenericCreate  tasks.o
    0x08004798   0x08004798   0x0000001c   Code   RO          544    i.xTaskGetSchedulerState  tasks.o
    0x080047b4   0x080047b4   0x0000000c   Code   RO          545    i.xTaskGetTickCount  tasks.o
    0x080047c0   0x080047c0   0x000000cc   Code   RO          547    i.xTaskIncrementTick  tasks.o
    0x0800488c   0x0800488c   0x000000c4   Code   RO          553    i.xTaskResumeAll    tasks.o
    0x08004950   0x08004950   0x000000e4   Code   RO         4489    i.xun_han           gimbal_task.o
    0x08004a34   0x08004a34   0x00000010   Data   RO         3106    .constdata          stm32f4xx_hal_rcc.o
    0x08004a44   0x08004a44   0x00000008   Data   RO         3451    .constdata          stm32f4xx_hal_dma.o
    0x08004a4c   0x08004a4c   0x0000003c   Data   RO         3898    .constdata          freertos.o
    0x08004a88   0x08004a88   0x00000004   Data   RO         4495    .constdata          gimbal_task.o
    0x08004a8c   0x08004a8c   0x00000028   Data   RO         3899    .conststring        freertos.o
    0x08004ab4   0x08004ab4   0x00000020   Data   RO         5112    Region$$Table       anon$$obj.o


    Execution Region RW_IRAM1 (Exec base: 0x20000000, Load base: 0x08004ad4, Size: 0x00004b28, Max: 0x00030000, ABSOLUTE)

    Exec Addr    Load Addr    Size         Type   Attr      Idx    E Section Name        Object

    0x20000000   0x08004ad4   0x00000004   Data   RW           16    .data               system_stm32f4xx.o
    0x20000004   0x08004ad8   0x00000038   Data   RW          556    .data               tasks.o
    0x2000003c   0x08004b10   0x00000018   Data   RW          979    .data               heap_4.o
    0x20000054   0x08004b28   0x0000000c   Data   RW         1164    .data               port.o
    0x20000060   0x08004b34   0x00000004   Data   RW         2718    .data               stm32f4xx_hal.o
    0x20000064   0x08004b38   0x00000001   Data   RW         3584    .data               stm32f4xx_it.o
    0x20000065   0x08004b39   0x00000003   PAD
    0x20000068   0x08004b3c   0x0000000c   Data   RW         3900    .data               freertos.o
    0x20000074   0x08004b48   0x00000004   Data   RW         4102    .data               can.o
    0x20000078   0x08004b4c   0x00000003   Data   RW         4422    .data               date_pro_task.o
    0x2000007b   0x08004b4f   0x00000001   PAD
    0x2000007c   0x08004b50   0x00000034   Data   RW         4496    .data               gimbal_task.o
    0x200000b0   0x08004b84   0x00000004   Data   RW         5091    .data               mc_w.l(errno.o)
    0x200000b4        -       0x000000f0   Zero   RW          555    .bss                tasks.o
    0x200001a4        -       0x00003c00   Zero   RW          978    .bss                heap_4.o
    0x20003da4        -       0x0000003c   Zero   RW         3860    .bss                stm32f4xx_hal_timebase_tim.o
    0x20003de0        -       0x00000100   Zero   RW         4101    .bss                can.o
    0x20003ee0        -       0x00000360   Zero   RW         4207    .bss                usart.o
    0x20004240        -       0x0000003c   Zero   RW         4277    .bss                tim.o
    0x2000427c        -       0x00000026   Zero   RW         4352    .bss                communication.o
    0x200042a2        -       0x00000019   Zero   RW         4387    .bss                minipc.o
    0x200042bb   0x08004b88   0x00000001   PAD
    0x200042bc        -       0x00000338   Zero   RW         4490    .bss                gimbal_task.o
    0x200045f4        -       0x00000034   Zero   RW         4682    .bss                systemstate.o
    0x20004628        -       0x0000002c   Zero   RW         4897    .bss                motor_use_can.o
    0x20004654        -       0x0000002c   Zero   RW         4898    .bss                motor_use_can.o
    0x20004680        -       0x000000a8   Zero   RW         4899    .bss                motor_use_can.o
    0x20004728        -       0x00000400   Zero   RW            1    STACK               startup_stm32f427xx.o


==============================================================================

Image component sizes


      Code (inc. data)   RO Data    RW Data    ZI Data      Debug   Object Name

       180         30          0          0          0        611   bsp.o
       416         48          0          4        256       3263   can.o
       112          0          0          0          0      24144   cmsis_os.o
       104          4          0          0         38       2305   communication.o
       196         32          0          3          0       3381   date_pro_task.o
       108          4          0          0          0        886   dma.o
        92         10        100         12          0       8042   freertos.o
      1000        144          4         52        824       6606   gimbal_task.o
       348         22          0          0          0       1267   gpio.o
       460         24          0         24      15360       7467   heap_4.o
       136          0          0          0          0       3754   list.o
       212         16          0          0          0       2868   main.o
        56          6          0          0         25       1909   minipc.o
       208         10          0          0        256       4539   motor_use_can.o
       580         16          0          0          0       6216   pid.o
       670         74          0         12          0       8776   port.o
        36          8        428          0       1024        860   startup_stm32f427xx.o
       102         16          0          4          0       3792   stm32f4xx_hal.o
      1878         38          0          0          0       8152   stm32f4xx_hal_can.o
       218         14          0          0          0      31285   stm32f4xx_hal_cortex.o
       952         22          8          0          0       6770   stm32f4xx_hal_dma.o
       470         52          0          0          0       2644   stm32f4xx_hal_gpio.o
        88          0          0          0          0        558   stm32f4xx_hal_msp.o
      1408         90         16          0          0       6884   stm32f4xx_hal_rcc.o
      1342         88          0          0          0      13553   stm32f4xx_hal_tim.o
        84          0          0          0          0       2558   stm32f4xx_hal_tim_ex.o
       116         16          0          0         60       1560   stm32f4xx_hal_timebase_tim.o
      1650         26          0          0          0      11852   stm32f4xx_hal_uart.o
       456         88          0          1          0     294345   stm32f4xx_it.o
        84         18          0          4          0     349853   system_stm32f4xx.o
        64          8          0          0         52       3039   systemstate.o
      1408        122          0         56        240      25318   tasks.o
       356         60          0          0         60       3624   tim.o
         0          0          0          0          0       5152   timers.o
       968        116          0          0        864       5077   usart.o
       202          0          0          0          0       3820   user_lib.o

    ----------------------------------------------------------------------
     16800       1222        588        176      19060     866730   Object Totals
         0          0         32          0          0          0   (incl. Generated)
        40          0          0          4          1          0   (incl. Padding)

    ----------------------------------------------------------------------

      Code (inc. data)   RO Data    RW Data    ZI Data      Debug   Library Member Name

        32          8          0          0          0        124   dunder.o
       260          6          0          0          0        144   fmod.o
         0          0          0          0          0          0   entry.o
         0          0          0          0          0          0   entry10a.o
         0          0          0          0          0          0   entry11a.o
         8          4          0          0          0          0   entry2.o
         4          0          0          0          0          0   entry5.o
         0          0          0          0          0          0   entry7b.o
         0          0          0          0          0          0   entry8b.o
         8          4          0          0          0          0   entry9a.o
        12          6          0          4          0         68   errno.o
        30          0          0          0          0          0   handlers.o
        36          8          0          0          0         68   init.o
         0          0          0          0          0          0   iusefp.o
        30          0          0          0          0         68   llshl.o
        36          0          0          0          0         68   llsshr.o
        32          0          0          0          0         68   llushr.o
        36          0          0          0          0         68   memcpya.o
        36          0          0          0          0        108   memseta.o
       334          0          0          0          0        148   dadd.o
       222          0          0          0          0        100   ddiv.o
       186          0          0          0          0        176   depilogue.o
        62          0          0          0          0         80   dfixi.o
        34          0          0          0          0         76   dflti.o
       228          0          0          0          0         96   dmul.o
       134          0          0          0          0         96   drem.o

    ----------------------------------------------------------------------
      1768         40          0          4          0       1556   Library Totals
         8          4          0          0          0          0   (incl. Padding)

    ----------------------------------------------------------------------

      Code (inc. data)   RO Data    RW Data    ZI Data      Debug   Library Name

       292         14          0          0          0        268   m_wm.l
       268         22          0          4          0        516   mc_w.l
      1200          0          0          0          0        772   mf_w.l

    ----------------------------------------------------------------------
      1768         40          0          4          0       1556   Library Totals

    ----------------------------------------------------------------------

==============================================================================


      Code (inc. data)   RO Data    RW Data    ZI Data      Debug   

     18568       1262        588        180      19060     851818   Grand Totals
     18568       1262        588        180      19060     851818   ELF Image Totals
     18568       1262        588        180          0          0   ROM Totals

==============================================================================

    Total RO  Size (Code + RO Data)                19156 (  18.71kB)
    Total RW  Size (RW Data + ZI Data)             19240 (  18.79kB)
    Total ROM Size (Code + RO Data + RW Data)      19336 (  18.88kB)

==============================================================================

