Component: ARM Compiler 5.06 update 6 (build 750) Tool: armlink [4d35ed]

==============================================================================

Section Cross References

    startup_stm32f427xx.o(RESET) refers to startup_stm32f427xx.o(STACK) for __initial_sp
    startup_stm32f427xx.o(RESET) refers to startup_stm32f427xx.o(.text) for Reset_Handler
    startup_stm32f427xx.o(RESET) refers to stm32f4xx_it.o(i.NMI_Handler) for NMI_Handler
    startup_stm32f427xx.o(RESET) refers to stm32f4xx_it.o(i.HardFault_Handler) for HardFault_Handler
    startup_stm32f427xx.o(RESET) refers to stm32f4xx_it.o(i.MemManage_Handler) for MemManage_Handler
    startup_stm32f427xx.o(RESET) refers to stm32f4xx_it.o(i.BusFault_Handler) for BusFault_Handler
    startup_stm32f427xx.o(RESET) refers to stm32f4xx_it.o(i.UsageFault_Handler) for UsageFault_Handler
    startup_stm32f427xx.o(RESET) refers to port.o(.emb_text) for SVC_Handler
    startup_stm32f427xx.o(RESET) refers to stm32f4xx_it.o(i.DebugMon_Handler) for DebugMon_Handler
    startup_stm32f427xx.o(RESET) refers to stm32f4xx_it.o(i.SysTick_Handler) for SysTick_Handler
    startup_stm32f427xx.o(RESET) refers to stm32f4xx_it.o(i.EXTI2_IRQHandler) for EXTI2_IRQHandler
    startup_stm32f427xx.o(RESET) refers to stm32f4xx_it.o(i.DMA1_Stream5_IRQHandler) for DMA1_Stream5_IRQHandler
    startup_stm32f427xx.o(RESET) refers to stm32f4xx_it.o(i.DMA1_Stream6_IRQHandler) for DMA1_Stream6_IRQHandler
    startup_stm32f427xx.o(RESET) refers to stm32f4xx_it.o(i.CAN1_RX0_IRQHandler) for CAN1_RX0_IRQHandler
    startup_stm32f427xx.o(RESET) refers to stm32f4xx_it.o(i.TIM1_UP_TIM10_IRQHandler) for TIM1_UP_TIM10_IRQHandler
    startup_stm32f427xx.o(RESET) refers to stm32f4xx_it.o(i.TIM2_IRQHandler) for TIM2_IRQHandler
    startup_stm32f427xx.o(RESET) refers to stm32f4xx_it.o(i.TIM3_IRQHandler) for TIM3_IRQHandler
    startup_stm32f427xx.o(RESET) refers to stm32f4xx_it.o(i.TIM4_IRQHandler) for TIM4_IRQHandler
    startup_stm32f427xx.o(RESET) refers to stm32f4xx_it.o(i.USART1_IRQHandler) for USART1_IRQHandler
    startup_stm32f427xx.o(RESET) refers to stm32f4xx_it.o(i.USART2_IRQHandler) for USART2_IRQHandler
    startup_stm32f427xx.o(RESET) refers to stm32f4xx_it.o(i.USART3_IRQHandler) for USART3_IRQHandler
    startup_stm32f427xx.o(RESET) refers to stm32f4xx_it.o(i.TIM8_BRK_TIM12_IRQHandler) for TIM8_BRK_TIM12_IRQHandler
    startup_stm32f427xx.o(RESET) refers to stm32f4xx_it.o(i.TIM6_DAC_IRQHandler) for TIM6_DAC_IRQHandler
    startup_stm32f427xx.o(RESET) refers to stm32f4xx_it.o(i.DMA2_Stream1_IRQHandler) for DMA2_Stream1_IRQHandler
    startup_stm32f427xx.o(RESET) refers to stm32f4xx_it.o(i.DMA2_Stream2_IRQHandler) for DMA2_Stream2_IRQHandler
    startup_stm32f427xx.o(RESET) refers to stm32f4xx_it.o(i.DMA2_Stream4_IRQHandler) for DMA2_Stream4_IRQHandler
    startup_stm32f427xx.o(RESET) refers to stm32f4xx_it.o(i.CAN2_RX0_IRQHandler) for CAN2_RX0_IRQHandler
    startup_stm32f427xx.o(RESET) refers to stm32f4xx_it.o(i.USART6_IRQHandler) for USART6_IRQHandler
    startup_stm32f427xx.o(RESET) refers to stm32f4xx_it.o(i.UART8_IRQHandler) for UART8_IRQHandler
    startup_stm32f427xx.o(.text) refers to system_stm32f4xx.o(i.SystemInit) for SystemInit
    startup_stm32f427xx.o(.text) refers to entry.o(.ARM.Collect$$$$00000000) for __main
    system_stm32f4xx.o(i.SystemCoreClockUpdate) refers to system_stm32f4xx.o(.data) for .data
    system_stm32f4xx.o(i.SystemCoreClockUpdate) refers to system_stm32f4xx.o(.constdata) for .constdata
    cmsis_os.o(i.osDelay) refers to tasks.o(i.vTaskDelay) for vTaskDelay
    cmsis_os.o(i.osDelayUntil) refers to tasks.o(i.vTaskDelayUntil) for vTaskDelayUntil
    cmsis_os.o(i.osKernelRunning) refers to tasks.o(i.xTaskGetSchedulerState) for xTaskGetSchedulerState
    cmsis_os.o(i.osKernelStart) refers to tasks.o(i.vTaskStartScheduler) for vTaskStartScheduler
    cmsis_os.o(i.osKernelSysTick) refers to cmsis_os.o(i.inHandlerMode) for inHandlerMode
    cmsis_os.o(i.osKernelSysTick) refers to tasks.o(i.xTaskGetTickCountFromISR) for xTaskGetTickCountFromISR
    cmsis_os.o(i.osKernelSysTick) refers to tasks.o(i.xTaskGetTickCount) for xTaskGetTickCount
    cmsis_os.o(i.osMailAlloc) refers to cmsis_os.o(i.osPoolAlloc) for osPoolAlloc
    cmsis_os.o(i.osMailCAlloc) refers to cmsis_os.o(i.osMailAlloc) for osMailAlloc
    cmsis_os.o(i.osMailCreate) refers to heap_4.o(i.pvPortMalloc) for pvPortMalloc
    cmsis_os.o(i.osMailCreate) refers to queue.o(i.xQueueGenericCreate) for xQueueGenericCreate
    cmsis_os.o(i.osMailCreate) refers to cmsis_os.o(i.osPoolCreate) for osPoolCreate
    cmsis_os.o(i.osMailCreate) refers to heap_4.o(i.vPortFree) for vPortFree
    cmsis_os.o(i.osMailFree) refers to cmsis_os.o(i.osPoolFree) for osPoolFree
    cmsis_os.o(i.osMailGet) refers to cmsis_os.o(i.inHandlerMode) for inHandlerMode
    cmsis_os.o(i.osMailGet) refers to queue.o(i.xQueueReceiveFromISR) for xQueueReceiveFromISR
[...]
    _main_stk                                0x080001ad   Thumb Code     0  entry2.o(.ARM.Collect$$$$00000001)
    _main_scatterload                        0x080001b1   Thumb Code     0  entry5.o(.ARM.Collect$$$$00000004)
    __main_after_scatterload                 0x080001b5   Thumb Code     0  entry5.o(.ARM.Collect$$$$00000004)
    _main_clock                              0x080001b5   Thumb Code     0  entry7b.o(.ARM.Collect$$$$00000008)
    _main_cpp_init                           0x080001b5   Thumb Code     0  entry8b.o(.ARM.Collect$$$$0000000A)
    _main_init                               0x080001b5   Thumb Code     0  entry9a.o(.ARM.Collect$$$$0000000B)
    __rt_final_cpp                           0x080001bd   Thumb Code     0  entry10a.o(.ARM.Collect$$$$0000000D)
    __rt_final_exit                          0x080001bd   Thumb Code     0  entry11a.o(.ARM.Collect$$$$0000000F)
    SVC_Handler                              0x080001c1   Thumb Code    28  port.o(.emb_text)
    __asm___6_port_c_39a90d8d__prvStartFirstTask 0x080001e1   Thumb Code    28  port.o(.emb_text)
    __asm___6_port_c_39a90d8d__prvEnableVFP  0x08000201   Thumb Code    16  port.o(.emb_text)
    PendSV_Handler                           0x08000215   Thumb Code    92  port.o(.emb_text)
    vPortGetIPSR                             0x08000275   Thumb Code     6  port.o(.emb_text)
    Reset_Handler                            0x0800027d   Thumb Code     8  startup_stm32f427xx.o(.text)
    ADC_IRQHandler                           0x08000297   Thumb Code     0  startup_stm32f427xx.o(.text)
    CAN1_RX1_IRQHandler                      0x08000297   Thumb Code     0  startup_stm32f427xx.o(.text)
    CAN1_SCE_IRQHandler                      0x08000297   Thumb Code     0  startup_stm32f427xx.o(.text)
    CAN1_TX_IRQHandler                       0x08000297   Thumb Code     0  startup_stm32f427xx.o(.text)
    CAN2_RX1_IRQHandler                      0x08000297   Thumb Code     0  startup_stm32f427xx.o(.text)
    CAN2_SCE_IRQHandler                      0x08000297   Thumb Code     0  startup_stm32f427xx.o(.text)
    CAN2_TX_IRQHandler                       0x08000297   Thumb Code     0  startup_stm32f427xx.o(.text)
    DCMI_IRQHandler                          0x08000297   Thumb Code     0  startup_stm32f427xx.o(.text)
    DMA1_Stream0_IRQHandler                  0x08000297   Thumb Code     0  startup_stm32f427xx.o(.text)
    DMA1_Stream1_IRQHandler                  0x08000297   Thumb Code     0  startup_stm32f427xx.o(.text)
    DMA1_Stream2_IRQHandler                  0x08000297   Thumb Code     0  startup_stm32f427xx.o(.text)
    DMA1_Stream3_IRQHandler                  0x08000297   Thumb Code     0  startup_stm32f427xx.o(.text)
    DMA1_Stream4_IRQHandler                  0x08000297   Thumb Code     0  startup_stm32f427xx.o(.text)
    DMA1_Stream7_IRQHandler                  0x08000297   Thumb Code     0  startup_stm32f427xx.o(.text)
    DMA2D_IRQHandler                         0x08000297   Thumb Code     0  startup_stm32f427xx.o(.text)
    DMA2_Stream0_IRQHandler                  0x08000297   Thumb Code     0  startup_stm32f427xx.o(.text)
    DMA2_Stream3_IRQHandler                  0x08000297   Thumb Code     0  startup_stm32f427xx.o(.text)
    DMA2_Stream5_IRQHandler                  0x08000297   Thumb Code     0  startup_stm32f427xx.o(.text)
    DMA2_Stream6_IRQHandler                  0x08000297   Thumb Code     0  startup_stm32f427xx.o(.text)
    DMA2_Stream7_IRQHandler                  0x08000297   Thumb Code     0  startup_stm32f427xx.o(.text)
    ETH_IRQHandler                           0x08000297   Thumb Code     0  startup_stm32f427xx.o(.text)
    ETH_WKUP_IRQHandler                      0x08000297   Thumb Code     0  startup_stm32f427xx.o(.text)
    EXTI0_IRQHandler                         0x08000297   Thumb Code     0  startup_stm32f427xx.o(.text)
    EXTI15_10_IRQHandler                     0x08000297   Thumb Code     0  startup_stm32f427xx.o(.text)
    EXTI1_IRQHandler                         0x08000297   Thumb Code     0  startup_stm32f427xx.o(.text)
    EXTI3_IRQHandler                         0x08000297   Thumb Code     0  startup_stm32f427xx.o(.text)
    EXTI4_IRQHandler                         0x08000297   Thumb Code     0  startup_stm32f427xx.o(.text)
    EXTI9_5_IRQHandler                       0x08000297   Thumb Code     0  startup_stm32f427xx.o(.text)
    FLASH_IRQHandler                         0x08000297   Thumb Code     0  startup_stm32f427xx.o(.text)
    FMC_IRQHandler                           0x08000297   Thumb Code     0  startup_stm32f427xx.o(.text)
    FPU_IRQHandler                           0x08000297   Thumb Code     0  startup_stm32f427xx.o(.text)
    HASH_RNG_IRQHandler                      0x08000297   Thumb Code     0  startup_stm32f427xx.o(.text)
    I2C1_ER_IRQHandler                       0x08000297   Thumb Code     0  startup_stm32f427xx.o(.text)
    I2C1_EV_IRQHandler                       0x08000297   Thumb Code     0  startup_stm32f427xx.o(.text)
    I2C2_ER_IRQHandler                       0x08000297   Thumb Code     0  startup_stm32f427xx.o(.text)
    I2C2_EV_IRQHandler                       0x08000297   Thumb Code     0  startup_stm32f427xx.o(.text)
    I2C3_ER_IRQHandler                       0x08000297   Thumb Code     0  startup_stm32f427xx.o(.text)
    I2C3_EV_IRQHandler                       0x08000297   Thumb Code     0  startup_stm32f427xx.o(.text)
    OTG_FS_IRQHandler                        0x08000297   Thumb Code     0  startup_stm32f427xx.o(.text)
    OTG_FS_WKUP_IRQHandler                   0x08000297   Thumb Code     0  startup_stm32f427xx.o(.text)
    OTG_HS_EP1_IN_IRQHandler                 0x08000297   Thumb Code     0  startup_stm32f427xx.o(.text)
    OTG_HS_EP1_OUT_IRQHandler                0x08000297   Thumb Code     0  startup_stm32f427xx.o(.text)
    OTG_HS_IRQHandler                        0x08000297   Thumb Code     0  startup_stm32f427xx.o(.text)
    OTG_HS_WKUP_IRQHandler                   0x08000297   Thumb Code     0  startup_stm32f427xx.o(.text)
    PVD_IRQHandler                           0x08000297   Thumb Code     0  startup_stm32f427xx.o(.text)
    RCC_IRQHandler                           0x08000297   Thumb Code     0  startup_stm32f427xx.o(.text)
    RTC_Alarm_IRQHandler                     0x08000297   Thumb Code     0  startup_stm32f427xx.o(.text)
    RTC_WKUP_IRQHandler                      0x08000297   Thumb Code     0  startup_stm32f427xx.o(.text)
    SAI1_IRQHandler                          0x08000297   Thumb Code     0  startup_stm32f427xx.o(.text)
    SDIO_IRQHandler                          0x08000297   Thumb Code     0  startup_stm32f427xx.o(.text)
    SPI1_IRQHandler                          0x08000297   Thumb Code     0  startup_stm32f427xx.o(.text)
    SPI2_IRQHandler                          0x08000297   Thumb Code     0  startup_stm32f427xx.o(.text)
    SPI3_IRQHandler                          0x08000297   Thumb Code     0  startup_stm32f427xx.o(.text)
    SPI4_IRQHandler                          0x08000297   Thumb Code     0  startup_stm32f427xx.o(.text)
    SPI5_IRQHandler                          0x08000297   Thumb Code     0  startup_stm32f427xx.o(.text)
    SPI6_IRQHandler                          0x08000297   Thumb Code     0  startup_stm32f427xx.o(.text)
    TAMP_STAMP_IRQHandler                    0x08000297   Thumb Code     0  startup_stm32f427xx.o(.text)
    TIM1_BRK_TIM9_IRQHandler                 0x08000297   Thumb Code     0  startup_stm32f427xx.o(.text)
    TIM1_CC_IRQHandler                       0x08000297   Thumb Code     0  startup_stm32f427xx.o(.text)
    TIM1_TRG_COM_TIM11_IRQHandler            0x08000297   Thumb Code     0  startup_stm32f427xx.o(.text)
    TIM5_IRQHandler                          0x08000297   Thumb Code     0  startup_stm32f427xx.o(.text)
    TIM7_IRQHandler                          0x08000297   Thumb Code     0  startup_stm32f427xx.o(.text)
    TIM8_CC_IRQHandler                       0x08000297   Thumb Code     0  startup_stm32f427xx.o(.text)
    TIM8_TRG_COM_TIM14_IRQHandler            0x08000297   Thumb Code     0  startup_stm32f427xx.o(.text)
    TIM8_UP_TIM13_IRQHandler                 0x08000297   Thumb Code     0  startup_stm32f427xx.o(.text)
    UART4_IRQHandler                         0x08000297   Thumb Code     0  startup_stm32f427xx.o(.text)
    UART5_IRQHandler                         0x08000297   Thumb Code     0  startup_stm32f427xx.o(.text)
    UART7_IRQHandler                         0x08000297   Thumb Code     0  startup_stm32f427xx.o(.text)
    WWDG_IRQHandler                          0x08000297   Thumb Code     0  startup_stm32f427xx.o(.text)
    rand                                     0x080002a1   Thumb Code    20  rand.o(.text)
    srand                                    0x080002b5   Thumb Code     6  rand.o(.text)
    __aeabi_memcpy                           0x080002c5   Thumb Code    36  memcpya.o(.text)
    __aeabi_memcpy4                          0x080002c5   Thumb Code     0  memcpya.o(.text)
    __aeabi_memcpy8                          0x080002c5   Thumb Code     0  memcpya.o(.text)
    __aeabi_memset                           0x080002e9   Thumb Code    14  memseta.o(.text)
    __aeabi_memset4                          0x080002e9   Thumb Code     0  memseta.o(.text)
    __aeabi_memset8                          0x080002e9   Thumb Code     0  memseta.o(.text)
    __aeabi_memclr                           0x080002f7   Thumb Code     4  memseta.o(.text)
    __aeabi_memclr4                          0x080002f7   Thumb Code     0  memseta.o(.text)
    __aeabi_memclr8                          0x080002f7   Thumb Code     0  memseta.o(.text)
    _memset$wrapper                          0x080002fb   Thumb Code    18  memseta.o(.text)
    __aeabi_dadd                             0x0800030d   Thumb Code   322  dadd.o(.text)
    __aeabi_dsub                             0x0800044f   Thumb Code     6  dadd.o(.text)
    __aeabi_drsub                            0x08000455   Thumb Code     6  dadd.o(.text)
    __aeabi_dmul                             0x0800045b   Thumb Code   228  dmul.o(.text)
    __aeabi_ddiv                             0x0800053f   Thumb Code   222  ddiv.o(.text)
    __aeabi_i2d                              0x0800061d   Thumb Code    34  dflti.o(.text)
    __aeabi_ui2d                             0x0800063f   Thumb Code    26  dfltui.o(.text)
    __aeabi_f2d                              0x08000659   Thumb Code    38  f2d.o(.text)
    __aeabi_d2f                              0x0800067f   Thumb Code    56  d2f.o(.text)
    __aeabi_uidiv                            0x080006b7   Thumb Code     0  uidiv.o(.text)
    __aeabi_uidivmod                         0x080006b7   Thumb Code    44  uidiv.o(.text)
    __aeabi_uldivmod                         0x080006e3   Thumb Code    98  uldiv.o(.text)
    __aeabi_llsl                             0x08000745   Thumb Code    30  llshl.o(.text)
    _ll_shift_l                              0x08000745   Thumb Code     0  llshl.o(.text)
    __aeabi_llsr                             0x08000763   Thumb Code    32  llushr.o(.text)
    _ll_ushift_r                             0x08000763   Thumb Code     0  llushr.o(.text)
    __aeabi_lasr                             0x08000783   Thumb Code    36  llsshr.o(.text)
    _ll_sshift_r                             0x08000783   Thumb Code     0  llsshr.o(.text)
    __I$use$fp                               0x080007a7   Thumb Code     0  iusefp.o(.text)
    _float_round                             0x080007a7   Thumb Code    18  fepilogue.o(.text)
    _float_epilogue                          0x080007b9   Thumb Code    92  fepilogue.o(.text)
    _double_round                            0x08000815   Thumb Code    30  depilogue.o(.text)
    _double_epilogue                         0x08000833   Thumb Code   156  depilogue.o(.text)
    __aeabi_d2ulz                            0x080008cf   Thumb Code    48  dfixul.o(.text)
    __aeabi_cdrcmple                         0x08000901   Thumb Code    48  cdrcmple.o(.text)
    __scatterload                            0x08000931   Thumb Code    28  init.o(.text)
    __scatterload_rt2                        0x08000931   Thumb Code     0  init.o(.text)
    __decompress                             0x08000955   Thumb Code     0  __dczerorl.o(.text)
    __decompress0                            0x08000955   Thumb Code    58  __dczerorl.o(.text)
    ABS_limit                                0x0800098f   Thumb Code    42  pid.o(i.ABS_limit)
    Allocate_Motor                           0x08000b71   Thumb Code    48  motor_use_can.o(i.Allocate_Motor)
    BSP_Init                                 0x08000ba5   Thumb Code   178  bsp.o(i.BSP_Init)
    BusFault_Handler                         0x08000c79   Thumb Code     2  stm32f4xx_it.o(i.BusFault_Handler)
    CAN1_RX0_IRQHandler                      0x08000c7d   Thumb Code     6  stm32f4xx_it.o(i.CAN1_RX0_IRQHandler)
    CAN2_RX0_IRQHandler                      0x08000c89   Thumb Code     6  stm32f4xx_it.o(i.CAN2_RX0_IRQHandler)
    CAN_GET_Error                            0x08000c95   Thumb Code    18  motor_use_can.o(i.CAN_GET_Error)
    CAN_GET_YT                               0x08000ca7   Thumb Code    32  motor_use_can.o(i.CAN_GET_YT)
    CanFilter_Init                           0x08000df5   Thumb Code    74  can.o(i.CanFilter_Init)
    Chassis_Contrl_Task                      0x08000e45   Thumb Code   272  chassis_task.o(i.Chassis_Contrl_Task)
    Chassis_Motor                            0x08000f79   Thumb Code    50  motor_use_can.o(i.Chassis_Motor)
    Chassis_Motor_Disable                    0x08000fb1   Thumb Code    42  motor_use_can.o(i.Chassis_Motor_Disable)
    Chassis_pid_init                         0x08000fe1   Thumb Code   112  chassis_task.o(i.Chassis_pid_init)
    Check_Task                               0x08001065   Thumb Code   238  led_task.o(i.Check_Task)
    ConfigureTimerForRunTimeStats            0x080011f1   Thumb Code    12  bsp.o(i.ConfigureTimerForRunTimeStats)
    Crazy_flag_Decide                        0x08001201   Thumb Code   110  chassis_task.o(i.Crazy_flag_Decide)
    Crazy_mode2                              0x08001281   Thumb Code   158  chassis_task.o(i.Crazy_mode2)
    DMA1_Stream5_IRQHandler                  0x08001331   Thumb Code     6  stm32f4xx_it.o(i.DMA1_Stream5_IRQHandler)
    DMA1_Stream6_IRQHandler                  0x0800133d   Thumb Code     6  stm32f4xx_it.o(i.DMA1_Stream6_IRQHandler)
    DMA2_Stream1_IRQHandler                  0x08001349   Thumb Code     6  stm32f4xx_it.o(i.DMA2_Stream1_IRQHandler)
    DMA2_Stream2_IRQHandler                  0x08001355   Thumb Code     6  stm32f4xx_it.o(i.DMA2_Stream2_IRQHandler)
    DMA2_Stream4_IRQHandler                  0x08001361   Thumb Code     6  stm32f4xx_it.o(i.DMA2_Stream4_IRQHandler)
    DebugMon_Handler                         0x08001411   Thumb Code     2  stm32f4xx_it.o(i.DebugMon_Handler)
    EXTI2_IRQHandler                         0x08001413   Thumb Code     6  stm32f4xx_it.o(i.EXTI2_IRQHandler)
    Error_Handler                            0x08001419   Thumb Code     2  main.o(i.Error_Handler)
    GetSystemTimer                           0x0800141d   Thumb Code    62  systemstate.o(i.GetSystemTimer)
    Get_ADC_Value                            0x08001469   Thumb Code   156  power_restriction.o(i.Get_ADC_Value)
    Gun_Pid_Init                             0x08001515   Thumb Code    64  gun_task.o(i.Gun_Pid_Init)
    Gun_Task                                 0x08001565   Thumb Code   458  gun_task.o(i.Gun_Task)
    HAL_ADC_ConfigChannel                    0x0800175d   Thumb Code   324  stm32f4xx_hal_adc.o(i.HAL_ADC_ConfigChannel)
    HAL_ADC_ConvCpltCallback                 0x080018b1   Thumb Code     2  stm32f4xx_hal_adc.o(i.HAL_ADC_ConvCpltCallback)
    HAL_ADC_ConvHalfCpltCallback             0x080018b3   Thumb Code     2  stm32f4xx_hal_adc.o(i.HAL_ADC_ConvHalfCpltCallback)
    HAL_ADC_ErrorCallback                    0x080018b5   Thumb Code     2  stm32f4xx_hal_adc.o(i.HAL_ADC_ErrorCallback)
    HAL_ADC_Init                             0x080018b7   Thumb Code    84  stm32f4xx_hal_adc.o(i.HAL_ADC_Init)
    HAL_ADC_MspInit                          0x0800190d   Thumb Code   104  adc.o(i.HAL_ADC_MspInit)
    HAL_ADC_Start_DMA                        0x08001989   Thumb Code   228  stm32f4xx_hal_adc.o(i.HAL_ADC_Start_DMA)
    HAL_CAN_ConfigFilter                     0x08001a85   Thumb Code   218  stm32f4xx_hal_can.o(i.HAL_CAN_ConfigFilter)
    HAL_CAN_IRQHandler                       0x08001b69   Thumb Code    64  stm32f4xx_hal_can.o(i.HAL_CAN_IRQHandler)
    HAL_CAN_Init                             0x08001ba9   Thumb Code   328  stm32f4xx_hal_can.o(i.HAL_CAN_Init)
    HAL_CAN_MspInit                          0x08001cf1   Thumb Code   168  can.o(i.HAL_CAN_MspInit)
    HAL_CAN_Receive_IT                       0x08001db1   Thumb Code   134  stm32f4xx_hal_can.o(i.HAL_CAN_Receive_IT)
    HAL_CAN_RxCpltCallback                   0x08001e39   Thumb Code   206  stm32f4xx_it.o(i.HAL_CAN_RxCpltCallback)
    HAL_CAN_Transmit                         0x08001f21   Thumb Code   390  stm32f4xx_hal_can.o(i.HAL_CAN_Transmit)
    HAL_DMA_Abort_IT                         0x080020b5   Thumb Code    36  stm32f4xx_hal_dma.o(i.HAL_DMA_Abort_IT)
    HAL_DMA_IRQHandler                       0x080020d9   Thumb Code   414  stm32f4xx_hal_dma.o(i.HAL_DMA_IRQHandler)
    HAL_DMA_Init                             0x08002281   Thumb Code   202  stm32f4xx_hal_dma.o(i.HAL_DMA_Init)
    HAL_DMA_Start                            0x08002351   Thumb Code    70  stm32f4xx_hal_dma.o(i.HAL_DMA_Start)
    HAL_DMA_Start_IT                         0x08002397   Thumb Code   120  stm32f4xx_hal_dma.o(i.HAL_DMA_Start_IT)
    HAL_Delay                                0x0800240f   Thumb Code    22  stm32f4xx_hal.o(i.HAL_Delay)
    HAL_GPIO_EXTI_Callback                   0x08002425   Thumb Code     2  stm32f4xx_hal_gpio.o(i.HAL_GPIO_EXTI_Callback)
    HAL_GPIO_EXTI_IRQHandler                 0x08002429   Thumb Code    18  stm32f4xx_hal_gpio.o(i.HAL_GPIO_EXTI_IRQHandler)
    HAL_GPIO_Init                            0x08002441   Thumb Code   408  stm32f4xx_hal_gpio.o(i.HAL_GPIO_Init)
    HAL_GPIO_TogglePin                       0x0800260d   Thumb Code     8  stm32f4xx_hal_gpio.o(i.HAL_GPIO_TogglePin)
    HAL_GPIO_WritePin                        0x08002615   Thumb Code    10  stm32f4xx_hal_gpio.o(i.HAL_GPIO_WritePin)
    HAL_GetTick                              0x08002621   Thumb Code     6  stm32f4xx_hal.o(i.HAL_GetTick)
    HAL_IWDG_Init                            0x0800262d   Thumb Code    82  stm32f4xx_hal_iwdg.o(i.HAL_IWDG_Init)
    HAL_IWDG_Refresh                         0x0800267f   Thumb Code    12  stm32f4xx_hal_iwdg.o(i.HAL_IWDG_Refresh)
    HAL_IncTick                              0x0800268d   Thumb Code    10  stm32f4xx_hal.o(i.HAL_IncTick)
    HAL_Init                                 0x0800269d   Thumb Code    48  stm32f4xx_hal.o(i.HAL_Init)
    HAL_InitTick                             0x080026d1   Thumb Code   100  stm32f4xx_hal.o(i.HAL_InitTick)
    HAL_MspInit                              0x08002745   Thumb Code    88  stm32f4xx_hal_msp.o(i.HAL_MspInit)
    HAL_NVIC_EnableIRQ                       0x0800279d   Thumb Code    22  stm32f4xx_hal_cortex.o(i.HAL_NVIC_EnableIRQ)
    HAL_NVIC_SetPriority                     0x080027b5   Thumb Code    60  stm32f4xx_hal_cortex.o(i.HAL_NVIC_SetPriority)
    HAL_NVIC_SetPriorityGrouping             0x080027f5   Thumb Code    26  stm32f4xx_hal_cortex.o(i.HAL_NVIC_SetPriorityGrouping)
    HAL_RCC_ClockConfig                      0x08002819   Thumb Code   364  stm32f4xx_hal_rcc.o(i.HAL_RCC_ClockConfig)
    HAL_RCC_GetClockConfig                   0x08002995   Thumb Code    54  stm32f4xx_hal_rcc.o(i.HAL_RCC_GetClockConfig)
    HAL_RCC_GetHCLKFreq                      0x080029d5   Thumb Code     6  stm32f4xx_hal_rcc.o(i.HAL_RCC_GetHCLKFreq)
    HAL_RCC_GetPCLK1Freq                     0x080029e1   Thumb Code    34  stm32f4xx_hal_rcc.o(i.HAL_RCC_GetPCLK1Freq)
    HAL_RCC_GetPCLK2Freq                     0x08002a11   Thumb Code    34  stm32f4xx_hal_rcc.o(i.HAL_RCC_GetPCLK2Freq)
    HAL_RCC_GetSysClockFreq                  0x08002a41   Thumb Code   104  stm32f4xx_hal_rcc.o(i.HAL_RCC_GetSysClockFreq)
    HAL_RCC_OscConfig                        0x08002ab5   Thumb Code   722  stm32f4xx_hal_rcc.o(i.HAL_RCC_OscConfig)
    HAL_SPI_Init                             0x08002d99   Thumb Code   128  stm32f4xx_hal_spi.o(i.HAL_SPI_Init)
    HAL_SPI_MspInit                          0x08002e19   Thumb Code    64  spi.o(i.HAL_SPI_MspInit)
    HAL_SPI_TransmitReceive                  0x08002e65   Thumb Code   472  stm32f4xx_hal_spi.o(i.HAL_SPI_TransmitReceive)
    HAL_SYSTICK_CLKSourceConfig              0x0800303d   Thumb Code    24  stm32f4xx_hal_cortex.o(i.HAL_SYSTICK_CLKSourceConfig)
    HAL_SYSTICK_Config                       0x08003055   Thumb Code    40  stm32f4xx_hal_cortex.o(i.HAL_SYSTICK_Config)
    HAL_TIMEx_BreakCallback                  0x0800307d   Thumb Code     2  stm32f4xx_hal_tim_ex.o(i.HAL_TIMEx_BreakCallback)
    HAL_TIMEx_CommutationCallback            0x0800307f   Thumb Code     2  stm32f4xx_hal_tim_ex.o(i.HAL_TIMEx_CommutationCallback)
    HAL_TIMEx_MasterConfigSynchronization    0x08003081   Thumb Code    80  stm32f4xx_hal_tim_ex.o(i.HAL_TIMEx_MasterConfigSynchronization)
    HAL_TIM_Base_Init                        0x080030d1   Thumb Code    54  stm32f4xx_hal_tim.o(i.HAL_TIM_Base_Init)
    HAL_TIM_Base_MspInit                     0x08003109   Thumb Code   144  tim.o(i.HAL_TIM_Base_MspInit)
    HAL_TIM_Base_Start_IT                    0x080031ad   Thumb Code    24  stm32f4xx_hal_tim.o(i.HAL_TIM_Base_Start_IT)
    HAL_TIM_ConfigClockSource                0x080031c5   Thumb Code   242  stm32f4xx_hal_tim.o(i.HAL_TIM_ConfigClockSource)
    HAL_TIM_IC_CaptureCallback               0x080032b9   Thumb Code    26  stm32f4xx_it.o(i.HAL_TIM_IC_CaptureCallback)
    HAL_TIM_IC_ConfigChannel                 0x080032d9   Thumb Code   286  stm32f4xx_hal_tim.o(i.HAL_TIM_IC_ConfigChannel)
    HAL_TIM_IC_Init                          0x080033f7   Thumb Code    54  stm32f4xx_hal_tim.o(i.HAL_TIM_IC_Init)
    HAL_TIM_IC_MspInit                       0x0800342d   Thumb Code   136  tim.o(i.HAL_TIM_IC_MspInit)
    HAL_TIM_IRQHandler                       0x080034c5   Thumb Code   358  stm32f4xx_hal_tim.o(i.HAL_TIM_IRQHandler)
    HAL_TIM_MspPostInit                      0x0800362d   Thumb Code    62  tim.o(i.HAL_TIM_MspPostInit)
    HAL_TIM_OC_DelayElapsedCallback          0x08003679   Thumb Code     2  stm32f4xx_hal_tim.o(i.HAL_TIM_OC_DelayElapsedCallback)
    HAL_TIM_PWM_ConfigChannel                0x0800367b   Thumb Code   208  stm32f4xx_hal_tim.o(i.HAL_TIM_PWM_ConfigChannel)
    HAL_TIM_PWM_Init                         0x0800374b   Thumb Code    54  stm32f4xx_hal_tim.o(i.HAL_TIM_PWM_Init)
    HAL_TIM_PWM_MspInit                      0x08003781   Thumb Code     2  stm32f4xx_hal_tim.o(i.HAL_TIM_PWM_MspInit)
    HAL_TIM_PWM_PulseFinishedCallback        0x08003783   Thumb Code     2  stm32f4xx_hal_tim.o(i.HAL_TIM_PWM_PulseFinishedCallback)
    HAL_TIM_PeriodElapsedCallback            0x08003785   Thumb Code   134  stm32f4xx_it.o(i.HAL_TIM_PeriodElapsedCallback)
    HAL_TIM_TriggerCallback                  0x08003835   Thumb Code     2  stm32f4xx_hal_tim.o(i.HAL_TIM_TriggerCallback)
    HAL_UART_ErrorCallback                   0x08003837   Thumb Code     2  stm32f4xx_hal_uart.o(i.HAL_UART_ErrorCallback)
    HAL_UART_IRQHandler                      0x08003839   Thumb Code   266  stm32f4xx_hal_uart.o(i.HAL_UART_IRQHandler)
    HAL_UART_Init                            0x08003949   Thumb Code    98  stm32f4xx_hal_uart.o(i.HAL_UART_Init)
    HAL_UART_MspInit                         0x080039ad   Thumb Code   610  usart.o(i.HAL_UART_MspInit)
    HAL_UART_Receive_DMA                     0x08003c49   Thumb Code   130  stm32f4xx_hal_uart.o(i.HAL_UART_Receive_DMA)
    HAL_UART_RxCpltCallback                  0x08003cd5   Thumb Code     2  stm32f4xx_it.o(i.HAL_UART_RxCpltCallback)
    HAL_UART_Transmit                        0x08003cd7   Thumb Code   186  stm32f4xx_hal_uart.o(i.HAL_UART_Transmit)
    HAL_UART_TxCpltCallback                  0x08003d91   Thumb Code     2  stm32f4xx_hal_uart.o(i.HAL_UART_TxCpltCallback)
    HardFault_Handler                        0x08003d95   Thumb Code     8  stm32f4xx_it.o(i.HardFault_Handler)
    IMU_Get_Data                             0x08003da1   Thumb Code   194  communication.o(i.IMU_Get_Data)
    JY901_Data_Pro                           0x08003e71   Thumb Code   582  communication.o(i.JY901_Data_Pro)
    LPF_1st                                  0x080040d9   Thumb Code    18  power_restriction.o(i.LPF_1st)
    Led_Task                                 0x080040ed   Thumb Code   300  led_task.o(i.Led_Task)
    Limit_filter                             0x080042bd   Thumb Code    52  power_restriction.o(i.Limit_filter)
    MPU6500_Read_Regs                        0x080042f1   Thumb Code    80  communication.o(i.MPU6500_Read_Regs)
    MX_ADC1_Init                             0x0800434d   Thumb Code    74  adc.o(i.MX_ADC1_Init)
    MX_CAN1_Init                             0x080043a5   Thumb Code    60  can.o(i.MX_CAN1_Init)
    MX_CAN2_Init                             0x080043e9   Thumb Code    60  can.o(i.MX_CAN2_Init)
    MX_DMA_Init                              0x0800442d   Thumb Code   120  dma.o(i.MX_DMA_Init)
    MX_FREERTOS_Init                         0x080044a9   Thumb Code   184  freertos.o(i.MX_FREERTOS_Init)
    MX_GPIO_Init                             0x08004569   Thumb Code   446  gpio.o(i.MX_GPIO_Init)
    MX_SPI5_Init                             0x0800474d   Thumb Code    62  spi.o(i.MX_SPI5_Init)
    MX_TIM12_Init                            0x08004795   Thumb Code    60  tim.o(i.MX_TIM12_Init)
    MX_TIM2_Init                             0x080047d9   Thumb Code    80  tim.o(i.MX_TIM2_Init)
    MX_TIM3_Init                             0x0800482d   Thumb Code    36  tim.o(i.MX_TIM3_Init)
    MX_TIM4_Init                             0x08004859   Thumb Code    78  tim.o(i.MX_TIM4_Init)
    MX_TIM5_Init                             0x080048b1   Thumb Code   140  tim.o(i.MX_TIM5_Init)
    MX_TIM6_Init                             0x08004945   Thumb Code    38  tim.o(i.MX_TIM6_Init)
    MX_USART2_UART_Init                      0x08004975   Thumb Code    48  usart.o(i.MX_USART2_UART_Init)
    MX_USART6_UART_Init                      0x080049ad   Thumb Code    48  usart.o(i.MX_USART6_UART_Init)
    Maichong_Count                           0x080049e5   Thumb Code    24  motor_use_tim.o(i.Maichong_Count)
    MemManage_Handler                        0x08004a01   Thumb Code     2  stm32f4xx_it.o(i.MemManage_Handler)
    MouseKeyControlProcess                   0x08004a05   Thumb Code   230  data_pro_task.o(i.MouseKeyControlProcess)
    MyTime_memset                            0x08004b09   Thumb Code    28  power_restriction.o(i.MyTime_memset)
    MyTime_statistics                        0x08004b2d   Thumb Code    56  power_restriction.o(i.MyTime_statistics)
    NMI_Handler                              0x08004b69   Thumb Code     2  stm32f4xx_it.o(i.NMI_Handler)
    OutLine_Check                            0x08004b8d   Thumb Code    76  systemstate.o(i.OutLine_Check)
    PID_struct_init                          0x08004be5   Thumb Code    16  pid.o(i.PID_struct_init)
    Power_Calculate                          0x08004bfd   Thumb Code    48  power_restriction.o(i.Power_Calculate)
    Referee_Data_Handler                     0x08004c3d   Thumb Code   382  protocol.o(i.Referee_Data_Handler)
    RefreshDeviceOutLineTime                 0x08004dcd   Thumb Code    20  systemstate.o(i.RefreshDeviceOutLineTime)
    RefreshSysTime                           0x08004de5   Thumb Code    10  systemstate.o(i.RefreshSysTime)
    RefreshTaskOutLineTime                   0x08004df5   Thumb Code    20  systemstate.o(i.RefreshTaskOutLineTime)
    Remain_Power_Calculate                   0x08004e0d   Thumb Code   198  power_restriction.o(i.Remain_Power_Calculate)
    RemoteControlProcess                     0x08004ef5   Thumb Code    88  data_pro_task.o(i.RemoteControlProcess)
    Remote_Data_Task                         0x08004f59   Thumb Code   276  data_pro_task.o(i.Remote_Data_Task)
    Remote_Disable                           0x08005081   Thumb Code    30  communication.o(i.Remote_Disable)
    Speed_Decide                             0x0800515d   Thumb Code    36  chassis_task.o(i.Speed_Decide)
    StartDefaultTask                         0x08005191   Thumb Code     8  freertos.o(i.StartDefaultTask)
    SysTick_Handler                          0x08005199   Thumb Code     4  stm32f4xx_it.o(i.SysTick_Handler)
    SystemClock_Config                       0x0800519d   Thumb Code   150  main.o(i.SystemClock_Config)
    SystemInit                               0x0800523d   Thumb Code    66  system_stm32f4xx.o(i.SystemInit)
    SystemState_Inite                        0x08005291   Thumb Code    18  systemstate.o(i.SystemState_Inite)
    TIM1_UP_TIM10_IRQHandler                 0x080052ad   Thumb Code     6  stm32f4xx_it.o(i.TIM1_UP_TIM10_IRQHandler)
    TIM2_IRQHandler                          0x080052b9   Thumb Code     6  stm32f4xx_it.o(i.TIM2_IRQHandler)
    TIM3_IRQHandler                          0x080052c5   Thumb Code     6  stm32f4xx_it.o(i.TIM3_IRQHandler)
    TIM4_IRQHandler                          0x080052d1   Thumb Code     6  stm32f4xx_it.o(i.TIM4_IRQHandler)
    TIM6_DAC_IRQHandler                      0x080052dd   Thumb Code     6  stm32f4xx_it.o(i.TIM6_DAC_IRQHandler)
    TIM8_BRK_TIM12_IRQHandler                0x080052e9   Thumb Code     6  stm32f4xx_it.o(i.TIM8_BRK_TIM12_IRQHandler)
    TIM_Base_SetConfig                       0x080052f5   Thumb Code   148  stm32f4xx_hal_tim.o(i.TIM_Base_SetConfig)
    TIM_OC2_SetConfig                        0x08005431   Thumb Code    90  stm32f4xx_hal_tim.o(i.TIM_OC2_SetConfig)
    TIM_TI1_SetConfig                        0x08005569   Thumb Code   104  stm32f4xx_hal_tim.o(i.TIM_TI1_SetConfig)
    UART8_IRQHandler                         0x08005649   Thumb Code    84  stm32f4xx_it.o(i.UART8_IRQHandler)
    USART1_IRQHandler                        0x08005b6d   Thumb Code   106  stm32f4xx_it.o(i.USART1_IRQHandler)
    USART2_IRQHandler                        0x08005bed   Thumb Code   106  stm32f4xx_it.o(i.USART2_IRQHandler)
    USART3_IRQHandler                        0x08005c6d   Thumb Code     2  stm32f4xx_it.o(i.USART3_IRQHandler)
    USART6_IRQHandler                        0x08005c71   Thumb Code    86  stm32f4xx_it.o(i.USART6_IRQHandler)
    UsageFault_Handler                       0x08005cd5   Thumb Code     2  stm32f4xx_it.o(i.UsageFault_Handler)
    Window_sliding_filter                    0x08005cd9   Thumb Code    34  power_restriction.o(i.Window_sliding_filter)
    __0printf                                0x08005d01   Thumb Code    22  printfa.o(i.__0printf)
    __1printf                                0x08005d01   Thumb Code     0  printfa.o(i.__0printf)
    __2printf                                0x08005d01   Thumb Code     0  printfa.o(i.__0printf)
    __c89printf                              0x08005d01   Thumb Code     0  printfa.o(i.__0printf)
    printf                                   0x08005d01   Thumb Code     0  printfa.o(i.__0printf)
    __scatterload_copy                       0x08005d21   Thumb Code    14  handlers.o(i.__scatterload_copy)
    __scatterload_null                       0x08005d2f   Thumb Code     2  handlers.o(i.__scatterload_null)
    __scatterload_zeroinit                   0x08005d31   Thumb Code    14  handlers.o(i.__scatterload_zeroinit)
    attack_flag_Decide                       0x080065f5   Thumb Code   110  chassis_task.o(i.attack_flag_Decide)
    auto_collimation                         0x08006671   Thumb Code   146  chassis_task.o(i.auto_collimation)
    first_order_filter_cali                  0x08006711   Thumb Code    78  user_lib.o(i.first_order_filter_cali)
    first_order_filter_init                  0x0800675f   Thumb Code    18  user_lib.o(i.first_order_filter_init)
    fputc                                    0x08006771   Thumb Code    18  usart.o(i.fputc)
    get_crc16_check_sum                      0x08006789   Thumb Code    38  protocol.o(i.get_crc16_check_sum)
    get_crc8_check_sum                       0x080067b5   Thumb Code    26  protocol.o(i.get_crc8_check_sum)
    get_moto_measure_3508                    0x080067d5   Thumb Code    72  motor_use_can.o(i.get_moto_measure_3508)
    get_moto_offset                          0x0800681d   Thumb Code    12  motor_use_can.o(i.get_moto_offset)
    gong_ji                                  0x08006829   Thumb Code   154  chassis_task.o(i.gong_ji)
    hard_brak                                0x080068dd   Thumb Code     8  chassis_task.o(i.hard_brak)
    main                                     0x080068e9   Thumb Code    58  main.o(i.main)
    osDelay                                  0x0800693d   Thumb Code    14  cmsis_os.o(i.osDelay)
    osDelayUntil                             0x0800694b   Thumb Code    14  cmsis_os.o(i.osDelayUntil)
    osKernelStart                            0x08006959   Thumb Code    10  cmsis_os.o(i.osKernelStart)
    osSystickHandler                         0x08006963   Thumb Code    20  cmsis_os.o(i.osSystickHandler)
    osThreadCreate                           0x08006977   Thumb Code    56  cmsis_os.o(i.osThreadCreate)
    pid_calc                                 0x080069b1   Thumb Code   514  pid.o(i.pid_calc)
    power_limit                              0x08006bd5   Thumb Code   256  power_restriction.o(i.power_limit)
    pvPortMalloc                             0x08006e85   Thumb Code   210  heap_4.o(i.pvPortMalloc)
    pxPortInitialiseStack                    0x08006f5d   Thumb Code    36  port.o(i.pxPortInitialiseStack)
    random_figure                            0x08006f85   Thumb Code   142  chassis_task.o(i.random_figure)
    testTask                                 0x08007019   Thumb Code    46  main.o(i.testTask)
    uxListRemove                             0x08007051   Thumb Code    36  list.o(i.uxListRemove)
    vListInitialise                          0x08007075   Thumb Code    22  list.o(i.vListInitialise)
    vListInitialiseItem                      0x0800708b   Thumb Code     6  list.o(i.vListInitialiseItem)
    vListInsert                              0x08007091   Thumb Code    48  list.o(i.vListInsert)
    vListInsertEnd                           0x080070c1   Thumb Code    24  list.o(i.vListInsertEnd)
    vOutLineCheck_Task                       0x080070d9   Thumb Code    28  systemstate.o(i.vOutLineCheck_Task)
    vPortEnterCritical                       0x080070f5   Thumb Code    54  port.o(i.vPortEnterCritical)
    vPortExitCritical                        0x08007135   Thumb Code    34  port.o(i.vPortExitCritical)
    vPortFree                                0x0800715d   Thumb Code    88  heap_4.o(i.vPortFree)
    vPortSetupTimerInterrupt                 0x080071b9   Thumb Code    26  port.o(i.vPortSetupTimerInterrupt)
    vPortValidateInterruptPriority           0x080071d9   Thumb Code    74  port.o(i.vPortValidateInterruptPriority)
    vTaskDelay                               0x0800722d   Thumb Code    94  tasks.o(i.vTaskDelay)
    vTaskDelayUntil                          0x08007295   Thumb Code   158  tasks.o(i.vTaskDelayUntil)
    vTaskNotifyGiveFromISR                   0x0800733d   Thumb Code   170  tasks.o(i.vTaskNotifyGiveFromISR)
    vTaskStartScheduler                      0x080073f1   Thumb Code    90  tasks.o(i.vTaskStartScheduler)
    vTaskSuspendAll                          0x0800745d   Thumb Code    10  tasks.o(i.vTaskSuspendAll)
    vTaskSwitchContext                       0x0800746d   Thumb Code   110  tasks.o(i.vTaskSwitchContext)
    verify_crc16_check_sum                   0x080074e9   Thumb Code    54  protocol.o(i.verify_crc16_check_sum)
    verify_crc8_check_sum                    0x08007525   Thumb Code    42  protocol.o(i.verify_crc8_check_sum)
    xPortStartScheduler                      0x08007551   Thumb Code   202  port.o(i.xPortStartScheduler)
    xPortSysTickHandler                      0x08007631   Thumb Code    38  port.o(i.xPortSysTickHandler)
    xTaskGenericCreate                       0x0800765d   Thumb Code   434  tasks.o(i.xTaskGenericCreate)
    xTaskGetSchedulerState                   0x0800781d   Thumb Code    22  tasks.o(i.xTaskGetSchedulerState)
    xTaskGetTickCount                        0x08007839   Thumb Code     6  tasks.o(i.xTaskGetTickCount)
    xTaskIncrementTick                       0x08007845   Thumb Code   194  tasks.o(i.xTaskIncrementTick)
    xTaskResumeAll                           0x08007911   Thumb Code   182  tasks.o(i.xTaskResumeAll)
    xun_luo                                  0x080079d5   Thumb Code   100  chassis_task.o(i.xun_luo)
    APBAHBPrescTable                         0x08007a50   Data          16  stm32f4xx_hal_rcc.o(.constdata)
    CRC8_TAB                                 0x08007b08   Data         256  protocol.o(.constdata)
    wCRC_Table                               0x08007c08   Data         512  protocol.o(.constdata)
    Region$$Table$$Base                      0x08007e78   Number         0  anon$$obj.o(Region$$Table)
    Region$$Table$$Limit                     0x08007e98   Number         0  anon$$obj.o(Region$$Table)
    SystemCoreClock                          0x20000000   Data           4  system_stm32f4xx.o(.data)
    pxCurrentTCB                             0x20000004   Data           4  tasks.o(.data)
    uwTick                                   0x20000068   Data           4  stm32f4xx_hal.o(.data)
    Micro_Tick                               0x2000006c   Data           4  main.o(.data)
    defaultTaskHandle                        0x20000070   Data           4  freertos.o(.data)
    testTaskHandle                           0x20000074   Data           4  freertos.o(.data)
    ChassisTaskHandle                        0x20000078   Data           4  freertos.o(.data)
    RemoteDataTaskHandle                     0x2000007c   Data           4  freertos.o(.data)
    GunTaskHandle                            0x20000080   Data           4  freertos.o(.data)
    LedTaskHandle                            0x20000084   Data           4  freertos.o(.data)
    vOutLineCheckTaskHandle                  0x20000088   Data           4  freertos.o(.data)
    CheckTaskHandle                          0x2000008c   Data           4  freertos.o(.data)
    MiniPCDataTaskHandle                     0x20000090   Data           4  freertos.o(.data)
    mc_get                                   0x20000096   Data           4  stm32f4xx_it.o(.data)
    FreeRTOSRunTimeTicks                     0x200000a8   Data           8  bsp.o(.data)
    mc_count                                 0x200000b4   Data           4  motor_use_tim.o(.data)
    angle1                                   0x200000b8   Data           8  power_restriction.o(.data)
    limit                                    0x200000c0   Data          40  power_restriction.o(.data)
    CRC_INIT                                 0x200000e8   Data           2  protocol.o(.data)
    MPU_id                                   0x200000f4   Data           1  communication.o(.data)
    stcAcc                                   0x20000108   Data           8  communication.o(.data)
    stcGyro                                  0x20000110   Data           8  communication.o(.data)
    stcAngle                                 0x20000118   Data           8  communication.o(.data)
    USART6_RX_NUM                            0x2000012e   Data           2  communication.o(.data)
    UART8_RX_NUM                             0x20000130   Data           2  communication.o(.data)
    chassis_disable_flg                      0x2000013a   Data           1  chassis_task.o(.data)
    SpeedSet                                 0x2000013c   Data           4  chassis_task.o(.data)
    Run_Dir4                                 0x20000140   Data           4  chassis_task.o(.data)
    Run_Dir5                                 0x20000144   Data           4  chassis_task.o(.data)
    round_set                                0x20000148   Data           4  chassis_task.o(.data)
    Crazy_n                                  0x2000014c   Data           4  chassis_task.o(.data)
    Crazy_flag                               0x20000150   Data           4  chassis_task.o(.data)
    active_flag                              0x20000180   Data           4  chassis_task.o(.data)
    Speed                                    0x20000184   Data           4  chassis_task.o(.data)
    attack_flag                              0x20000188   Data           4  chassis_task.o(.data)
    round_now                                0x2000018c   Data           4  chassis_task.o(.data)
    round_last                               0x20000190   Data           4  chassis_task.o(.data)
    round_left                               0x20000194   Data           4  chassis_task.o(.data)
    round_right                              0x20000198   Data           4  chassis_task.o(.data)
    Chassis                                  0x2000019c   Data           5  chassis_task.o(.data)
    press_counter                            0x200001a2   Data           1  data_pro_task.o(.data)
    XY_speed_max                             0x200001a4   Data           2  data_pro_task.o(.data)
    XY_speed_min                             0x200001a6   Data           2  data_pro_task.o(.data)
    W_speed_max                              0x200001a8   Data           2  data_pro_task.o(.data)
    W_speed_min                              0x200001aa   Data           2  data_pro_task.o(.data)
    __stdout                                 0x200001b8   Data           4  stdout.o(.data)
    htim1                                    0x20003eac   Data          60  stm32f4xx_hal.o(.bss)
    iwdg_handler                             0x20003ee8   Data          12  main.o(.bss)
    hspi5                                    0x20003ef4   Data          88  spi.o(.bss)
    hadc1                                    0x20003f4c   Data          72  adc.o(.bss)
    hdma_adc1                                0x20003f94   Data          96  adc.o(.bss)
    htim5                                    0x20003ff4   Data          60  tim.o(.bss)
    htim12                                   0x20004030   Data          60  tim.o(.bss)
    htim3                                    0x2000406c   Data          60  tim.o(.bss)
    htim6                                    0x200040a8   Data          60  tim.o(.bss)
    htim2                                    0x200040e4   Data          60  tim.o(.bss)
    htim4                                    0x20004120   Data          60  tim.o(.bss)
    hcan1                                    0x200041dc   Data          64  can.o(.bss)
    hcan2                                    0x2000421c   Data          64  can.o(.bss)
    huart8                                   0x2000425c   Data          64  usart.o(.bss)
    huart1                                   0x2000429c   Data          64  usart.o(.bss)
    huart2                                   0x200042dc   Data          64  usart.o(.bss)
    huart3                                   0x2000431c   Data          64  usart.o(.bss)
    huart6                                   0x2000435c   Data          64  usart.o(.bss)
    hdma_uart8_rx                            0x2000439c   Data          96  usart.o(.bss)
    hdma_usart1_rx                           0x200043fc   Data          96  usart.o(.bss)
    hdma_usart2_rx                           0x2000445c   Data          96  usart.o(.bss)
    hdma_usart6_rx                           0x200044bc   Data          96  usart.o(.bss)
    moto_chassis_get                         0x2000451c   Data         120  motor_use_can.o(.bss)
    moto_dial_get                            0x20004594   Data          60  motor_use_can.o(.bss)
    uhADCxConvertedValue                     0x20004628   Data          40  power_restriction.o(.bss)
    current_get                              0x20004650   Data          68  power_restriction.o(.bss)
    time_for_RP                              0x20004698   Data          24  power_restriction.o(.bss)
    Robot                                    0x200046b0   Data          72  protocol.o(.bss)
    SystemState                              0x200046f8   Data          20  systemstate.o(.bss)
    g_Time_DeviceOutLine                     0x2000470c   Data          24  systemstate.o(.bss)
    g_Time_TASKOutLine                       0x20004724   Data          24  systemstate.o(.bss)
    SystemState_can                          0x2000473c   Data          20  systemstate.o(.bss)
    ptr_jy901_t_yaw                          0x20004750   Data          56  communication.o(.bss)
    ptr_jy901_t_pit                          0x20004788   Data          56  communication.o(.bss)
    ptr_jy901_t_angular_velocity             0x200047c0   Data          56  communication.o(.bss)
    imu_data                                 0x200047f8   Data          26  communication.o(.bss)
    imu_data_offest                          0x20004812   Data          26  communication.o(.bss)
    USART1_RX_DATA                           0x2000485c   Data          18  communication.o(.bss)
    UART8_RX_DATA                            0x2000486e   Data          33  communication.o(.bss)
    gy_data_filter                           0x20004890   Data          10  communication.o(.bss)
    gz_data_filter                           0x2000489a   Data          10  communication.o(.bss)
    RC_Ctl                                   0x200048a4   Data          20  communication.o(.bss)
    USART6_RX_DATA                           0x200048b8   Data         200  communication.o(.bss)
    moto_3508_set                            0x20004980   Data          16  chassis_task.o(.bss)
    pid_3508_pos                             0x200049a0   Data         256  chassis_task.o(.bss)
    pid_3508_spd                             0x20004aa0   Data         256  chassis_task.o(.bss)
    chassis_cmd_slow_set_v                   0x20004ba0   Data          16  chassis_task.o(.bss)
    Remote                                   0x20004bb0   Data          20  led_task.o(.bss)
    Chassis_motor                            0x20004bc4   Data          20  led_task.o(.bss)
    pid_dial_pos                             0x20004bd8   Data         128  gun_task.o(.bss)
    pid_dial_spd                             0x20004c58   Data         128  gun_task.o(.bss)
    ptr_heat_gun_t                           0x20004cd8   Data          24  gun_task.o(.bss)
    __initial_sp                             0x200050f0   Data           0  startup_stm32f427xx.o(STACK)



==============================================================================

Memory Map of the image

  Image Entry point : 0x080001ad

  Load Region LR_IROM1 (Base: 0x08000000, Size: 0x00008054, Max: 0x00200000, ABSOLUTE, COMPRESSED[0x00007ec0])

    Execution Region ER_IROM1 (Exec base: 0x08000000, Load base: 0x08000000, Size: 0x00007e98, Max: 0x00200000, ABSOLUTE)

    Exec Addr    Load Addr    Size         Type   Attr      Idx    E Section Name        Object

    0x08000000   0x08000000   0x000001ac   Data   RO            3    RESET               startup_stm32f427xx.o
    0x080001ac   0x080001ac   0x00000000   Code   RO         6235  * .ARM.Collect$$$$00000000  mc_w.l(entry.o)
    0x080001ac   0x080001ac   0x00000004   Code   RO         6574    .ARM.Collect$$$$00000001  mc_w.l(entry2.o)
    0x080001b0   0x080001b0   0x00000004   Code   RO         6577    .ARM.Collect$$$$00000004  mc_w.l(entry5.o)
    0x080001b4   0x080001b4   0x00000000   Code   RO         6579    .ARM.Collect$$$$00000008  mc_w.l(entry7b.o)
    0x080001b4   0x080001b4   0x00000000   Code   RO         6581    .ARM.Collect$$$$0000000A  mc_w.l(entry8b.o)
    0x080001b4   0x080001b4   0x00000008   Code   RO         6582    .ARM.Collect$$$$0000000B  mc_w.l(entry9a.o)
    0x080001bc   0x080001bc   0x00000000   Code   RO         6584    .ARM.Collect$$$$0000000D  mc_w.l(entry10a.o)
    0x080001bc   0x080001bc   0x00000000   Code   RO         6586    .ARM.Collect$$$$0000000F  mc_w.l(entry11a.o)
    0x080001bc   0x080001bc   0x00000004   Code   RO         6575    .ARM.Collect$$$$00002712  mc_w.l(entry2.o)
    0x080001c0   0x080001c0   0x000000ba   Code   RO         1200    .emb_text           port.o
    0x0800027a   0x0800027a   0x00000002   PAD
    0x0800027c   0x0800027c   0x00000024   Code   RO            4    .text               startup_stm32f427xx.o
    0x080002a0   0x080002a0   0x00000024   Code   RO         6238    .text               mc_w.l(rand.o)
    0x080002c4   0x080002c4   0x00000024   Code   RO         6241    .text               mc_w.l(memcpya.o)
    0x080002e8   0x080002e8   0x00000024   Code   RO         6243    .text               mc_w.l(memseta.o)
    0x0800030c   0x0800030c   0x0000014e   Code   RO         6540    .text               mf_w.l(dadd.o)
    0x0800045a   0x0800045a   0x000000e4   Code   RO         6542    .text               mf_w.l(dmul.o)
    0x0800053e   0x0800053e   0x000000de   Code   RO         6544    .text               mf_w.l(ddiv.o)
    0x0800061c   0x0800061c   0x00000022   Code   RO         6546    .text               mf_w.l(dflti.o)
    0x0800063e   0x0800063e   0x0000001a   Code   RO         6548    .text               mf_w.l(dfltui.o)
    0x08000658   0x08000658   0x00000026   Code   RO         6554    .text               mf_w.l(f2d.o)
    0x0800067e   0x0800067e   0x00000038   Code   RO         6556    .text               mf_w.l(d2f.o)
    0x080006b6   0x080006b6   0x0000002c   Code   RO         6589    .text               mc_w.l(uidiv.o)
    0x080006e2   0x080006e2   0x00000062   Code   RO         6591    .text               mc_w.l(uldiv.o)
    0x08000744   0x08000744   0x0000001e   Code   RO         6593    .text               mc_w.l(llshl.o)
    0x08000762   0x08000762   0x00000020   Code   RO         6595    .text               mc_w.l(llushr.o)
    0x08000782   0x08000782   0x00000024   Code   RO         6597    .text               mc_w.l(llsshr.o)
    0x080007a6   0x080007a6   0x00000000   Code   RO         6608    .text               mc_w.l(iusefp.o)
    0x080007a6   0x080007a6   0x0000006e   Code   RO         6609    .text               mf_w.l(fepilogue.o)
    0x08000814   0x08000814   0x000000ba   Code   RO         6611    .text               mf_w.l(depilogue.o)
    0x080008ce   0x080008ce   0x00000030   Code   RO         6613    .text               mf_w.l(dfixul.o)
    0x080008fe   0x080008fe   0x00000002   PAD
    0x08000900   0x08000900   0x00000030   Code   RO         6615    .text               mf_w.l(cdrcmple.o)
    0x08000930   0x08000930   0x00000024   Code   RO         6619    .text               mc_w.l(init.o)
    0x08000954   0x08000954   0x0000003a   Code   RO         6629    .text               mc_w.l(__dczerorl.o)
    0x0800098e   0x0800098e   0x0000002a   Code   RO         5169    i.ABS_limit         pid.o
    0x080009b8   0x080009b8   0x00000062   Code   RO         3859    i.ADC_DMAConvCplt   stm32f4xx_hal_adc.o
    0x08000a1a   0x08000a1a   0x00000016   Code   RO         3860    i.ADC_DMAError      stm32f4xx_hal_adc.o
    0x08000a30   0x08000a30   0x0000000a   Code   RO         3861    i.ADC_DMAHalfConvCplt  stm32f4xx_hal_adc.o
    0x08000a3a   0x08000a3a   0x00000002   PAD
    0x08000a3c   0x08000a3c   0x00000134   Code   RO         3862    i.ADC_Init          stm32f4xx_hal_adc.o
    0x08000b70   0x08000b70   0x00000034   Code   RO         5078    i.Allocate_Motor    motor_use_can.o
    0x08000ba4   0x08000ba4   0x000000d4   Code   RO         4607    i.BSP_Init          bsp.o
    0x08000c78   0x08000c78   0x00000002   Code   RO         4370    i.BusFault_Handler  stm32f4xx_it.o
    0x08000c7a   0x08000c7a   0x00000002   PAD
    0x08000c7c   0x08000c7c   0x0000000c   Code   RO         4371    i.CAN1_RX0_IRQHandler  stm32f4xx_it.o
    0x08000c88   0x08000c88   0x0000000c   Code   RO         4372    i.CAN2_RX0_IRQHandler  stm32f4xx_it.o
    0x08000c94   0x08000c94   0x00000012   Code   RO         5079    i.CAN_GET_Error     motor_use_can.o
    0x08000ca6   0x08000ca6   0x00000020   Code   RO         5081    i.CAN_GET_YT        motor_use_can.o
    0x08000cc6   0x08000cc6   0x00000002   PAD
    0x08000cc8   0x08000cc8   0x0000012c   Code   RO         2023    i.CAN_Receive_IT    stm32f4xx_hal_can.o
    0x08000df4   0x08000df4   0x00000050   Code   RO         4825    i.CanFilter_Init    can.o
    0x08000e44   0x08000e44   0x00000134   Code   RO         5970    i.Chassis_Contrl_Task  chassis_task.o
    0x08000f78   0x08000f78   0x00000038   Code   RO         5083    i.Chassis_Motor     motor_use_can.o
    0x08000fb0   0x08000fb0   0x00000030   Code   RO         5084    i.Chassis_Motor_Disable  motor_use_can.o
    0x08000fe0   0x08000fe0   0x00000084   Code   RO         5971    i.Chassis_pid_init  chassis_task.o
    0x08001064   0x08001064   0x0000018c   Code   RO         6134    i.Check_Task        led_task.o
    0x080011f0   0x080011f0   0x00000010   Code   RO         4608    i.ConfigureTimerForRunTimeStats  bsp.o
    0x08001200   0x08001200   0x00000080   Code   RO         5972    i.Crazy_flag_Decide  chassis_task.o
    0x08001280   0x08001280   0x000000b0   Code   RO         5974    i.Crazy_mode2       chassis_task.o
    0x08001330   0x08001330   0x0000000c   Code   RO         4373    i.DMA1_Stream5_IRQHandler  stm32f4xx_it.o
    0x0800133c   0x0800133c   0x0000000c   Code   RO         4374    i.DMA1_Stream6_IRQHandler  stm32f4xx_it.o
    0x08001348   0x08001348   0x0000000c   Code   RO         4375    i.DMA2_Stream1_IRQHandler  stm32f4xx_it.o
    0x08001354   0x08001354   0x0000000c   Code   RO         4376    i.DMA2_Stream2_IRQHandler  stm32f4xx_it.o
    0x08001360   0x08001360   0x0000000c   Code   RO         4377    i.DMA2_Stream4_IRQHandler  stm32f4xx_it.o
    0x0800136c   0x0800136c   0x00000028   Code   RO         3474    i.DMA_CalcBaseAndBitshift  stm32f4xx_hal_dma.o
    0x08001394   0x08001394   0x00000054   Code   RO         3475    i.DMA_CheckFifoParam  stm32f4xx_hal_dma.o
    0x080013e8   0x080013e8   0x00000028   Code   RO         3476    i.DMA_SetConfig     stm32f4xx_hal_dma.o
    0x08001410   0x08001410   0x00000002   Code   RO         4378    i.DebugMon_Handler  stm32f4xx_it.o
    0x08001412   0x08001412   0x00000006   Code   RO         4379    i.EXTI2_IRQHandler  stm32f4xx_it.o
    0x08001418   0x08001418   0x00000002   Code   RO         4164    i.Error_Handler     main.o
    0x0800141a   0x0800141a   0x00000002   PAD
    0x0800141c   0x0800141c   0x0000004c   Code   RO         5533    i.GetSystemTimer    systemstate.o
    0x08001468   0x08001468   0x000000ac   Code   RO         5267    i.Get_ADC_Value     power_restriction.o
    0x08001514   0x08001514   0x00000050   Code   RO         6176    i.Gun_Pid_Init      gun_task.o
    0x08001564   0x08001564   0x000001f8   Code   RO         6177    i.Gun_Task          gun_task.o
    0x0800175c   0x0800175c   0x00000154   Code   RO         3864    i.HAL_ADC_ConfigChannel  stm32f4xx_hal_adc.o
    0x080018b0   0x080018b0   0x00000002   Code   RO         3865    i.HAL_ADC_ConvCpltCallback  stm32f4xx_hal_adc.o
    0x080018b2   0x080018b2   0x00000002   Code   RO         3866    i.HAL_ADC_ConvHalfCpltCallback  stm32f4xx_hal_adc.o
    0x080018b4   0x080018b4   0x00000002   Code   RO         3868    i.HAL_ADC_ErrorCallback  stm32f4xx_hal_adc.o
    0x080018b6   0x080018b6   0x00000054   Code   RO         3873    i.HAL_ADC_Init      stm32f4xx_hal_adc.o
    0x0800190a   0x0800190a   0x00000002   PAD
    0x0800190c   0x0800190c   0x0000007c   Code   RO         4700    i.HAL_ADC_MspInit   adc.o
    0x08001988   0x08001988   0x000000fc   Code   RO         3880    i.HAL_ADC_Start_DMA  stm32f4xx_hal_adc.o
    0x08001a84   0x08001a84   0x000000e4   Code   RO         2024    i.HAL_CAN_ConfigFilter  stm32f4xx_hal_can.o
    0x08001b68   0x08001b68   0x00000040   Code   RO         2029    i.HAL_CAN_IRQHandler  stm32f4xx_hal_can.o
    0x08001ba8   0x08001ba8   0x00000148   Code   RO         2030    i.HAL_CAN_Init      stm32f4xx_hal_can.o
    0x08001cf0   0x08001cf0   0x000000c0   Code   RO         4827    i.HAL_CAN_MspInit   can.o
    0x08001db0   0x08001db0   0x00000086   Code   RO         2034    i.HAL_CAN_Receive_IT  stm32f4xx_hal_can.o
    0x08001e36   0x08001e36   0x00000002   PAD
    0x08001e38   0x08001e38   0x000000e8   Code   RO         4380    i.HAL_CAN_RxCpltCallback  stm32f4xx_it.o
    0x08001f20   0x08001f20   0x00000194   Code   RO         2037    i.HAL_CAN_Transmit  stm32f4xx_hal_can.o
    0x080020b4   0x080020b4   0x00000024   Code   RO         3478    i.HAL_DMA_Abort_IT  stm32f4xx_hal_dma.o
    0x080020d8   0x080020d8   0x000001a8   Code   RO         3482    i.HAL_DMA_IRQHandler  stm32f4xx_hal_dma.o
    0x08002280   0x08002280   0x000000d0   Code   RO         3483    i.HAL_DMA_Init      stm32f4xx_hal_dma.o
    0x08002350   0x08002350   0x00000046   Code   RO         3486    i.HAL_DMA_Start     stm32f4xx_hal_dma.o
    0x08002396   0x08002396   0x00000078   Code   RO         3487    i.HAL_DMA_Start_IT  stm32f4xx_hal_dma.o
    0x0800240e   0x0800240e   0x00000016   Code   RO         2738    i.HAL_Delay         stm32f4xx_hal.o
    0x08002424   0x08002424   0x00000002   Code   RO         1958    i.HAL_GPIO_EXTI_Callback  stm32f4xx_hal_gpio.o
    0x08002426   0x08002426   0x00000002   PAD
    0x08002428   0x08002428   0x00000018   Code   RO         1959    i.HAL_GPIO_EXTI_IRQHandler  stm32f4xx_hal_gpio.o
    0x08002440   0x08002440   0x000001cc   Code   RO         1960    i.HAL_GPIO_Init     stm32f4xx_hal_gpio.o
    0x0800260c   0x0800260c   0x00000008   Code   RO         1963    i.HAL_GPIO_TogglePin  stm32f4xx_hal_gpio.o
    0x08002614   0x08002614   0x0000000a   Code   RO         1964    i.HAL_GPIO_WritePin  stm32f4xx_hal_gpio.o
    0x0800261e   0x0800261e   0x00000002   PAD
    0x08002620   0x08002620   0x0000000c   Code   RO         2746    i.HAL_GetTick       stm32f4xx_hal.o
    0x0800262c   0x0800262c   0x00000052   Code   RO         4134    i.HAL_IWDG_Init     stm32f4xx_hal_iwdg.o
    0x0800267e   0x0800267e   0x0000000c   Code   RO         4135    i.HAL_IWDG_Refresh  stm32f4xx_hal_iwdg.o
    0x0800268a   0x0800268a   0x00000002   PAD
    0x0800268c   0x0800268c   0x00000010   Code   RO         2747    i.HAL_IncTick       stm32f4xx_hal.o
    0x0800269c   0x0800269c   0x00000034   Code   RO         2748    i.HAL_Init          stm32f4xx_hal.o
    0x080026d0   0x080026d0   0x00000074   Code   RO         2749    i.HAL_InitTick      stm32f4xx_hal.o
    0x08002744   0x08002744   0x00000058   Code   RO         4583    i.HAL_MspInit       stm32f4xx_hal_msp.o
    0x0800279c   0x0800279c   0x00000016   Code   RO         2511    i.HAL_NVIC_EnableIRQ  stm32f4xx_hal_cortex.o
    0x080027b2   0x080027b2   0x00000002   PAD
    0x080027b4   0x080027b4   0x00000040   Code   RO         2517    i.HAL_NVIC_SetPriority  stm32f4xx_hal_cortex.o
    0x080027f4   0x080027f4   0x00000024   Code   RO         2518    i.HAL_NVIC_SetPriorityGrouping  stm32f4xx_hal_cortex.o
    0x08002818   0x08002818   0x0000017c   Code   RO         3131    i.HAL_RCC_ClockConfig  stm32f4xx_hal_rcc.o
    0x08002994   0x08002994   0x00000040   Code   RO         3135    i.HAL_RCC_GetClockConfig  stm32f4xx_hal_rcc.o
    0x080029d4   0x080029d4   0x0000000c   Code   RO         3136    i.HAL_RCC_GetHCLKFreq  stm32f4xx_hal_rcc.o
    0x080029e0   0x080029e0   0x00000030   Code   RO         3138    i.HAL_RCC_GetPCLK1Freq  stm32f4xx_hal_rcc.o
    0x08002a10   0x08002a10   0x00000030   Code   RO         3139    i.HAL_RCC_GetPCLK2Freq  stm32f4xx_hal_rcc.o
    0x08002a40   0x08002a40   0x00000074   Code   RO         3140    i.HAL_RCC_GetSysClockFreq  stm32f4xx_hal_rcc.o
    0x08002ab4   0x08002ab4   0x000002e4   Code   RO         3143    i.HAL_RCC_OscConfig  stm32f4xx_hal_rcc.o
    0x08002d98   0x08002d98   0x00000080   Code   RO         3588    i.HAL_SPI_Init      stm32f4xx_hal_spi.o
    0x08002e18   0x08002e18   0x0000004c   Code   RO         4658    i.HAL_SPI_MspInit   spi.o
    0x08002e64   0x08002e64   0x000001d8   Code   RO         3597    i.HAL_SPI_TransmitReceive  stm32f4xx_hal_spi.o
    0x0800303c   0x0800303c   0x00000018   Code   RO         2520    i.HAL_SYSTICK_CLKSourceConfig  stm32f4xx_hal_cortex.o
    0x08003054   0x08003054   0x00000028   Code   RO         2522    i.HAL_SYSTICK_Config  stm32f4xx_hal_cortex.o
    0x0800307c   0x0800307c   0x00000002   Code   RO         3235    i.HAL_TIMEx_BreakCallback  stm32f4xx_hal_tim_ex.o
    0x0800307e   0x0800307e   0x00000002   Code   RO         3236    i.HAL_TIMEx_CommutationCallback  stm32f4xx_hal_tim_ex.o
    0x08003080   0x08003080   0x00000050   Code   RO         3252    i.HAL_TIMEx_MasterConfigSynchronization  stm32f4xx_hal_tim_ex.o
    0x080030d0   0x080030d0   0x00000036   Code   RO         1310    i.HAL_TIM_Base_Init  stm32f4xx_hal_tim.o
    0x08003106   0x08003106   0x00000002   PAD
    0x08003108   0x08003108   0x000000a4   Code   RO         4741    i.HAL_TIM_Base_MspInit  tim.o
    0x080031ac   0x080031ac   0x00000018   Code   RO         1315    i.HAL_TIM_Base_Start_IT  stm32f4xx_hal_tim.o
    0x080031c4   0x080031c4   0x000000f2   Code   RO         1319    i.HAL_TIM_ConfigClockSource  stm32f4xx_hal_tim.o
    0x080032b6   0x080032b6   0x00000002   PAD
    0x080032b8   0x080032b8   0x00000020   Code   RO         4381    i.HAL_TIM_IC_CaptureCallback  stm32f4xx_it.o
    0x080032d8   0x080032d8   0x0000011e   Code   RO         1340    i.HAL_TIM_IC_ConfigChannel  stm32f4xx_hal_tim.o
    0x080033f6   0x080033f6   0x00000036   Code   RO         1343    i.HAL_TIM_IC_Init   stm32f4xx_hal_tim.o
    0x0800342c   0x0800342c   0x00000098   Code   RO         4742    i.HAL_TIM_IC_MspInit  tim.o
    0x080034c4   0x080034c4   0x00000166   Code   RO         1352    i.HAL_TIM_IRQHandler  stm32f4xx_hal_tim.o
    0x0800362a   0x0800362a   0x00000002   PAD
    0x0800362c   0x0800362c   0x0000004c   Code   RO         4743    i.HAL_TIM_MspPostInit  tim.o
    0x08003678   0x08003678   0x00000002   Code   RO         1355    i.HAL_TIM_OC_DelayElapsedCallback  stm32f4xx_hal_tim.o
    0x0800367a   0x0800367a   0x000000d0   Code   RO         1376    i.HAL_TIM_PWM_ConfigChannel  stm32f4xx_hal_tim.o
    0x0800374a   0x0800374a   0x00000036   Code   RO         1379    i.HAL_TIM_PWM_Init  stm32f4xx_hal_tim.o
    0x08003780   0x08003780   0x00000002   Code   RO         1381    i.HAL_TIM_PWM_MspInit  stm32f4xx_hal_tim.o
    0x08003782   0x08003782   0x00000002   Code   RO         1382    i.HAL_TIM_PWM_PulseFinishedCallback  stm32f4xx_hal_tim.o
    0x08003784   0x08003784   0x000000b0   Code   RO         4382    i.HAL_TIM_PeriodElapsedCallback  stm32f4xx_it.o
    0x08003834   0x08003834   0x00000002   Code   RO         1393    i.HAL_TIM_TriggerCallback  stm32f4xx_hal_tim.o
    0x08003836   0x08003836   0x00000002   Code   RO         2273    i.HAL_UART_ErrorCallback  stm32f4xx_hal_uart.o
    0x08003838   0x08003838   0x00000110   Code   RO         2276    i.HAL_UART_IRQHandler  stm32f4xx_hal_uart.o
    0x08003948   0x08003948   0x00000062   Code   RO         2277    i.HAL_UART_Init     stm32f4xx_hal_uart.o
    0x080039aa   0x080039aa   0x00000002   PAD
    0x080039ac   0x080039ac   0x0000029c   Code   RO         4929    i.HAL_UART_MspInit  usart.o
    0x08003c48   0x08003c48   0x0000008c   Code   RO         2281    i.HAL_UART_Receive_DMA  stm32f4xx_hal_uart.o
    0x08003cd4   0x08003cd4   0x00000002   Code   RO         4383    i.HAL_UART_RxCpltCallback  stm32f4xx_it.o
    0x08003cd6   0x08003cd6   0x000000ba   Code   RO         2285    i.HAL_UART_Transmit  stm32f4xx_hal_uart.o
    0x08003d90   0x08003d90   0x00000002   Code   RO         2288    i.HAL_UART_TxCpltCallback  stm32f4xx_hal_uart.o
    0x08003d92   0x08003d92   0x00000002   PAD
    0x08003d94   0x08003d94   0x0000000c   Code   RO         4384    i.HardFault_Handler  stm32f4xx_it.o
    0x08003da0   0x08003da0   0x000000d0   Code   RO         5685    i.IMU_Get_Data      communication.o
    0x08003e70   0x08003e70   0x00000268   Code   RO         5689    i.JY901_Data_Pro    communication.o
    0x080040d8   0x080040d8   0x00000012   Code   RO         5268    i.LPF_1st           power_restriction.o
    0x080040ea   0x080040ea   0x00000002   PAD
    0x080040ec   0x080040ec   0x000001d0   Code   RO         6135    i.Led_Task          led_task.o
    0x080042bc   0x080042bc   0x00000034   Code   RO         5269    i.Limit_filter      power_restriction.o
    0x080042f0   0x080042f0   0x0000005c   Code   RO         5692    i.MPU6500_Read_Regs  communication.o
    0x0800434c   0x0800434c   0x00000058   Code   RO         4701    i.MX_ADC1_Init      adc.o
    0x080043a4   0x080043a4   0x00000044   Code   RO         4828    i.MX_CAN1_Init      can.o
    0x080043e8   0x080043e8   0x00000044   Code   RO         4829    i.MX_CAN2_Init      can.o
    0x0800442c   0x0800442c   0x0000007c   Code   RO         4904    i.MX_DMA_Init       dma.o
    0x080044a8   0x080044a8   0x000000c0   Code   RO         4311    i.MX_FREERTOS_Init  freertos.o
    0x08004568   0x08004568   0x000001e4   Code   RO         4880    i.MX_GPIO_Init      gpio.o
    0x0800474c   0x0800474c   0x00000048   Code   RO         4659    i.MX_SPI5_Init      spi.o
    0x08004794   0x08004794   0x00000044   Code   RO         4745    i.MX_TIM12_Init     tim.o
    0x080047d8   0x080047d8   0x00000054   Code   RO         4746    i.MX_TIM2_Init      tim.o
    0x0800482c   0x0800482c   0x0000002c   Code   RO         4747    i.MX_TIM3_Init      tim.o
    0x08004858   0x08004858   0x00000058   Code   RO         4748    i.MX_TIM4_Init      tim.o
    0x080048b0   0x080048b0   0x00000094   Code   RO         4749    i.MX_TIM5_Init      tim.o
    0x08004944   0x08004944   0x00000030   Code   RO         4750    i.MX_TIM6_Init      tim.o
    0x08004974   0x08004974   0x00000038   Code   RO         4932    i.MX_USART2_UART_Init  usart.o
    0x080049ac   0x080049ac   0x00000038   Code   RO         4934    i.MX_USART6_UART_Init  usart.o
    0x080049e4   0x080049e4   0x0000001c   Code   RO         5021    i.Maichong_Count    motor_use_tim.o
    0x08004a00   0x08004a00   0x00000002   Code   RO         4385    i.MemManage_Handler  stm32f4xx_it.o
    0x08004a02   0x08004a02   0x00000002   PAD
    0x08004a04   0x08004a04   0x00000104   Code   RO         6085    i.MouseKeyControlProcess  data_pro_task.o
    0x08004b08   0x08004b08   0x00000024   Code   RO         5272    i.MyTime_memset     power_restriction.o
    0x08004b2c   0x08004b2c   0x0000003c   Code   RO         5273    i.MyTime_statistics  power_restriction.o
    0x08004b68   0x08004b68   0x00000002   Code   RO         4386    i.NMI_Handler       stm32f4xx_it.o
    0x08004b6a   0x08004b6a   0x00000020   Code   RO         2524    i.NVIC_SetPriority  stm32f4xx_hal_cortex.o
    0x08004b8a   0x08004b8a   0x00000002   PAD
    0x08004b8c   0x08004b8c   0x00000058   Code   RO         5474    i.OutLine_Check     systemstate.o
    0x08004be4   0x08004be4   0x00000018   Code   RO         5170    i.PID_struct_init   pid.o
    0x08004bfc   0x08004bfc   0x00000040   Code   RO         5275    i.Power_Calculate   power_restriction.o
    0x08004c3c   0x08004c3c   0x00000190   Code   RO         5379    i.Referee_Data_Handler  protocol.o
    0x08004dcc   0x08004dcc   0x00000018   Code   RO         5475    i.RefreshDeviceOutLineTime  systemstate.o
    0x08004de4   0x08004de4   0x00000010   Code   RO         5476    i.RefreshSysTime    systemstate.o
    0x08004df4   0x08004df4   0x00000018   Code   RO         5477    i.RefreshTaskOutLineTime  systemstate.o
    0x08004e0c   0x08004e0c   0x000000e8   Code   RO         5277    i.Remain_Power_Calculate  power_restriction.o
    0x08004ef4   0x08004ef4   0x00000064   Code   RO         6086    i.RemoteControlProcess  data_pro_task.o
    0x08004f58   0x08004f58   0x00000128   Code   RO         6087    i.Remote_Data_Task  data_pro_task.o
    0x08005080   0x08005080   0x00000024   Code   RO         5698    i.Remote_Disable    communication.o
    0x080050a4   0x080050a4   0x00000020   Code   RO         3610    i.SPI_CheckFlag_BSY  stm32f4xx_hal_spi.o
    0x080050c4   0x080050c4   0x00000096   Code   RO         3626    i.SPI_WaitFlagStateUntilTimeout  stm32f4xx_hal_spi.o
    0x0800515a   0x0800515a   0x00000002   PAD
    0x0800515c   0x0800515c   0x00000034   Code   RO         5975    i.Speed_Decide      chassis_task.o
    0x08005190   0x08005190   0x00000008   Code   RO         4312    i.StartDefaultTask  freertos.o
    0x08005198   0x08005198   0x00000004   Code   RO         4387    i.SysTick_Handler   stm32f4xx_it.o
    0x0800519c   0x0800519c   0x000000a0   Code   RO         4165    i.SystemClock_Config  main.o
    0x0800523c   0x0800523c   0x00000054   Code   RO           14    i.SystemInit        system_stm32f4xx.o
    0x08005290   0x08005290   0x0000001c   Code   RO         5478    i.SystemState_Inite  systemstate.o
    0x080052ac   0x080052ac   0x0000000c   Code   RO         4388    i.TIM1_UP_TIM10_IRQHandler  stm32f4xx_it.o
    0x080052b8   0x080052b8   0x0000000c   Code   RO         4389    i.TIM2_IRQHandler   stm32f4xx_it.o
    0x080052c4   0x080052c4   0x0000000c   Code   RO         4390    i.TIM3_IRQHandler   stm32f4xx_it.o
    0x080052d0   0x080052d0   0x0000000c   Code   RO         4391    i.TIM4_IRQHandler   stm32f4xx_it.o
    0x080052dc   0x080052dc   0x0000000c   Code   RO         4392    i.TIM6_DAC_IRQHandler  stm32f4xx_it.o
    0x080052e8   0x080052e8   0x0000000c   Code   RO         4393    i.TIM8_BRK_TIM12_IRQHandler  stm32f4xx_it.o
    0x080052f4   0x080052f4   0x000000c0   Code   RO         1394    i.TIM_Base_SetConfig  stm32f4xx_hal_tim.o
    0x080053b4   0x080053b4   0x00000014   Code   RO         1401    i.TIM_ETR_SetConfig  stm32f4xx_hal_tim.o
    0x080053c8   0x080053c8   0x00000010   Code   RO         1402    i.TIM_ITRx_SetConfig  stm32f4xx_hal_tim.o
    0x080053d8   0x080053d8   0x00000058   Code   RO         1403    i.TIM_OC1_SetConfig  stm32f4xx_hal_tim.o
    0x08005430   0x08005430   0x00000064   Code   RO         1404    i.TIM_OC2_SetConfig  stm32f4xx_hal_tim.o
    0x08005494   0x08005494   0x00000060   Code   RO         1405    i.TIM_OC3_SetConfig  stm32f4xx_hal_tim.o
    0x080054f4   0x080054f4   0x00000050   Code   RO         1406    i.TIM_OC4_SetConfig  stm32f4xx_hal_tim.o
    0x08005544   0x08005544   0x00000022   Code   RO         1408    i.TIM_TI1_ConfigInputStage  stm32f4xx_hal_tim.o
    0x08005566   0x08005566   0x00000002   PAD
    0x08005568   0x08005568   0x00000084   Code   RO         1409    i.TIM_TI1_SetConfig  stm32f4xx_hal_tim.o
    0x080055ec   0x080055ec   0x00000024   Code   RO         1410    i.TIM_TI2_ConfigInputStage  stm32f4xx_hal_tim.o
    0x08005610   0x08005610   0x00000036   Code   RO         1411    i.TIM_TI2_SetConfig  stm32f4xx_hal_tim.o
    0x08005646   0x08005646   0x00000002   PAD
    0x08005648   0x08005648   0x00000060   Code   RO         4394    i.UART8_IRQHandler  stm32f4xx_it.o
    0x080056a8   0x080056a8   0x00000010   Code   RO         2290    i.UART_DMAAbortOnError  stm32f4xx_hal_uart.o
    0x080056b8   0x080056b8   0x0000004a   Code   RO         2291    i.UART_DMAError     stm32f4xx_hal_uart.o
    0x08005702   0x08005702   0x0000003c   Code   RO         2292    i.UART_DMAReceiveCplt  stm32f4xx_hal_uart.o
    0x0800573e   0x0800573e   0x0000001c   Code   RO         2295    i.UART_EndRxTransfer  stm32f4xx_hal_uart.o
    0x0800575a   0x0800575a   0x00000012   Code   RO         2296    i.UART_EndTxTransfer  stm32f4xx_hal_uart.o
    0x0800576c   0x0800576c   0x0000008c   Code   RO         2297    i.UART_Receive_IT   stm32f4xx_hal_uart.o
    0x080057f8   0x080057f8   0x000002ac   Code   RO         2298    i.UART_SetConfig    stm32f4xx_hal_uart.o
    0x08005aa4   0x08005aa4   0x00000062   Code   RO         2299    i.UART_Transmit_IT  stm32f4xx_hal_uart.o
    0x08005b06   0x08005b06   0x00000064   Code   RO         2300    i.UART_WaitOnFlagUntilTimeout  stm32f4xx_hal_uart.o
    0x08005b6a   0x08005b6a   0x00000002   PAD
    0x08005b6c   0x08005b6c   0x00000080   Code   RO         4395    i.USART1_IRQHandler  stm32f4xx_it.o
    0x08005bec   0x08005bec   0x00000080   Code   RO         4396    i.USART2_IRQHandler  stm32f4xx_it.o
    0x08005c6c   0x08005c6c   0x00000002   Code   RO         4397    i.USART3_IRQHandler  stm32f4xx_it.o
    0x08005c6e   0x08005c6e   0x00000002   PAD
    0x08005c70   0x08005c70   0x00000064   Code   RO         4398    i.USART6_IRQHandler  stm32f4xx_it.o
    0x08005cd4   0x08005cd4   0x00000002   Code   RO         4399    i.UsageFault_Handler  stm32f4xx_it.o
    0x08005cd6   0x08005cd6   0x00000002   PAD
    0x08005cd8   0x08005cd8   0x00000028   Code   RO         5278    i.Window_sliding_filter  power_restriction.o
    0x08005d00   0x08005d00   0x00000020   Code   RO         6484    i.__0printf         mc_w.l(printfa.o)
    0x08005d20   0x08005d20   0x0000000e   Code   RO         6623    i.__scatterload_copy  mc_w.l(handlers.o)
    0x08005d2e   0x08005d2e   0x00000002   Code   RO         6624    i.__scatterload_null  mc_w.l(handlers.o)
    0x08005d30   0x08005d30   0x0000000e   Code   RO         6625    i.__scatterload_zeroinit  mc_w.l(handlers.o)
    0x08005d3e   0x08005d3e   0x00000002   PAD
    0x08005d40   0x08005d40   0x00000184   Code   RO         6491    i._fp_digits        mc_w.l(printfa.o)
    0x08005ec4   0x08005ec4   0x000006dc   Code   RO         6492    i._printf_core      mc_w.l(printfa.o)
    0x080065a0   0x080065a0   0x00000024   Code   RO         6493    i._printf_post_padding  mc_w.l(printfa.o)
    0x080065c4   0x080065c4   0x0000002e   Code   RO         6494    i._printf_pre_padding  mc_w.l(printfa.o)
    0x080065f2   0x080065f2   0x00000002   PAD
    0x080065f4   0x080065f4   0x0000007c   Code   RO         5976    i.attack_flag_Decide  chassis_task.o
    0x08006670   0x08006670   0x000000a0   Code   RO         5977    i.auto_collimation  chassis_task.o
    0x08006710   0x08006710   0x0000004e   Code   RO         5554    i.first_order_filter_cali  user_lib.o
    0x0800675e   0x0800675e   0x00000012   Code   RO         5555    i.first_order_filter_init  user_lib.o
    0x08006770   0x08006770   0x00000018   Code   RO         4937    i.fputc             usart.o
    0x08006788   0x08006788   0x0000002c   Code   RO         5383    i.get_crc16_check_sum  protocol.o
    0x080067b4   0x080067b4   0x00000020   Code   RO         5384    i.get_crc8_check_sum  protocol.o
    0x080067d4   0x080067d4   0x00000048   Code   RO         5085    i.get_moto_measure_3508  motor_use_can.o
    0x0800681c   0x0800681c   0x0000000c   Code   RO         5086    i.get_moto_offset   motor_use_can.o
    0x08006828   0x08006828   0x000000b4   Code   RO         5978    i.gong_ji           chassis_task.o
    0x080068dc   0x080068dc   0x0000000c   Code   RO         5979    i.hard_brak         chassis_task.o
    0x080068e8   0x080068e8   0x00000048   Code   RO         4166    i.main              main.o
    0x08006930   0x08006930   0x0000000c   Code   RO          166    i.makeFreeRtosPriority  cmsis_os.o
    0x0800693c   0x0800693c   0x0000000e   Code   RO          167    i.osDelay           cmsis_os.o
    0x0800694a   0x0800694a   0x0000000e   Code   RO          168    i.osDelayUntil      cmsis_os.o
    0x08006958   0x08006958   0x0000000a   Code   RO          170    i.osKernelStart     cmsis_os.o
    0x08006962   0x08006962   0x00000014   Code   RO          199    i.osSystickHandler  cmsis_os.o
    0x08006976   0x08006976   0x00000038   Code   RO          200    i.osThreadCreate    cmsis_os.o
    0x080069ae   0x080069ae   0x00000002   PAD
    0x080069b0   0x080069b0   0x00000210   Code   RO         5171    i.pid_calc          pid.o
    0x08006bc0   0x08006bc0   0x0000000e   Code   RO         5172    i.pid_param_init    pid.o
    0x08006bce   0x08006bce   0x00000006   Code   RO         5173    i.pid_reset         pid.o
    0x08006bd4   0x08006bd4   0x00000120   Code   RO         5279    i.power_limit       power_restriction.o
    0x08006cf4   0x08006cf4   0x00000034   Code   RO          528    i.prvAddCurrentTaskToDelayedList  tasks.o
    0x08006d28   0x08006d28   0x00000054   Code   RO          529    i.prvCheckTasksWaitingTermination  tasks.o
    0x08006d7c   0x08006d7c   0x0000004c   Code   RO         1017    i.prvHeapInit       heap_4.o
    0x08006dc8   0x08006dc8   0x00000028   Code   RO          530    i.prvIdleTask       tasks.o
    0x08006df0   0x08006df0   0x0000004c   Code   RO         1018    i.prvInsertBlockIntoFreeList  heap_4.o
    0x08006e3c   0x08006e3c   0x00000020   Code   RO          532    i.prvResetNextTaskUnblockTime  tasks.o
    0x08006e5c   0x08006e5c   0x00000028   Code   RO         1201    i.prvTaskExitError  port.o
    0x08006e84   0x08006e84   0x000000d8   Code   RO         1019    i.pvPortMalloc      heap_4.o
    0x08006f5c   0x08006f5c   0x00000028   Code   RO         1202    i.pxPortInitialiseStack  port.o
    0x08006f84   0x08006f84   0x00000094   Code   RO         5980    i.random_figure     chassis_task.o
    0x08007018   0x08007018   0x00000038   Code   RO         4167    i.testTask          main.o
    0x08007050   0x08007050   0x00000024   Code   RO         1164    i.uxListRemove      list.o
    0x08007074   0x08007074   0x00000016   Code   RO         1165    i.vListInitialise   list.o
    0x0800708a   0x0800708a   0x00000006   Code   RO         1166    i.vListInitialiseItem  list.o
    0x08007090   0x08007090   0x00000030   Code   RO         1167    i.vListInsert       list.o
    0x080070c0   0x080070c0   0x00000018   Code   RO         1168    i.vListInsertEnd    list.o
    0x080070d8   0x080070d8   0x0000001c   Code   RO         5480    i.vOutLineCheck_Task  systemstate.o
    0x080070f4   0x080070f4   0x00000040   Code   RO         1204    i.vPortEnterCritical  port.o
    0x08007134   0x08007134   0x00000028   Code   RO         1205    i.vPortExitCritical  port.o
    0x0800715c   0x0800715c   0x0000005c   Code   RO         1020    i.vPortFree         heap_4.o
    0x080071b8   0x080071b8   0x00000020   Code   RO         1206    i.vPortSetupTimerInterrupt  port.o
    0x080071d8   0x080071d8   0x00000054   Code   RO         1207    i.vPortValidateInterruptPriority  port.o
    0x0800722c   0x0800722c   0x00000068   Code   RO          543    i.vTaskDelay        tasks.o
    0x08007294   0x08007294   0x000000a8   Code   RO          544    i.vTaskDelayUntil   tasks.o
    0x0800733c   0x0800733c   0x000000b4   Code   RO          550    i.vTaskNotifyGiveFromISR  tasks.o
    0x080073f0   0x080073f0   0x0000006c   Code   RO          558    i.vTaskStartScheduler  tasks.o
    0x0800745c   0x0800745c   0x00000010   Code   RO          560    i.vTaskSuspendAll   tasks.o
    0x0800746c   0x0800746c   0x0000007c   Code   RO          561    i.vTaskSwitchContext  tasks.o
    0x080074e8   0x080074e8   0x0000003c   Code   RO         5386    i.verify_crc16_check_sum  protocol.o
    0x08007524   0x08007524   0x0000002a   Code   RO         5387    i.verify_crc8_check_sum  protocol.o
    0x0800754e   0x0800754e   0x00000002   PAD
    0x08007550   0x08007550   0x000000e0   Code   RO         1208    i.xPortStartScheduler  port.o
    0x08007630   0x08007630   0x0000002c   Code   RO         1209    i.xPortSysTickHandler  port.o
    0x0800765c   0x0800765c   0x000001c0   Code   RO          563    i.xTaskGenericCreate  tasks.o
    0x0800781c   0x0800781c   0x0000001c   Code   RO          567    i.xTaskGetSchedulerState  tasks.o
    0x08007838   0x08007838   0x0000000c   Code   RO          568    i.xTaskGetTickCount  tasks.o
    0x08007844   0x08007844   0x000000cc   Code   RO          570    i.xTaskIncrementTick  tasks.o
    0x08007910   0x08007910   0x000000c4   Code   RO          576    i.xTaskResumeAll    tasks.o
    0x080079d4   0x080079d4   0x0000007c   Code   RO         5981    i.xun_luo           chassis_task.o
    0x08007a50   0x08007a50   0x00000010   Data   RO         3144    .constdata          stm32f4xx_hal_rcc.o
    0x08007a60   0x08007a60   0x00000008   Data   RO         3489    .constdata          stm32f4xx_hal_dma.o
    0x08007a68   0x08007a68   0x000000a0   Data   RO         4313    .constdata          freertos.o
    0x08007b08   0x08007b08   0x00000316   Data   RO         5390    .constdata          protocol.o
    0x08007e1e   0x08007e1e   0x00000002   PAD
    0x08007e20   0x08007e20   0x00000004   Data   RO         5986    .constdata          chassis_task.o
    0x08007e24   0x08007e24   0x00000054   Data   RO         4314    .conststring        freertos.o
    0x08007e78   0x08007e78   0x00000020   Data   RO         6621    Region$$Table       anon$$obj.o


    Execution Region RW_IRAM1 (Exec base: 0x20000000, Load base: 0x08007e98, Size: 0x000050f0, Max: 0x00030000, ABSOLUTE, COMPRESSED[0x00000028])

    Exec Addr    Load Addr    Size         Type   Attr      Idx    E Section Name        Object

    0x20000000   COMPRESSED   0x00000004   Data   RW           16    .data               system_stm32f4xx.o
    0x20000004   COMPRESSED   0x00000040   Data   RW          579    .data               tasks.o
    0x20000044   COMPRESSED   0x00000018   Data   RW         1025    .data               heap_4.o
    0x2000005c   COMPRESSED   0x0000000c   Data   RW         1210    .data               port.o
    0x20000068   COMPRESSED   0x00000004   Data   RW         2756    .data               stm32f4xx_hal.o
    0x2000006c   COMPRESSED   0x00000004   Data   RW         4174    .data               main.o
    0x20000070   COMPRESSED   0x00000020   Data   RW         4315    .data               freertos.o
    0x20000090   COMPRESSED   0x00000004   Data   RW         4318    .data               freertos.o
    0x20000094   COMPRESSED   0x00000010   Data   RW         4400    .data               stm32f4xx_it.o
    0x200000a4   COMPRESSED   0x00000004   PAD
    0x200000a8   COMPRESSED   0x00000008   Data   RW         4610    .data               bsp.o
    0x200000b0   COMPRESSED   0x00000004   Data   RW         4831    .data               can.o
    0x200000b4   COMPRESSED   0x00000004   Data   RW         5024    .data               motor_use_tim.o
    0x200000b8   COMPRESSED   0x00000030   Data   RW         5283    .data               power_restriction.o
    0x200000e8   COMPRESSED   0x00000008   Data   RW         5391    .data               protocol.o
    0x200000f0   COMPRESSED   0x00000002   Data   RW         5484    .data               systemstate.o
    0x200000f2   COMPRESSED   0x00000002   PAD
    0x200000f4   COMPRESSED   0x0000003a   Data   RW         5703    .data               communication.o
    0x2000012e   COMPRESSED   0x00000002   Data   RW         5705    .data               communication.o
    0x20000130   COMPRESSED   0x00000002   Data   RW         5706    .data               communication.o
    0x20000132   COMPRESSED   0x00000002   PAD
    0x20000134   COMPRESSED   0x0000006d   Data   RW         5987    .data               chassis_task.o
    0x200001a1   COMPRESSED   0x00000001   PAD
    0x200001a2   COMPRESSED   0x0000000a   Data   RW         6088    .data               data_pro_task.o
    0x200001ac   COMPRESSED   0x00000008   Data   RW         6181    .data               gun_task.o
    0x200001b4   COMPRESSED   0x00000004   Data   RW         6239    .data               mc_w.l(rand.o)
    0x200001b8   COMPRESSED   0x00000004   Data   RW         6588    .data               mc_w.l(stdout.o)
    0x200001bc        -       0x000000f0   Zero   RW          578    .bss                tasks.o
    0x200002ac        -       0x00003c00   Zero   RW         1024    .bss                heap_4.o
    0x20003eac        -       0x0000003c   Zero   RW         2754    .bss                stm32f4xx_hal.o
    0x20003ee8        -       0x0000000c   Zero   RW         4168    .bss                main.o
    0x20003ef4        -       0x00000058   Zero   RW         4660    .bss                spi.o
    0x20003f4c        -       0x000000a8   Zero   RW         4702    .bss                adc.o
    0x20003ff4        -       0x00000168   Zero   RW         4751    .bss                tim.o
    0x2000415c        -       0x00000100   Zero   RW         4830    .bss                can.o
    0x2000425c        -       0x000002c0   Zero   RW         4939    .bss                usart.o
    0x2000451c        -       0x00000078   Zero   RW         5088    .bss                motor_use_can.o
    0x20004594        -       0x0000003c   Zero   RW         5089    .bss                motor_use_can.o
    0x200045d0        -       0x00000054   Zero   RW         5092    .bss                motor_use_can.o
    0x20004624   COMPRESSED   0x00000004   PAD
    0x20004628        -       0x00000088   Zero   RW         5281    .bss                power_restriction.o
    0x200046b0        -       0x00000048   Zero   RW         5388    .bss                protocol.o
    0x200046f8        -       0x00000044   Zero   RW         5481    .bss                systemstate.o
    0x2000473c        -       0x00000014   Zero   RW         5482    .bss                systemstate.o
    0x20004750        -       0x00000168   Zero   RW         5700    .bss                communication.o
    0x200048b8        -       0x000000c8   Zero   RW         5701    .bss                communication.o
    0x20004980        -       0x00000010   Zero   RW         5982    .bss                chassis_task.o
    0x20004990        -       0x00000220   Zero   RW         5983    .bss                chassis_task.o
    0x20004bb0        -       0x00000014   Zero   RW         6136    .bss                led_task.o
    0x20004bc4        -       0x00000014   Zero   RW         6137    .bss                led_task.o
    0x20004bd8        -       0x00000118   Zero   RW         6178    .bss                gun_task.o
    0x20004cf0        -       0x00000400   Zero   RW            1    STACK               startup_stm32f427xx.o


==============================================================================

Image component sizes


      Code (inc. data)   RO Data    RW Data    ZI Data      Debug   Object Name

       212         34          0          0        168       1695   adc.o
       228         38          0          8          0       1887   bsp.o
       408         46          0          4        256       3063   can.o
      1544        196          4        109        560      11913   chassis_task.o
       126          0          0          0          0      24419   cmsis_os.o
       952         66          0         62        560      13278   communication.o
       656         62          0         10          0       2560   data_pro_task.o
       124          4          0          0          0        826   dma.o
       200          8        244         36          0       6936   freertos.o
       484         38          0          0          0       1283   gpio.o
       584         62          0          8        280       4277   gun_task.o
       460         24          0         24      15360       7227   heap_4.o
       860        322          0          0         40       2995   led_task.o
       136          0          0          0          0       3550   list.o
       290         34          0          4         12      17969   main.o
       290         16          0          0        264       6061   motor_use_can.o
        28          4          0          4          0       2811   motor_use_tim.o
       614         22          0          0          0       5480   pid.o
       754         84          0         12          0       9305   port.o
       962        116          0         48        136       8134   power_restriction.o
       578         36        790          8         72      10117   protocol.o
       148         22          0          0         88       1601   spi.o
        36          8        428          0       1024        832   startup_stm32f427xx.o
       218         32          0          4         60       4522   stm32f4xx_hal.o
      1120         48          0          0          0       7253   stm32f4xx_hal_adc.o
      1458         24          0          0          0       5923   stm32f4xx_hal_can.o
       218         14          0          0          0      31045   stm32f4xx_hal_cortex.o
      1022         22          8          0          0       7366   stm32f4xx_hal_dma.o
       504         58          0          0          0       4337   stm32f4xx_hal_gpio.o
        94          0          0          0          0       1763   stm32f4xx_hal_iwdg.o
        88          0          0          0          0        526   stm32f4xx_hal_msp.o
      1408         90         16          0          0       6580   stm32f4xx_hal_rcc.o
       782          0          0          0          0       4425   stm32f4xx_hal_spi.o
      2136        108          0          0          0      17912   stm32f4xx_hal_tim.o
        84          0          0          0          0       2422   stm32f4xx_hal_tim_ex.o
      1918         24          0          0          0      11700   stm32f4xx_hal_uart.o
      1084        226          0         16          0      17602   stm32f4xx_it.o
        84         18          0          4          0     375161   system_stm32f4xx.o
       284         50          0          2         88       5810   systemstate.o
      1796        146          0         64        240      27530   tasks.o
       872         98          0          0        360       6104   tim.o
         0          0          0          0          0       8348   timers.o
       804         80          0          0        704       3871   usart.o
        96          0          0          0          0       2468   user_lib.o

    ----------------------------------------------------------------------
     26798       2280       1524        436      20276     700887   Object Totals
         0          0         32          0          0          0   (incl. Generated)
        54          0          2          9          4          0   (incl. Padding)

    ----------------------------------------------------------------------

      Code (inc. data)   RO Data    RW Data    ZI Data      Debug   Library Member Name

        58          0          0          0          0          0   __dczerorl.o
         0          0          0          0          0          0   entry.o
         0          0          0          0          0          0   entry10a.o
         0          0          0          0          0          0   entry11a.o
         8          4          0          0          0          0   entry2.o
         4          0          0          0          0          0   entry5.o
         0          0          0          0          0          0   entry7b.o
         0          0          0          0          0          0   entry8b.o
         8          4          0          0          0          0   entry9a.o
        30          0          0          0          0          0   handlers.o
        36          8          0          0          0         68   init.o
         0          0          0          0          0          0   iusefp.o
        30          0          0          0          0         68   llshl.o
        36          0          0          0          0         68   llsshr.o
        32          0          0          0          0         68   llushr.o
        36          0          0          0          0         68   memcpya.o
        36          0          0          0          0        108   memseta.o
      2258         90          0          0          0        452   printfa.o
        36         10          0          4          0        136   rand.o
         0          0          0          4          0          0   stdout.o
        44          0          0          0          0         80   uidiv.o
        98          0          0          0          0         92   uldiv.o
        48          0          0          0          0         68   cdrcmple.o
        56          0          0          0          0         88   d2f.o
       334          0          0          0          0        148   dadd.o
       222          0          0          0          0        100   ddiv.o
       186          0          0          0          0        176   depilogue.o
        48          0          0          0          0         68   dfixul.o
        34          0          0          0          0         76   dflti.o
        26          0          0          0          0         76   dfltui.o
       228          0          0          0          0         96   dmul.o
        38          0          0          0          0         68   f2d.o
       110          0          0          0          0        168   fepilogue.o

    ----------------------------------------------------------------------
      4086        116          0          8          0       2340   Library Totals
         6          0          0          0          0          0   (incl. Padding)

    ----------------------------------------------------------------------

      Code (inc. data)   RO Data    RW Data    ZI Data      Debug   Library Name

      2750        116          0          8          0       1208   mc_w.l
      1330          0          0          0          0       1132   mf_w.l

    ----------------------------------------------------------------------
      4086        116          0          8          0       2340   Library Totals

    ----------------------------------------------------------------------

==============================================================================


      Code (inc. data)   RO Data    RW Data    ZI Data      Debug   

     30884       2396       1524        444      20276     678515   Grand Totals
     30884       2396       1524         40      20276     678515   ELF Image Totals (compressed)
     30884       2396       1524         40          0          0   ROM Totals

==============================================================================

    Total RO  Size (Code + RO Data)                32408 (  31.65kB)
    Total RW  Size (RW Data + ZI Data)             20720 (  20.23kB)
    Total ROM Size (Code + RO Data + RW Data)      32448 (  31.69kB)

==============================================================================

